04-27 18:46:22.711  1760  2145 I DisplayDeviceRepository: Display device changed: DisplayDeviceInfo{"Tela integrada": uniqueId="local:4630947043778501762", 1080 x 2400, modeId 2, renderFrameRate 72.00001, defaultModeId 1, supportedModes [{id=1, width=1080, height=2400, fps=60.000004, alternativeRefreshRates=[48.000004, 90.0, 120.00001, 144.00002], supportedHdrTypes=[2, 3, 4]}, {id=2, width=1080, height=2400, fps=144.00002, alternativeRefreshRates=[48.000004, 60.000004, 90.0, 120.00001], supportedHdrTypes=[2, 3, 4]}, {id=3, width=1080, height=2400, fps=120.00001, alternativeRefreshRates=[48.000004, 60.000004, 90.0, 144.00002], supportedHdrTypes=[2, 3, 4]}, {id=4, width=1080, height=2400, fps=90.0, alternativeRefreshRates=[48.000004, 60.000004, 120.00001, 144.00002], supportedHdrTypes=[2, 3, 4]}, {id=5, width=1080, height=2400, fps=48.000004, alternativeRefreshRates=[60.000004, 90.0, 120.00001, 144.00002], supportedHdrTypes=[2, 3, 4]}], supportedReadyForModes [], colorMode 0, supportedColorModes [0, 7, 9], hdrCapabilities HdrCapabilities{mSupportedHdrTypes=[2, 3, 4], mMaxLuminance=500.0, mMaxAverageLuminance=250.005, mMinLuminance=0.01}, allmSupported false, gameContentTypeSupported false, density 400, 403.411 x 401.052 dpi, appVsyncOff 1000000, presDeadline 11944444, cutout DisplayCutout{insets=Rect(0, 105 - 0, 0) waterfall=Insets{left=0, top=0, right=0, bottom=0} boundingRect={Bounds=[Rect(0, 0 - 0, 0), Rect(505, 0 - 575, 105), Rect(0, 0 - 0, 0), Rect(0, 0 - 0, 0)]} cutoutPathParserInfo={CutoutPathParserInfo{displayWidth=1080 displayHeight=2400 physicalDisplayWidth=1080 physicalDisplayHeight=2400 density={2.5} cutoutSpec={M -35,0 L 35,0 L 35,105 L -35,105 Z} rotation={0} scale={1.0} physicalPixelDisplaySizeRatio={1.0}}}}, touch INTERNAL, rotation 0, type INTERNAL, address {port=130, model=0x40446dccee101c}, deviceProductInfo DeviceProductInfo{name=, manufacturerPnpId=QCM, productId=1, modelYear=null, manufactureDate=ManufactureDate{week=27, year=2006}, connectionToSinkType=0}, state ON, committedState ON, frameRateOverride , brightnessMinimum 0.0, brightnessMaximum 1.0, brightnessDefault 0.38188976, hdrSdrRatio 1.0, roundedCorners RoundedCorners{[RoundedCorner{position=TopLeft, radius=95, center=Point(95, 95)}, RoundedCorner{position=TopRight, radius=95, center=Point(985, 95)}, RoundedCorner{position=BottomRight, radius=95, center=Point(985, 2305)}, RoundedCorner{position=BottomLeft, radius=95, center=Point(95, 2305)}]}, FLAG_ALLOWED_TO_BE_DEFAULT_DISPLAY, FLAG_ROTATES_WITH_CONTENT, FLAG_SECURE, FLAG_SUPPORTS_PROTECTED_BUFFERS, FLAG_TRUSTED, installOrientation 0, displayShape DisplayShape{ spec=-1893857183 displayWidth=1080 displayHeight=2400 physicalPixelDisplaySizeRatio=1.0 rotation=0 offsetX=0 offsetY=0 scale=1.0}}
04-27 18:46:22.712  1760  2145 D DisplayManagerService: Ignore redundant display event 0/2 to 10413/4282
04-27 18:46:22.712  1760  2145 D DisplayManagerService: Ignore redundant display event 0/2 to 10345/8033
04-27 18:46:22.712  1760  2145 D DisplayManagerService: Ignore redundant display event 0/2 to 10257/12573
04-27 18:46:22.712  1760  2145 D DisplayManagerService: Ignore redundant display event 0/2 to 10434/13682
04-27 18:46:22.712  1760  2145 D DisplayManagerService: Ignore redundant display event 0/2 to 10315/13712
04-27 18:46:22.712  1760  2145 D DisplayManagerService: Ignore redundant display event 0/2 to 10411/17335
04-27 18:46:22.746  1760  3080 V SensorOverlays: enableUdfpsHbm fpsRefreshRateRequestCallback=android.hardware.fingerprint.IUdfpsRefreshRateRequestCallback$Stub$Proxy@d0d243b
04-27 18:46:22.768  1760  1760 D BiometricStateCallback: onClientStateChanged client={[98] com.android.server.biometrics.sensors.fingerprint.hidl.FingerprintAuthenticationClient, proto=3, owner=com.android.systemui, cookie=0, requestId=44, userId=0} newState=1
04-27 18:46:22.768  1760  1760 D BiometricScheduler/Fingerprint21: [StateChanged] {[98] com.android.server.biometrics.sensors.fingerprint.hidl.FingerprintAuthenticationClient, proto=3, owner=com.android.systemui, cookie=0, requestId=44, userId=0}, state: 1
04-27 18:46:22.768  1760  1760 D BiometricUtils: notifyPerfHint durationMs=2000
04-27 18:46:22.768  1760  1760 D BiometricLogger: disableDisplayColorMatrix disable=true
04-27 18:46:22.768  1760  1760 D DisplayTransformManager: Not to set saturation color while on FOD authenticating
04-27 18:46:22.768  1760  1760 D DisplayTransformManager: Not to set night display while on FOD authenticating
04-27 18:46:22.768  1760  1760 D DisplayTransformManager: Not to set saturation color while on FOD authenticating
04-27 18:46:22.768  1760  1760 D DisplayTransformManager: Not to set night display while on FOD authenticating
04-27 18:46:22.768  1760  1760 D DisplayTransformManager: Not to set saturation color while on FOD authenticating
04-27 18:46:22.768  1760  1760 D DisplayTransformManager: Not to reduce bright while on FOD authenticating
04-27 18:46:22.769  1760  1760 V ALSProbe: Enable ALS: 4495192
04-27 18:46:22.780  1760  1760 V UdfpsHelper: onFingerDown | failed to cast the HIDL to V2_3
04-27 18:46:22.956  1760  1760 V Biometrics/AcquisitionClient: Acquired: 0 0, shouldSend: true
04-27 18:46:22.956  1760  1760 V PowerManager: userActivity when=28500098 event=2 flags=0 displayId=0 by (android) callers=com.android.server.biometrics.sensors.AcquisitionClient.notifyUserActivity:208 com.android.server.biometrics.sensors.AcquisitionClient.onAcquiredInternal:193 com.android.server.biometrics.sensors.AcquisitionClient.onAcquired:179 
04-27 18:46:22.956  1760  1760 V BiometricLogger: Authentication latency: -1
04-27 18:46:22.956  1760  1760 W BiometricFrameworkStatsLogger: found a negative latency : -1
04-27 18:46:22.956  1760  1760 V Biometrics/AuthenticationClient: onAuthenticated(true), ID:1783292518, Owner: com.android.systemui, isBP: false, listener: com.android.server.biometrics.sensors.ClientMonitorCallbackConverter@8b91996, requireConfirmation: false, mOperationId: 0, user: 0, clientMonitor: {[98] com.android.server.biometrics.sensors.fingerprint.hidl.FingerprintAuthenticationClient, proto=3, owner=com.android.systemui, cookie=0, requestId=44, userId=0}, displayId: 0
04-27 18:46:22.957  1760  1760 W Biometrics/AuthenticationClient: Allowing background authentication, this is allowed only for platform or test invocations
04-27 18:46:22.957  1760  1760 D BaseClientMonitor: marking operation as done: {[98] com.android.server.biometrics.sensors.fingerprint.hidl.FingerprintAuthenticationClient, proto=3, owner=com.android.systemui, cookie=0, requestId=44, userId=0}
04-27 18:46:22.957  1760  1760 D BiometricService: resetLockout from: 0, for: 1008, userId: 0
04-27 18:46:22.962  1760  1760 D Biometrics/AuthenticationClient: Error adding auth token : 0
04-27 18:46:22.962  1760  1760 D BiometricStateCallback: Client finished, state updated to 0, client {[98] com.android.server.biometrics.sensors.fingerprint.hidl.FingerprintAuthenticationClient, proto=3, owner=com.android.systemui, cookie=0, requestId=44, userId=0}
04-27 18:46:22.962  3018  3212 V FingerprintManager: onAuthenticationSucceeded
04-27 18:46:22.962  1760  1760 D BiometricSchedulerOperation: [Finished / destroy]: {[98] com.android.server.biometrics.sensors.fingerprint.hidl.FingerprintAuthenticationClient, proto=3, owner=com.android.systemui, cookie=0, requestId=44, userId=0}
04-27 18:46:22.962  1760  2143 D BiometricUtils: isEncrypted: false isLockdown: false
04-27 18:46:22.962  1760  1760 D BiometricLogger: disableDisplayColorMatrix disable=false
04-27 18:46:22.962  1760  1760 D DisplayTransformManager: Not to set night display while on FOD authenticating
04-27 18:46:22.962  1760  1760 D DisplayTransformManager: Not to reduce bright while on FOD authenticating
04-27 18:46:22.962  1760  1760 D DisplayTransformManager: Not to reduce bright while on FOD authenticating
04-27 18:46:22.962  1760  2143 D WindowManager: applyUdfpsZeroTapConditions udfpsStateChanged=true isKeyguardAuthState=false isUdfpsActivated=true isAmbientDisplayAvailable=1 isDozeEnabled=true enable=false
04-27 18:46:22.962  1760  2143 D TouchHwService: enableTapWake mode=16 mGestureStowMode=true
04-27 18:46:22.963  3018  3018 V FingerprintManager: handleMessage:succeed
04-27 18:46:22.963  1760  1760 V ALSProbe: Disable ALS: 4495192
04-27 18:46:22.963  1760  2142 D TouchHwService: setGestureModeHal done mode=16 newMode=16 result=0
04-27 18:46:22.964  1760  1760 D BiometricStateCallback: onClientStateChanged client={[98] com.android.server.biometrics.sensors.fingerprint.hidl.FingerprintAuthenticationClient, proto=3, owner=com.android.systemui, cookie=0, requestId=44, userId=0} newState=4
04-27 18:46:22.964  1760  1760 D BiometricScheduler/Fingerprint21: [StateChanged] {[98] com.android.server.biometrics.sensors.fingerprint.hidl.FingerprintAuthenticationClient, proto=3, owner=com.android.systemui, cookie=0, requestId=44, userId=0}, state: 4
04-27 18:46:22.965  3018  3018 V TrustManager: unlockedByBiometricForUser userId=0 source=FINGERPRINT callers=com.android.keyguard.KeyguardUpdateMonitor.onFingerprintAuthenticated:37 com.android.keyguard.KeyguardUpdateMonitor.handleFingerprintAuthenticated:86 com.android.keyguard.KeyguardUpdateMonitor$13.onAuthenticationSucceeded:325 android.hardware.fingerprint.FingerprintManager.sendAuthenticatedSucceeded:1582 android.hardware.fingerprint.FingerprintManager.-$$Nest$msendAuthenticatedSucceeded:0 
04-27 18:46:22.967  1760  1760 W MotoFaceProvider: Ignoring lockout reset, no templates enrolled for user: 0
04-27 18:46:22.967  1760  1760 D BiometricScheduler/Fingerprint21: [Finishing] {[98] com.android.server.biometrics.sensors.fingerprint.hidl.FingerprintAuthenticationClient, proto=3, owner=com.android.systemui, cookie=0, requestId=44, userId=0}, success: true
04-27 18:46:22.967  1760  1760 D GestureAvailabilityTracker: Notifying gesture availability, active=true
04-27 18:46:22.967  1760  1760 D BiometricScheduler/Fingerprint21: No operations, returning to idle
04-27 18:46:22.968  1760  1760 D TrustManagerService: refreshDeviceLockedForUser(userId=0, unlockedUser=-10000), secure=true, showingKeyguard=true, trusted=false, biometricAuthenticated=true, currentUserIsUnlocked=false, deviceLocked=false
04-27 18:46:22.968  1760  1760 D BiometricService: Sensor ID(1008), oemStrength: 4095, updatedStrength: 4095, modality 8, state: 0, cookie: 0, sensorId 1008, hasEnrollments: false cannot participate in Keystore operations
04-27 18:46:22.969   784 18322 I keystore2: system/security/keystore2/src/authorization.rs:143 - on_lock_screen_event(r#UNLOCK, user_id=0, password.is_some()=false, unlocking_sids=Some([-5147086202582368927]))
04-27 18:46:22.972  3018  3018 V PowerManager: userActivity when=28500111 event=0 flags=0 displayId=0 by (com.android.systemui) callers=android.os.PowerManager.userActivity:1464 com.android.systemui.keyguard.KeyguardViewMediator.userActivity:20 com.android.systemui.statusbar.phone.BiometricUnlockController.onBiometricAuthenticated:151 
04-27 18:46:22.973  3018  3018 V PowerManager: wakeUp time=28500115 reason=WAKE_REASON_BIOMETRIC details=android.policy:BIOMETRIC by (com.android.systemui)
04-27 18:46:22.973  1760  3080 I PowerGroup: Waking up power group from Dozing (groupId=0, uid=10263, reason=WAKE_REASON_BIOMETRIC, details=android.policy:BIOMETRIC)...
04-27 18:46:22.975  1760  3080 I PowerManagerService: Waking up from Dozing (uid=10263, reason=WAKE_REASON_BIOMETRIC, details=android.policy:BIOMETRIC)...
04-27 18:46:22.977  1760  3080 D PowerManagerService: nativeAcquireSuspendBlocker name:PowerManagerService.Broadcasts duration ms: 2
04-27 18:46:22.978  1760  3080 D PowerManagerService: nativeSetPowerMode ret:true mode:7 enabled:true duration ms: 0
04-27 18:46:22.979  1760  2246 I PowerManagerService: handleSandman stop dream, groupId=0
04-27 18:46:22.979  1760  2246 I DreamManagerService: Gently waking up from dream.
04-27 18:46:22.979  1760  2246 I DreamManagerService: stopDreamLocked. callers=com.android.server.dreams.DreamManagerService.stopDreamInternal:498 com.android.server.dreams.DreamManagerService.-$$Nest$mstopDreamInternal:0 com.android.server.dreams.DreamManagerService$LocalService.stopDream:1115 com.android.server.power.PowerManagerService.handleSandman:4242 com.android.server.power.PowerManagerService.-$$Nest$mhandleSandman:0 
04-27 18:46:22.982  3018  3018 V PowerManager: userActivity when=28500122 event=0 flags=0 displayId=0 by (com.android.systemui) callers=android.os.PowerManager.userActivity:1464 com.android.systemui.keyguard.KeyguardViewMediator.userActivity:20 com.android.systemui.keyguard.KeyguardViewMediator.onWakeAndUnlocking:25 
04-27 18:46:22.984   784 18322 I keystore2: system/security/keystore2/src/super_key.rs:1049 - Successfully unlocked with biometric
04-27 18:46:22.984  1760  1760 I WindowManager: Started waking up... (groupId=0 why=ON_BECAUSE_OF_USER) pmWakeReason=WAKE_REASON_BIOMETRIC
04-27 18:46:22.985  1760  1760 E ActivityManager: Cancel pending or running compactions as system is awake
04-27 18:46:22.985  1760  2145 D PanelsService: onAwakeStateChanged.. isAwake=true
04-27 18:46:22.985  1760  2145 D TouchHwService: onAwakeStateChanged.. isAwake=true
04-27 18:46:22.986  1760  1760 I ActivityManager: Killing 11564:com.google.android.webview:sandboxed_process0:org.chromium.content.app.SandboxedProcessService0:0/u0a188i62 (adj 999, setSvc -10000): empty #31
04-27 18:46:22.987  3018  3018 D VRI[NavigationBar0]: update {(0,0)(fillx120) gr=BOTTOM CENTER_VERTICAL layoutInDisplayCutoutMode=always ty=NAVIGATION_BAR fmt=TRANSLUCENT wanim=0x7f14000e
04-27 18:46:22.987  3018  3018 D VRI[NavigationBar0]:   fl=NOT_FOCUSABLE NOT_TOUCH_MODAL WATCH_OUTSIDE_TOUCH SPLIT_TOUCH FLAG_SLIPPERY
04-27 18:46:22.987  3018  3018 D VRI[NavigationBar0]:   pfl=LAYOUT_SIZE_EXTENDED_BY_CUTOUT COLOR_SPACE_AGNOSTIC FIT_INSETS_CONTROLLED TRUSTED_OVERLAY
04-27 18:46:22.987  3018  3018 D VRI[NavigationBar0]:   bhv=DEFAULT
04-27 18:46:22.987  3018  3018 D VRI[NavigationBar0]:   providedInsets:
04-27 18:46:22.987  3018  3018 D VRI[NavigationBar0]:     InsetsFrameProvider: {id=#a7c80001, index=0, type=navigationBars, source=FRAME, flags=[], insetsSize=Insets{left=0, top=0, right=0, bottom=120}, insetsSizeOverrides=[TypedInsetsSize: {windowType=INPUT_METHOD, insetsSize=null}]}
04-27 18:46:22.987  3018  3018 D VRI[NavigationBar0]:     InsetsFrameProvider: {id=#a7c80006, index=0, type=tappableElement, source=FRAME, flags=[]}
04-27 18:46:22.987  3018  3018 D VRI[NavigationBar0]:     InsetsFrameProvider: {id=#a7c80005, index=0, type=mandatorySystemGestures, source=FRAME, flags=[]}
04-27 18:46:22.987  3018  3018 D VRI[NavigationBar0]:     InsetsFrameProvider: {id=#a7c80004, index=0, type=systemGestures, source=DISPLAY, flags=[], insetsSize=Insets{left=0, top=0, right=0, bottom=0}, mMinimalInsetsSizeInDisplayCutoutSafe=Insets{left=0, top=0, right=0, bottom=0}}
04-27 18:46:22.987  3018  3018 D VRI[NavigationBar0]:     InsetsFrameProvider: {id=#a7c80024, index=1, type=systemGestures, source=DISPLAY, flags=[], insetsSize=Insets{left=0, top=0, right=0, bottom=0}, mMinimalInsetsSizeInDisplayCutoutSafe=Insets{left=0, top=0, right=0, bottom=0}}
04-27 18:46:22.987  3018  3018 D VRI[NavigationBar0]:   paramsForRotation:
04-27 18:46:22.987  3018  3018 D VRI[NavigationBar0]:     ROTATION_0={(0,0)(fillx120) gr=BOTTOM CENTER_VERTICAL layoutInDisplayCutoutMode=always ty=NAVIGATION_BAR fmt=TRANSLUCENT
04-27 18:46:22.987  3018  3018 D VRI[NavigationBar0]:       fl=NOT_FOCUSABLE NOT_TOUCH_MODAL WATCH_OUTSIDE_TOUCH SPLIT_TOUCH FLAG_SLIPPERY
04-27 18:46:22.987  3018  3018 D VRI[NavigationBar0]:       pfl=LAYOUT_SIZE_EXTENDED_BY_CUTOUT COLOR_SPACE_AGNOSTIC FIT_INSETS_CONTROLLED TRUSTED_OVERLAY
04-27 18:46:22.987  3018  3018 D VRI[NavigationBar0]:       bhv=DEFAULT
04-27 18:46:22.987  3018  3018 D VRI[NavigationBar0]:       providedInsets:
04-27 18:46:22.987  3018  3018 D VRI[NavigationBar0]:         InsetsFrameProvider: {id=#a7c80001, index=0, type=navigationBars, source=FRAME, flags=[], insetsSize=Insets{left=0, top=0, right=0, bottom=120}, insetsSizeOverrides=[TypedInsetsSize: {windowType=INPUT_METHOD, insetsSize=null}]}
04-27 18:46:22.987  3018  3018 D VRI[NavigationBar0]:         InsetsFrameProvider: {id=#a7c80006, index=0, type=tappableElement, source=FRAME, flags=[]}
04-27 18:46:22.987  3018  3018 D VRI[NavigationBar0]:         InsetsFrameProvider: {id=#a7c80005, index=0, type=mandatorySystemGestures, source=FRAME, flags=[]}
04-27 18:46:22.987  3018  3018 D VRI[NavigationBar0]:         InsetsFrameProvider: {id=#a7c80004, index=0, type=systemGestures, source=DISPLAY, flags=[], insetsSize=Insets{left=0, top=0, right=0, bottom=0}, mMinimalInsetsSizeInDisplayCutoutSafe=Insets{left=0, top=0, right=0, bottom=0}}
04-27 18:46:22.987  3018  3018 D VRI[NavigationBar0]:         InsetsFrameProvider: {id=#a7c80024, index=1, type=systemGestures, source=DISPLAY, flags=[], insetsSize=Insets{left=0, top=0, right=0, bottom=0}, mMinimalInsetsSizeInDisplayCutoutSafe=Insets{left=0, top=0, right=0, bottom=0}}}
04-27 18:46:22.987  3018  3018 D VRI[NavigationBar0]:     ROTATION_90={(0,0)(120xfill) gr=RIGHT CENTER_HORIZONTAL layoutInDisplayCutoutMode=always ty=NAVIGATION_BAR fmt=TRANSLUCENT
04-27 18:46:22.987  3018  3018 D VRI[NavigationBar0]:       fl=NOT_FOCUSABLE NOT_TOUCH_MODAL WATCH_OUTSIDE_TOUCH SPLIT_TOUCH FLAG_SLIPPERY
04-27 18:46:22.987  3018  3018 D VRI[NavigationBar0]:       pfl=LAYOUT_SIZE_EXTENDED_BY_CUTOUT COLOR_SPACE_AGNOSTIC FIT_INSETS_CONTROLLED TRUSTED_OVERLAY
04-27 18:46:22.987  3018  3018 D VRI[NavigationBar0]:       bhv=DEFAULT
04-27 18:46:22.987  3018  3018 D VRI[NavigationBar0]:       providedInsets:
04-27 18:46:22.987  3018  3018 D VRI[NavigationBar0]:         InsetsFrameProvider: {id=#a7c80001, index=0, type=navigationBars, source=FRAME, flags=[], insetsSizeOverrides=[TypedInsetsSize: {windowType=INPUT_METHOD, insetsSize=null}]}
04-27 18:46:22.987  3018  3018 D VRI[NavigationBar0]:         InsetsFrameProvider: {id=#a7c80006, index=0, type=tappableElement, source=FRAME, flags=[]}
04-27 18:46:22.987  3018  3018 D VRI[NavigationBar0]:         InsetsFrameProvider: {id=#a7c80005, index=0, type=mandatorySystemGestures, source=FRAME, flags=[]}
04-27 18:46:22.987  3018  3018 D VRI[NavigationBar0]:         InsetsFrameProvider: {id=#a7c80004, index=0, type=systemGestures, source=DISPLAY, flags=[], insetsSize=Insets{left=0, top=0, right=0, bottom=0}, mMinimalInsetsSizeInDisplayCutoutSafe=Insets{left=0, top=0, right=0, bottom=0}}
04-27 18:46:22.987  3018  3018 D VRI[NavigationBar0]:         InsetsFrameProvider: {id=#a7c80024, index=1, type=systemGestures, source=DISPLAY, flags=[], insetsSize=Insets{left=0, top=0, right=0, bottom=0}, mMinimalInsetsSizeInDisplayCutoutSafe=Insets{left=0, top=0, right=0, bottom=0}}}
04-27 18:46:22.987  3018  3018 D VRI[NavigationBar0]:     ROTATION_180={(0,0)(fillx120) gr=BOTTOM CENTER_VERTICAL layoutInDisplayCutoutMode=always ty=NAVIGATION_BAR fmt=TRANSLUCENT
04-27 18:46:22.987  3018  3018 D VRI[NavigationBar0]:       fl=NOT_FOCUSABLE NOT_TOUCH_MODAL WATCH_OUTSIDE_TOUCH SPLIT_TOUCH FLAG_SLIPPERY
04-27 18:46:22.987  3018  3018 D VRI[NavigationBar0]:       pfl=LAYOUT_SIZE_EXTENDED_BY_CUTOUT COLOR_SPACE_AGNOSTIC FIT_INSETS_CONTROLLED TRUSTED_OVERLAY
04-27 18:46:22.987  3018  3018 D VRI[NavigationBar0]:       bhv=DEFAULT
04-27 18:46:22.987  3018  3018 D VRI[NavigationBar0]:       providedInsets:
04-27 18:46:22.987  3018  3018 D VRI[NavigationBar0]:         InsetsFrameProvider: {id=#a7c80001, index=0, type=navigationBars, source=FRAME, flags=[], insetsSize=Insets{left=0, top=0, right=0, bottom=120}, insetsSizeOverrides=[TypedInsetsSize: {windowType=INPUT_METHOD, insetsSize=null}]}
04-27 18:46:22.987  3018  3018 D VRI[NavigationBar0]:         InsetsFrameProvider: {id=#a7c80006, index=0, type=tappableElement, source=FRAME, flags=[]}
04-27 18:46:22.987  3018  3018 D VRI[NavigationBar0]:         InsetsFrameProvider: {id=#a7c80005, index=0, type=mandatorySystemGestures, source=FRAME, flags=[]}
04-27 18:46:22.987  3018  3018 D VRI[NavigationBar0]:         InsetsFrameProvider: {id=#a7c80004, index=0, type=systemGestures, source=DISPLAY, flags=[], insetsSize=Insets{left=0, top=0, right=0, bottom=0}, mMinimalInsetsSizeInDisplayCutoutSafe=Insets{left=0, top=0, right=0, bottom=0}}
04-27 18:46:22.987  3018  3018 D VRI[NavigationBar0]:         InsetsFrameProvider: {id=#a7c80024, index=1, type=systemGestures, source=DISPLAY, flags=[], insetsSize=Insets{left=0, top=0, right=0, bottom=0}, mMinimalInsetsSizeInDisplayCutoutSafe=Insets{left=0, top=0, right=0, bottom=0}}}
04-27 18:46:22.987  3018  3018 D VRI[NavigationBar0]:     ROTATION_270={(0,0)(120xfill) gr=LEFT CENTER_HORIZONTAL layoutInDisplayCutoutMode=always ty=NAVIGATION_BAR fmt=TRANSLUCENT
04-27 18:46:22.987  3018  3018 D VRI[NavigationBar0]:       fl=NOT_FOCUSABLE NOT_TOUCH_MODAL WATCH_OUTSIDE_TOUCH SPLIT_TOUCH FLAG_SLIPPERY
04-27 18:46:22.987  3018  3018 D VRI[NavigationBar0]:       pfl=LAYOUT_SIZE_EXTENDED_BY_CUTOUT COLOR_SPACE_AGNOSTIC FIT_INSETS_CONTROLLED TRUSTED_OVERLAY
04-27 18:46:22.987  3018  3018 D VRI[NavigationBar0]:       bhv=DEFAULT
04-27 18:46:22.987  3018  3018 D VRI[NavigationBar0]:       providedInsets:
04-27 18:46:22.987  3018  3018 D VRI[NavigationBar0]:         InsetsFrameProvider: {id=#a7c80001, index=0, type=navigationBars, source=FRAME, flags=[], insetsSizeOverrides=[TypedInsetsSize: {windowType=INPUT_METHOD, insetsSize=null}]}
04-27 18:46:22.987  3018  3018 D VRI[NavigationBar0]:         InsetsFrameProvider: {id=#a7c80006, index=0, type=tappableElement, source=FRAME, flags=[]}
04-27 18:46:22.987  3018  3018 D VRI[NavigationBar0]:         InsetsFrameProvider: {id=#a7c80005, index=0, type=mandatorySystemGestures, source=FRAME, flags=[]}
04-27 18:46:22.987  3018  3018 D VRI[NavigationBar0]:         InsetsFrameProvider: {id=#a7c80004, index=0, type=systemGestures, source=DISPLAY, flags=[], insetsSize=Insets{left=0, top=0, right=0, bottom=0}, mMinimalInsetsSizeInDisplayCutoutSafe=Insets{left=0, top=0, right=0, bottom=0}}
04-27 18:46:22.987  3018  3018 D VRI[NavigationBar0]:         InsetsFrameProvider: {id=#a7c80024, index=1, type=systemGestures, source=DISPLAY, flags=[], insetsSize=Insets{left=0, top=0, right=0, bottom=0}, mMinimalInsetsSizeInDisplayCutoutSafe=Insets{left=0, top=0, right=0, bottom=0}}}} by setLayoutParams
04-27 18:46:22.988  1760  1760 I WindowManager: Finished waking up... (groupId=0 why=ON_BECAUSE_OF_USER) pmWakeReason=WAKE_REASON_BIOMETRIC
04-27 18:46:22.990  1760  1760 E AlarmManager: Attempt to decrement existing alarm count 0 by 1 for uid 1000
04-27 18:46:23.001  1760  2638 D CompatibilityChangeReporter: Compat change id reported: 135634846; UID 10432; state: DISABLED
04-27 18:46:23.001  1760  2638 D CompatibilityChangeReporter: Compat change id reported: 177438394; UID 10432; state: DISABLED
04-27 18:46:23.001  1760  2638 D CompatibilityChangeReporter: Compat change id reported: 135772972; UID 10432; state: DISABLED
04-27 18:46:23.001  1760  2638 D CompatibilityChangeReporter: Compat change id reported: 135754954; UID 10432; state: ENABLED
04-27 18:46:23.001  1760  2161 D CompatibilityChangeReporter: Compat change id reported: 143937733; UID 10432; state: ENABLED
04-27 18:46:23.009  1760  4075 V SensorOverlays: disableUdfpsHbm fpsRefreshRateRequestCallback=android.hardware.fingerprint.IUdfpsRefreshRateRequestCallback$Stub$Proxy@3138334
04-27 18:46:23.011  1760  3080 D CoreBackPreview: Window{71126e7 u0 Moto Udfps Animation}: Setting back callback null
04-27 18:46:23.011  1760  2638 D ActivityManager: unfreezing ProcessRecord{5e41257 14814:com.google.android.apps.messaging/u0a161}, reason = oom_uncached, adj = 0, adjType = service, adjSource = ProcessRecord{5e5ab0b 1760:system/1000}
04-27 18:46:23.012  1760  2638 D ActivityManager: sync unfroze 14814 com.google.android.apps.messaging for 6
04-27 18:46:23.014  1760  2161 I ActivityManager: Start proc 14708:app.hallow.android/u0a432 for service {app.hallow.android/androidx.work.impl.background.systemjob.SystemJobService}
04-27 18:46:23.017  1760  1760 W Fingerprint21: onFingerDown received during client: null
04-27 18:46:23.017  1760  1760 W Fingerprint21: onFingerDown received during client: null
04-27 18:46:23.020  1760  2638 D CompatibilityChangeReporter: Compat change id reported: 135634846; UID 10305; state: DISABLED
04-27 18:46:23.020  1760  2638 D CompatibilityChangeReporter: Compat change id reported: 177438394; UID 10305; state: DISABLED
04-27 18:46:23.020  1760  5399 D CoreBackPreview: Window{bcc8685 u0 UDFPS_MASK}: Setting back callback null
04-27 18:46:23.020  1760  2638 D CompatibilityChangeReporter: Compat change id reported: 135772972; UID 10305; state: DISABLED
04-27 18:46:23.020  1760  2638 D CompatibilityChangeReporter: Compat change id reported: 135754954; UID 10305; state: ENABLED
04-27 18:46:23.021  1760  2161 D CompatibilityChangeReporter: Compat change id reported: 143937733; UID 10305; state: ENABLED
04-27 18:46:23.037  1760  2161 I ActivityManager: Start proc 14716:com.instagram.android/u0a305 for service {com.instagram.android/androidx.work.impl.background.systemjob.SystemJobService}
04-27 18:46:23.037  1760  4075 V SensorOverlays: disableUdfpsHbm fpsRefreshRateRequestCallback=android.hardware.fingerprint.IUdfpsRefreshRateRequestCallback$Stub$Proxy@807efd0
04-27 18:46:23.042  3018  3018 V DreamService[DozeService]: wakeUp(): fromSystem=true, mWaking=false, mFinished=false callers=android.service.dreams.DreamService.-$$Nest$mwakeUp:0 android.service.dreams.DreamService$DreamServiceWrapper.lambda$wakeUp$1:1494 android.service.dreams.DreamService$DreamServiceWrapper.$r8$lambda$4_sbVX66HAYeo_5Yx5UYpjqyYR8:0 android.service.dreams.DreamService$DreamServiceWrapper$$ExternalSyntheticLambda0.run:2 android.os.Handler.handleCallback:1000 
04-27 18:46:23.042  3018  3018 V DreamService[DozeService]: finish(): mFinished=false activity=null callers=android.service.dreams.DreamService.onWakeUp:925 android.service.dreams.DreamService.wakeUp:1065 android.service.dreams.DreamService.-$$Nest$mwakeUp:0 android.service.dreams.DreamService$DreamServiceWrapper.lambda$wakeUp$1:1494 android.service.dreams.DreamService$DreamServiceWrapper.$r8$lambda$4_sbVX66HAYeo_5Yx5UYpjqyYR8:0 
04-27 18:46:23.043  1760  4917 I DreamManagerService: finishSelf by com.android.systemui callingUid=10263 callingPid=3018
04-27 18:46:23.043  1760  4917 D DreamManagerService: Dream finished: android.os.Binder@5010a58, immediate=true
04-27 18:46:23.043  1760  4917 I DreamManagerService: Leaving dreamland.
04-27 18:46:23.043  1760  4917 I DreamManagerService: stopDreamLocked. callers=com.android.server.dreams.DreamManagerService.finishSelfInternal:470 com.android.server.dreams.DreamManagerService.-$$Nest$mfinishSelfInternal:0 com.android.server.dreams.DreamManagerService$BinderService.finishSelf:1032 android.service.dreams.IDreamManager$Stub.onTransact:262 android.os.Binder.execTransactInternal:1385 
04-27 18:46:23.044  3018  3018 V PowerManager: wakeUp time=28500186 reason=WAKE_REASON_GESTURE details=com.android.systemui:BOUNCER_DOZING by (com.android.systemui)
04-27 18:46:23.046  1760  2142 I DreamController: Stopping dream: name=ComponentInfo{com.android.systemui/com.android.systemui.doze.DozeService}, isPreviewMode=false, canDoze=true, userId=0, reason='finished self'(from 'power manager request')
04-27 18:46:23.046  1760  4942 I ActivityManager: appDiedLocked: app=ProcessRecord{1ca6db3 11564:com.google.android.webview:sandboxed_process0:org.chromium.content.app.SandboxedProcessService0:0/u0a188i62} thread=android.os.BinderProxy@14d75ef fromBinderDied=true isKilledByAm=true reason=null
04-27 18:46:23.050  1760  4075 D ActivityTaskManager: Top Process State changed to PROCESS_STATE_TOP
04-27 18:46:23.050  3018  3043 V WindowManagerShell: Transition requested: android.os.BinderProxy@eb7c04c TransitionRequestInfo { type = 4, triggerTask = null, remoteTransition = null, displayChange = null, flags = 258 }
04-27 18:46:23.054  1760  4075 W WindowManager: There is no wallpaper for the lock screen
04-27 18:46:23.056  1760  5398 D CompatibilityChangeReporter: Compat change id reported: 197654537; UID 10434; state: ENABLED
04-27 18:46:23.061  1760  4942 W ActivityManager: Scheduling restart of crashed service com.google.android.googlequicksearchbox/org.chromium.content.app.SandboxedProcessService0:0 in 1000ms for connection
04-27 18:46:23.061  1760  4942 D ActivityTaskManager: handleAppDied: uid=99062,diedCount=0,lastDiedTime=0,forceStopUids=false
04-27 18:46:23.063  1760  2143 D DisplayManagerService: Drop pending events for gone uid 99062
04-27 18:46:23.065  3018  3018 V TrustManager: clearAllBiometricRecognized unlockedUser=0 source=FINGERPRINT callers=com.android.keyguard.KeyguardUpdateMonitor.clearBiometricRecognized:21 com.android.systemui.keyguard.KeyguardViewMediator.handleKeyguardDone:62 com.android.systemui.keyguard.KeyguardViewMediator.tryKeyguardDone:52 com.android.systemui.keyguard.KeyguardViewMediator$$ExternalSyntheticLambda1.run:22 com.android.systemui.statusbar.phone.StatusBarKeyguardViewManager.startPreHideAnimation:66 
04-27 18:46:23.065  3018  3018 V TrustManager: clearAllBiometricRecognized unlockedUser=0 source=FACE callers=com.android.keyguard.KeyguardUpdateMonitor.clearBiometricRecognized:28 com.android.systemui.keyguard.KeyguardViewMediator.handleKeyguardDone:62 com.android.systemui.keyguard.KeyguardViewMediator.tryKeyguardDone:52 com.android.systemui.keyguard.KeyguardViewMediator$$ExternalSyntheticLambda1.run:22 com.android.systemui.statusbar.phone.StatusBarKeyguardViewManager.startPreHideAnimation:66 
04-27 18:46:23.071  1760  5398 W ProcessStats: Tracking association SourceState{5919447 com.google.android.gms.persistent/10158 BTop #110495} whose proc state 2 is better than process ProcessState{f5a59ca com.google.android.adservices.api/10379 pkg=com.google.android.adservices.api} proc state 4 (1 skipped)
04-27 18:46:23.085  1760  1760 D TrustManagerService: refreshDeviceLockedForUser(userId=-1, unlockedUser=0), secure=true, showingKeyguard=true, trusted=false, biometricAuthenticated=false, currentUserIsUnlocked=true, deviceLocked=true
04-27 18:46:23.085  1760  1760 D TrustManagerService: Keyguard is finishing but may not have completed going away yet
04-27 18:46:23.085  1760  1760 D TrustManagerService: refreshDeviceLockedForUser(userId=-1, unlockedUser=0), secure=true, showingKeyguard=true, trusted=false, biometricAuthenticated=false, currentUserIsUnlocked=true, deviceLocked=true
04-27 18:46:23.085  1760  1760 D TrustManagerService: Keyguard is finishing but may not have completed going away yet
04-27 18:46:23.095  3018  3018 V DreamService[DozeService]: finish(): mFinished=true activity=null callers=com.android.systemui.doze.DozeMachine$Service$Delegate.finish:3 com.android.systemui.doze.DozeMachine$Service$Delegate.finish:3 com.android.systemui.doze.DozeMachine.transitionTo:532 com.android.systemui.doze.DozeMachine.transitionTo:629 com.android.systemui.doze.DozeMachine.requestState:10 
04-27 18:46:23.100  1760  4075 D CompatibilityChangeReporter: Compat change id reported: 168419799; UID 10432; state: DISABLED
04-27 18:46:23.100  1760  4075 D CompatibilityChangeReporter: Compat change id reported: 273564678; UID 10432; state: DISABLED
04-27 18:46:23.112  1760  5402 D CompatibilityChangeReporter: Compat change id reported: 168419799; UID 10305; state: DISABLED
04-27 18:46:23.112  1760  5402 D CompatibilityChangeReporter: Compat change id reported: 273564678; UID 10305; state: DISABLED
04-27 18:46:23.113  3018  3018 D VRI[NotificationShade]: update {(0,0)(fillxfill) gr=TOP CENTER_VERTICAL layoutInDisplayCutoutMode=always ty=2040 fmt=TRANSLUCENT or=SCREEN_ORIENTATION_NOSENSOR
04-27 18:46:23.113  3018  3018 D VRI[NotificationShade]:   fl=TOUCHABLE_WHEN_WAKING ALT_FOCUSABLE_IM WATCH_OUTSIDE_TOUCH SPLIT_TOUCH HARDWARE_ACCELERATED DRAWS_SYSTEM_BAR_BACKGROUNDS
04-27 18:46:23.113  3018  3018 D VRI[NotificationShade]:   pfl=OPTIMIZE_MEASURE BEHAVIOR_CONTROLLED FIT_INSETS_CONTROLLED
04-27 18:46:23.113  3018  3018 D VRI[NotificationShade]:   bhv=SHOW_TRANSIENT_BARS_BY_SWIPE} by setLayoutParams
04-27 18:46:23.131  1760  5402 D CompatibilityChangeReporter: Compat change id reported: 170503758; UID 10432; state: ENABLED
04-27 18:46:23.144  1760  5399 D CompatibilityChangeReporter: Compat change id reported: 170503758; UID 10305; state: ENABLED
04-27 18:46:23.156  1760  2885 W JobServiceContext: Sending onNetworkChanged for a job that isn't started. JobStatus{963f756 androidx.work.systemjobscheduler:u0a305/113392 @androidx.work.systemjobscheduler@com.instagram.android/androidx.work.impl.background.systemjob.SystemJobService u=0 s=10305 TIME=-40s719ms:none NET READY}
04-27 18:46:23.168  1760  2142 V WindowManager: Sent Transition #535 createdAt=04-27 18:46:23.050 via request=TransitionRequestInfo { type = 4, triggerTask = null, remoteTransition = null, displayChange = null, flags = 258 }
04-27 18:46:23.168  1760  2142 V WindowManager:     startWCT=WindowContainerTransaction { changes = {} hops = [] errorCallbackToken=null taskFragmentOrganizer=null }
04-27 18:46:23.168  1760  2142 V WindowManager:     info={id=535 t=TO_BACK f=0x102 trk=0 r=[0@Point(0, 0)] c=[{WCT{RemoteToken{f0bdf75 Task{367ea8 #1 type=home}}} m=TO_FRONT f=SHOW_WALLPAPER p=WCT{RemoteToken{fa1fb0a DefaultTaskDisplayArea@18570893(displayId=0)}} pTaskId=-1 leash=Surface(name=Task=1)/@0x4a26e28 sb=Rect(0, 0 - 1080, 2400) eb=Rect(0, 0 - 1080, 2400) d=0},{WCT{RemoteToken{fa1fb0a DefaultTaskDisplayArea@18570893(displayId=0)}} m=TO_FRONT f=SHOW_WALLPAPER leash=Surface(name=DefaultTaskDisplayArea)/@0x693d44b sb=Rect(0, 0 - 1080, 2400) eb=Rect(0, 0 - 1080, 2400) d=0}]}
04-27 18:46:23.174  3018  3043 V WindowManagerShell: onTransitionReady android.os.BinderProxy@eb7c04c: {id=535 t=TO_BACK f=0x102 trk=0 r=[0@Point(0, 0)] c=[{WCT{android.window.IWindowContainerToken$Stub$Proxy@4f557b} m=TO_FRONT f=SHOW_WALLPAPER p=WCT{android.window.IWindowContainerToken$Stub$Proxy@5f50f98} pTaskId=-1 leash=Surface(name=Task=1)/@0xb7154ac sb=Rect(0, 0 - 1080, 2400) eb=Rect(0, 0 - 1080, 2400) d=0},{WCT{android.window.IWindowContainerToken$Stub$Proxy@ba823f1} m=TO_FRONT f=SHOW_WALLPAPER leash=Surface(name=DefaultTaskDisplayArea)/@0x15a575 sb=Rect(0, 0 - 1080, 2400) eb=Rect(0, 0 - 1080, 2400) d=0}]}
04-27 18:46:23.174  3018  3043 V WindowManagerShell: Playing animation for (#535)android.os.BinderProxy@eb7c04c@0
04-27 18:46:23.174  3018  3043 V WindowManagerShell:  try handler com.android.wm.shell.transition.DefaultMixedHandler@df8bbfe
04-27 18:46:23.174  3018  3043 V WindowManagerShell: start keyguard going-away transition, info = {id=535 t=TO_BACK f=0x102 trk=0 r=[0@Point(0, 0)] c=[{WCT{android.window.IWindowContainerToken$Stub$Proxy@4f557b} m=TO_FRONT f=SHOW_WALLPAPER p=WCT{android.window.IWindowContainerToken$Stub$Proxy@5f50f98} pTaskId=-1 leash=Surface(name=Task=1)/@0xb7154ac sb=Rect(0, 0 - 1080, 2400) eb=Rect(0, 0 - 1080, 2400) d=0},{WCT{android.window.IWindowContainerToken$Stub$Proxy@ba823f1} m=TO_FRONT f=SHOW_WALLPAPER leash=Surface(name=DefaultTaskDisplayArea)/@0x15a575 sb=Rect(0, 0 - 1080, 2400) eb=Rect(0, 0 - 1080, 2400) d=0}]}
04-27 18:46:23.174  3018  3043 D KeyguardService: Starts IRemoteAnimationRunner: info={id=535 t=TO_BACK f=0x102 trk=0 r=[0@Point(0, 0)] c=[{WCT{android.window.IWindowContainerToken$Stub$Proxy@4f557b} m=TO_FRONT f=SHOW_WALLPAPER p=WCT{android.window.IWindowContainerToken$Stub$Proxy@5f50f98} pTaskId=-1 leash=Surface(name=Task=1)/@0xb7154ac sb=Rect(0, 0 - 1080, 2400) eb=Rect(0, 0 - 1080, 2400) d=0},{WCT{android.window.IWindowContainerToken$Stub$Proxy@ba823f1} m=TO_FRONT f=SHOW_WALLPAPER leash=Surface(name=DefaultTaskDisplayArea)/@0x15a575 sb=Rect(0, 0 - 1080, 2400) eb=Rect(0, 0 - 1080, 2400) d=0}]}
04-27 18:46:23.176  3018  3043 V WindowManagerShell:  animated by com.android.wm.shell.transition.DefaultMixedHandler@df8bbfe
04-27 18:46:23.181  1760  2146 I LaunchCheckinHandler: MotoDisplayed com.motorola.launcher3/com.android.launcher3.CustomizationPanelLauncher,wp,wa,1748549
04-27 18:46:23.183  1760  2903 D PerfTracer: Delay com.motorola.launcher3/com.android.launcher3.CustomizationPanelLauncher, this launch cost: 1748549, is bigger than min[25], avg[53464], max[1748549], false, false
04-27 18:46:23.207  1760  5399 D CoreBackPreview: Window{c3f4a83 u0 UdfpsControllerOverlay}: Setting back callback null
04-27 18:46:23.214  1760  4917 D ActivityManager: unfreezing ProcessRecord{c4d7e6c 18125:com.google.android.gms/u0a158}, reason = shouldNotFreeze_service_1: ProcessRecord{7f8105c 7970:com.google.android.googlequicksearchbox:googleapp/u0a188}, adj = 100, adjType = service, adjSource = ProcessRecord{7f8105c 7970:com.google.android.googlequicksearchbox:googleapp/u0a188}
04-27 18:46:23.214  3018  3018 V DreamService[DozeService]: detach(): Calling onDreamingStopped()
04-27 18:46:23.214  3018  3018 V DreamService[DozeService]: onDreamingStopped()
04-27 18:46:23.214  3018  3018 V DreamService[DozeService]: detach(): mActivity=null mActivity.isFinishing()=false
04-27 18:46:23.215  3018  3018 V DreamService[DozeService]: finish(): mFinished=true activity=null callers=android.service.dreams.DreamService.detach:1214 android.service.dreams.DreamService.-$$Nest$mdetach:0 android.service.dreams.DreamService$DreamServiceWrapper.$r8$lambda$NpMBCXQt6FW9CHVg0Jak0NRB88I:0 android.service.dreams.DreamService$DreamServiceWrapper$$ExternalSyntheticLambda1.run:2 android.os.Handler.handleCallback:1000 
04-27 18:46:23.215  3018  3018 V DreamService[DozeService]: onDestroy()
04-27 18:46:23.215  3018  3018 V DreamService[DozeService]: detach(): mActivity=null mActivity.isFinishing()=false
04-27 18:46:23.215  3018  3018 V DreamService[DozeService]: finish(): mFinished=true activity=null callers=android.service.dreams.DreamService.detach:1214 android.service.dreams.DreamService.onDestroy:1090 com.android.systemui.doze.DozeService.onDestroy:8 android.app.ActivityThread.handleStopService:4995 android.app.ActivityThread.-$$Nest$mhandleStopService:0 
04-27 18:46:23.215  1760  4917 D ActivityManager: sync unfroze 18125 com.google.android.gms for 4
04-27 18:46:23.250  1760  2145 I DisplayDeviceRepository: Display device changed: DisplayDeviceInfo{"Tela integrada": uniqueId="local:4630947043778501762", 1080 x 2400, modeId 4, renderFrameRate 90.0, defaultModeId 1, supportedModes [{id=1, width=1080, height=2400, fps=60.000004, alternativeRefreshRates=[48.000004, 90.0, 120.00001, 144.00002], supportedHdrTypes=[2, 3, 4]}, {id=2, width=1080, height=2400, fps=144.00002, alternativeRefreshRates=[48.000004, 60.000004, 90.0, 120.00001], supportedHdrTypes=[2, 3, 4]}, {id=3, width=1080, height=2400, fps=120.00001, alternativeRefreshRates=[48.000004, 60.000004, 90.0, 144.00002], supportedHdrTypes=[2, 3, 4]}, {id=4, width=1080, height=2400, fps=90.0, alternativeRefreshRates=[48.000004, 60.000004, 120.00001, 144.00002], supportedHdrTypes=[2, 3, 4]}, {id=5, width=1080, height=2400, fps=48.000004, alternativeRefreshRates=[60.000004, 90.0, 120.00001, 144.00002], supportedHdrTypes=[2, 3, 4]}], supportedReadyForModes [], colorMode 0, supportedColorModes [0, 7, 9], hdrCapabilities HdrCapabilities{mSupportedHdrTypes=[2, 3, 4], mMaxLuminance=500.0, mMaxAverageLuminance=250.005, mMinLuminance=0.01}, allmSupported false, gameContentTypeSupported false, density 400, 403.411 x 401.052 dpi, appVsyncOff 1000000, presDeadline 16111111, cutout DisplayCutout{insets=Rect(0, 105 - 0, 0) waterfall=Insets{left=0, top=0, right=0, bottom=0} boundingRect={Bounds=[Rect(0, 0 - 0, 0), Rect(505, 0 - 575, 105), Rect(0, 0 - 0, 0), Rect(0, 0 - 0, 0)]} cutoutPathParserInfo={CutoutPathParserInfo{displayWidth=1080 displayHeight=2400 physicalDisplayWidth=1080 physicalDisplayHeight=2400 density={2.5} cutoutSpec={M -35,0 L 35,0 L 35,105 L -35,105 Z} rotation={0} scale={1.0} physicalPixelDisplaySizeRatio={1.0}}}}, touch INTERNAL, rotation 0, type INTERNAL, address {port=130, model=0x40446dccee101c}, deviceProductInfo DeviceProductInfo{name=, manufacturerPnpId=QCM, productId=1, modelYear=null, manufactureDate=ManufactureDate{week=27, year=2006}, connectionToSinkType=0}, state ON, committedState ON, frameRateOverride , brightnessMinimum 0.0, brightnessMaximum 1.0, brightnessDefault 0.38188976, hdrSdrRatio 1.0, roundedCorners RoundedCorners{[RoundedCorner{position=TopLeft, radius=95, center=Point(95, 95)}, RoundedCorner{position=TopRight, radius=95, center=Point(985, 95)}, RoundedCorner{position=BottomRight, radius=95, center=Point(985, 2305)}, RoundedCorner{position=BottomLeft, radius=95, center=Point(95, 2305)}]}, FLAG_ALLOWED_TO_BE_DEFAULT_DISPLAY, FLAG_ROTATES_WITH_CONTENT, FLAG_SECURE, FLAG_SUPPORTS_PROTECTED_BUFFERS, FLAG_TRUSTED, installOrientation 0, displayShape DisplayShape{ spec=-1893857183 displayWidth=1080 displayHeight=2400 physicalPixelDisplaySizeRatio=1.0 rotation=0 offsetX=0 offsetY=0 scale=1.0}}
04-27 18:46:23.258  1760  2145 D DisplayManagerService: Ignore redundant display event 0/2 to 10413/4282
04-27 18:46:23.259  1760  2145 D DisplayManagerService: Ignore redundant display event 0/2 to 10345/8033
04-27 18:46:23.259  1760  2145 D DisplayManagerService: Ignore redundant display event 0/2 to 10257/12573
04-27 18:46:23.259  1760  2145 D DisplayManagerService: Ignore redundant display event 0/2 to 10434/13682
04-27 18:46:23.259  1760  2145 D DisplayManagerService: Ignore redundant display event 0/2 to 10315/13712
04-27 18:46:23.259  1760  2145 D DisplayManagerService: Ignore redundant display event 0/2 to 10411/17335
04-27 18:46:23.274  1760  2630 D BatteryService: uevent={POWER_SUPPLY_POWER_AVG=33754858, POWER_SUPPLY_VOLTAGE_NOW=4439899, POWER_SUPPLY_POWER_NOW=55710642, POWER_SUPPLY_CHARGE_CONTROL_LIMIT_MAX=10, POWER_SUPPLY_TYPE=Battery, POWER_SUPPLY_HEALTH=Good, POWER_SUPPLY_TECHNOLOGY=Li-ion, POWER_SUPPLY_CHARGE_FULL_DESIGN=4089000, SEQNUM=13249, POWER_SUPPLY_CHARGE_CONTROL_LIMIT=0, POWER_SUPPLY_MODEL_NAME=5497416_LENOVO_DUBAI_4020MAH_AVERAGED_MASTERSLAVE_NOV25TH2021, POWER_SUPPLY_STATUS=Charging, POWER_SUPPLY_CYCLE_COUNT=1608, POWER_SUPPLY_CAPACITY=95, DEVPATH=/devices/platform/soc/soc:qcom,pmic_glink/soc:qcom,pmic_glink:qcom,battery_charger/power_supply/battery, POWER_SUPPLY_CHARGE_TYPE=Fast, POWER_SUPPLY_CURRENT_NOW=195010, POWER_SUPPLY_TIME_TO_FULL_AVG=2091, POWER_SUPPLY_PRESENT=1, POWER_SUPPLY_CHARGE_FULL=3044000, POWER_SUPPLY_TIME_TO_FULL_NOW=2091, SUBSYSTEM=power_supply, POWER_SUPPLY_VOLTAGE_OCV=4360811, POWER_SUPPLY_TEMP=280, ACTION=change, POWER_SUPPLY_NAME=battery, POWER_SUPPLY_VOLTAGE_MAX=4480000, POWER_SUPPLY_CHARGE_COUNTER=2905498, POWER_SUPPLY_TIME_TO_EMPTY_AVG=-1}
04-27 18:46:23.274  1760  2630 D BatteryService: uevent={POWER_SUPPLY_POWER_AVG=33754858, POWER_SUPPLY_VOLTAGE_NOW=4439899, POWER_SUPPLY_POWER_NOW=55710642, POWER_SUPPLY_CHARGE_CONTROL_LIMIT_MAX=10, POWER_SUPPLY_TYPE=Battery, POWER_SUPPLY_HEALTH=Good, POWER_SUPPLY_TECHNOLOGY=Li-ion, POWER_SUPPLY_CHARGE_FULL_DESIGN=4089000, SEQNUM=13249, POWER_SUPPLY_CHARGE_CONTROL_LIMIT=0, POWER_SUPPLY_MODEL_NAME=5497416_LENOVO_DUBAI_4020MAH_AVERAGED_MASTERSLAVE_NOV25TH2021, POWER_SUPPLY_STATUS=Charging, POWER_SUPPLY_CYCLE_COUNT=1608, POWER_SUPPLY_CAPACITY=95, DEVPATH=/devices/platform/soc/soc:qcom,pmic_glink/soc:qcom,pmic_glink:qcom,battery_charger/power_supply/battery, POWER_SUPPLY_CHARGE_TYPE=Fast, POWER_SUPPLY_CURRENT_NOW=195010, POWER_SUPPLY_TIME_TO_FULL_AVG=2091, POWER_SUPPLY_PRESENT=1, POWER_SUPPLY_CHARGE_FULL=3044000, POWER_SUPPLY_TIME_TO_FULL_NOW=2091, SUBSYSTEM=power_supply, POWER_SUPPLY_VOLTAGE_OCV=4360811, POWER_SUPPLY_TEMP=280, ACTION=change, POWER_SUPPLY_NAME=battery, POWER_SUPPLY_VOLTAGE_MAX=4480000, POWER_SUPPLY_CHARGE_COUNTER=2905498, POWER_SUPPLY_TIME_TO_EMPTY_AVG=-1}
04-27 18:46:23.282  1760  1760 V UiModeManager: updateLocked: null action, mDockState=0, category=null
04-27 18:46:23.283  1760  1760 D UiModeManager: updateConfigurationLocked: mDockState=0; mCarMode=false; mNightMode=2; mNightModeCustomType=-1; uiMode=33
04-27 18:46:23.312  1760  1760 V UiModeManager: updateLocked: null action, mDockState=0, category=null
04-27 18:46:23.312  1760  1760 D UiModeManager: updateConfigurationLocked: mDockState=0; mCarMode=false; mNightMode=2; mNightModeCustomType=-1; uiMode=33
04-27 18:46:23.322  3018  3018 D VRI[NotificationShade]: update {(0,0)(fillxfill) gr=TOP CENTER_VERTICAL layoutInDisplayCutoutMode=always ty=2040 fmt=TRANSLUCENT or=SCREEN_ORIENTATION_NOSENSOR
04-27 18:46:23.322  3018  3018 D VRI[NotificationShade]:   fl=TOUCHABLE_WHEN_WAKING ALT_FOCUSABLE_IM WATCH_OUTSIDE_TOUCH SHOW_WALLPAPER SPLIT_TOUCH HARDWARE_ACCELERATED DRAWS_SYSTEM_BAR_BACKGROUNDS
04-27 18:46:23.322  3018  3018 D VRI[NotificationShade]:   pfl=OPTIMIZE_MEASURE BEHAVIOR_CONTROLLED FIT_INSETS_CONTROLLED
04-27 18:46:23.322  3018  3018 D VRI[NotificationShade]:   bhv=SHOW_TRANSIENT_BARS_BY_SWIPE} by setLayoutParams
04-27 18:46:23.341  3018  3909 D PowerUI : can't show warning due to - plugged: true status unknown: false
04-27 18:46:23.342  3018  3898 D PowerUI : can't show warning due to - plugged: true status unknown: false
04-27 18:46:23.344  1760  3084 D CompatibilityChangeReporter: Compat change id reported: 135634846; UID 10385; state: DISABLED
04-27 18:46:23.344  1760  3084 D CompatibilityChangeReporter: Compat change id reported: 177438394; UID 10385; state: DISABLED
04-27 18:46:23.344  1760  3084 D CompatibilityChangeReporter: Compat change id reported: 135772972; UID 10385; state: DISABLED
04-27 18:46:23.344  1760  3084 D CompatibilityChangeReporter: Compat change id reported: 135754954; UID 10385; state: ENABLED
04-27 18:46:23.346  1760  2161 D CompatibilityChangeReporter: Compat change id reported: 143937733; UID 10385; state: ENABLED
04-27 18:46:23.385  1760  2161 I ActivityManager: Start proc 14746:com.google.android.contactkeys/u0a385 for service {com.google.android.contactkeys/com.google.android.gms.contactkeys.service.ContactKeyApiService}
04-27 18:46:23.412  3018  3018 D VRI[NavigationBar0]: update {(0,0)(fillx120) gr=BOTTOM CENTER_VERTICAL layoutInDisplayCutoutMode=always ty=NAVIGATION_BAR fmt=TRANSLUCENT
04-27 18:46:23.412  3018  3018 D VRI[NavigationBar0]:   fl=NOT_FOCUSABLE NOT_TOUCH_MODAL WATCH_OUTSIDE_TOUCH SPLIT_TOUCH FLAG_SLIPPERY
04-27 18:46:23.412  3018  3018 D VRI[NavigationBar0]:   pfl=LAYOUT_SIZE_EXTENDED_BY_CUTOUT COLOR_SPACE_AGNOSTIC FIT_INSETS_CONTROLLED TRUSTED_OVERLAY
04-27 18:46:23.412  3018  3018 D VRI[NavigationBar0]:   bhv=DEFAULT
04-27 18:46:23.412  3018  3018 D VRI[NavigationBar0]:   providedInsets:
04-27 18:46:23.412  3018  3018 D VRI[NavigationBar0]:     InsetsFrameProvider: {id=#a7c80001, index=0, type=navigationBars, source=FRAME, flags=[], insetsSize=Insets{left=0, top=0, right=0, bottom=120}, insetsSizeOverrides=[TypedInsetsSize: {windowType=INPUT_METHOD, insetsSize=null}]}
04-27 18:46:23.412  3018  3018 D VRI[NavigationBar0]:     InsetsFrameProvider: {id=#a7c80006, index=0, type=tappableElement, source=FRAME, flags=[]}
04-27 18:46:23.412  3018  3018 D VRI[NavigationBar0]:     InsetsFrameProvider: {id=#a7c80005, index=0, type=mandatorySystemGestures, source=FRAME, flags=[]}
04-27 18:46:23.412  3018  3018 D VRI[NavigationBar0]:     InsetsFrameProvider: {id=#a7c80004, index=0, type=systemGestures, source=DISPLAY, flags=[], insetsSize=Insets{left=0, top=0, right=0, bottom=0}, mMinimalInsetsSizeInDisplayCutoutSafe=Insets{left=0, top=0, right=0, bottom=0}}
04-27 18:46:23.412  3018  3018 D VRI[NavigationBar0]:     InsetsFrameProvider: {id=#a7c80024, index=1, type=systemGestures, source=DISPLAY, flags=[], insetsSize=Insets{left=0, top=0, right=0, bottom=0}, mMinimalInsetsSizeInDisplayCutoutSafe=Insets{left=0, top=0, right=0, bottom=0}}
04-27 18:46:23.412  3018  3018 D VRI[NavigationBar0]:   paramsForRotation:
04-27 18:46:23.412  3018  3018 D VRI[NavigationBar0]:     ROTATION_0={(0,0)(fillx120) gr=BOTTOM CENTER_VERTICAL layoutInDisplayCutoutMode=always ty=NAVIGATION_BAR fmt=TRANSLUCENT
04-27 18:46:23.412  3018  3018 D VRI[NavigationBar0]:       fl=NOT_FOCUSABLE NOT_TOUCH_MODAL WATCH_OUTSIDE_TOUCH SPLIT_TOUCH FLAG_SLIPPERY
04-27 18:46:23.412  3018  3018 D VRI[NavigationBar0]:       pfl=LAYOUT_SIZE_EXTENDED_BY_CUTOUT COLOR_SPACE_AGNOSTIC FIT_INSETS_CONTROLLED TRUSTED_OVERLAY
04-27 18:46:23.412  3018  3018 D VRI[NavigationBar0]:       bhv=DEFAULT
04-27 18:46:23.412  3018  3018 D VRI[NavigationBar0]:       providedInsets:
04-27 18:46:23.412  3018  3018 D VRI[NavigationBar0]:         InsetsFrameProvider: {id=#a7c80001, index=0, type=navigationBars, source=FRAME, flags=[], insetsSize=Insets{left=0, top=0, right=0, bottom=120}, insetsSizeOverrides=[TypedInsetsSize: {windowType=INPUT_METHOD, insetsSize=null}]}
04-27 18:46:23.412  3018  3018 D VRI[NavigationBar0]:         InsetsFrameProvider: {id=#a7c80006, index=0, type=tappableElement, source=FRAME, flags=[]}
04-27 18:46:23.412  3018  3018 D VRI[NavigationBar0]:         InsetsFrameProvider: {id=#a7c80005, index=0, type=mandatorySystemGestures, source=FRAME, flags=[]}
04-27 18:46:23.412  3018  3018 D VRI[NavigationBar0]:         InsetsFrameProvider: {id=#a7c80004, index=0, type=systemGestures, source=DISPLAY, flags=[], insetsSize=Insets{left=0, top=0, right=0, bottom=0}, mMinimalInsetsSizeInDisplayCutoutSafe=Insets{left=0, top=0, right=0, bottom=0}}
04-27 18:46:23.412  3018  3018 D VRI[NavigationBar0]:         InsetsFrameProvider: {id=#a7c80024, index=1, type=systemGestures, source=DISPLAY, flags=[], insetsSize=Insets{left=0, top=0, right=0, bottom=0}, mMinimalInsetsSizeInDisplayCutoutSafe=Insets{left=0, top=0, right=0, bottom=0}}}
04-27 18:46:23.412  3018  3018 D VRI[NavigationBar0]:     ROTATION_90={(0,0)(120xfill) gr=RIGHT CENTER_HORIZONTAL layoutInDisplayCutoutMode=always ty=NAVIGATION_BAR fmt=TRANSLUCENT
04-27 18:46:23.412  3018  3018 D VRI[NavigationBar0]:       fl=NOT_FOCUSABLE NOT_TOUCH_MODAL WATCH_OUTSIDE_TOUCH SPLIT_TOUCH FLAG_SLIPPERY
