04-27 18:37:24.066  1760  1760 W Looper  : Slow dispatch took 170ms main h=com.motorola.server.display.PanelsService$PanelHandler c=null m=1
04-27 18:37:24.066  1760  1760 I BrightnessSynchronizer: New Update: {[781] 0.19798127(f), mUpdatedTypes=0, mConfirmedTypes=0, mTimeUpdated=0, mState=2}
04-27 18:37:24.068  1760  2145 I DisplayDeviceRepository: Display device changed state: "Tela integrada", ON
04-27 18:37:24.069  1760  2246 I WindowManager: Display 0 turned on...
04-27 18:37:24.286  1760  4804 I ActivityManager: Killing 667:com.google.android.permissioncontroller/u0a280 (adj 995, setSvc -10000): empty #31
04-27 18:37:24.332  1760  4804 I ActivityManager: appDiedLocked: app=ProcessRecord{25e6250 667:com.google.android.permissioncontroller/u0a280} thread=android.os.BinderProxy@57bfcf1 fromBinderDied=true isKilledByAm=true reason=null
04-27 18:37:24.333  1760  4804 D RestartModeController: markWaitRestartAppIsSuicided null processName=com.google.android.permissioncontroller
04-27 18:37:24.335  1760  2143 D DisplayManagerService: Drop pending events for gone uid 10280
04-27 18:37:24.335  1760  4804 D ActivityTaskManager: handleAppDied: uid=10280,diedCount=1,lastDiedTime=26310964,forceStopUids=false
04-27 18:37:24.650  1760  4803 D CompatibilityChangeReporter: Compat change id reported: 261072174; UID 10224; state: ENABLED
04-27 18:37:24.681  1760  5401 D ActivityManager: unfreezing ProcessRecord{d206103 11019:com.google.process.gservices/u0a158}, reason = oom_uncached, adj = 0, adjType = provider, adjSource = ProcessRecord{f24977 13073:com.google.android.apps.youtube.music/u0a224}
04-27 18:37:24.682  1760  5401 D ActivityManager: sync unfroze 11019 com.google.process.gservices for 7
04-27 18:37:24.707  1760  4803 D CompatibilityChangeReporter: Compat change id reported: 161145287; UID 10224; state: ENABLED
04-27 18:37:24.760  1760  4803 D CompatibilityChangeReporter: Compat change id reported: 319212206; UID 10224; state: ENABLED
04-27 18:37:24.812  1760  5402 I ActivityManager: Flag disabled. Ignoring finishAttachApplication from uid: 10224. pid: 13073
04-27 18:37:24.867  1760  5401 D CompatibilityChangeReporter: Compat change id reported: 253665015; UID 10224; state: ENABLED
04-27 18:37:24.867  1760  5401 D CompatibilityChangeReporter: Compat change id reported: 194532703; UID 10224; state: ENABLED
04-27 18:37:24.931  1760  4803 W JobScheduler: Job didn't exist in JobStore: 6878807 {androidx.work.systemjobscheduler} #u0a224/60290 @androidx.work.systemjobscheduler@com.google.android.apps.youtube.music/androidx.work.impl.background.systemjob.SystemJobService
04-27 18:37:24.952  1760  5401 W JobScheduler: Job didn't exist in JobStore: 355bd34 {androidx.work.systemjobscheduler} #u0a224/60290 @androidx.work.systemjobscheduler@com.google.android.apps.youtube.music/androidx.work.impl.background.systemjob.SystemJobService
04-27 18:37:24.954  1760  5401 I ActivityManager: Killing 10368:com.google.android.webview:sandboxed_process0:org.chromium.content.app.SandboxedProcessService0:0/u0a434i60 (adj 995, setSvc -10000): empty #31
04-27 18:37:25.006  1760  5401 I ActivityManager: appDiedLocked: app=ProcessRecord{54bec3d 10368:com.google.android.webview:sandboxed_process0:org.chromium.content.app.SandboxedProcessService0:0/u0a434i60} thread=android.os.BinderProxy@f7cdb64 fromBinderDied=true isKilledByAm=true reason=null
04-27 18:37:25.007  1760  5401 W ActivityManager: Scheduling restart of crashed service br.com.Inter.CDPro/org.chromium.content.app.SandboxedProcessService0:0 in 1000ms for connection
04-27 18:37:25.008  1760  5401 D ActivityTaskManager: handleAppDied: uid=99060,diedCount=0,lastDiedTime=0,forceStopUids=false
04-27 18:37:25.008  1760  2143 D DisplayManagerService: Drop pending events for gone uid 99060
04-27 18:37:25.012  1760  4803 I ActivityManager: Killing 9627:br.com.Inter.CDPro/u0a434 (adj 945, setSvc -10000): empty #31
04-27 18:37:25.211  1760  4804 I ActivityManager: appDiedLocked: app=ProcessRecord{2210c5d 9627:br.com.Inter.CDPro/u0a434} thread=android.os.BinderProxy@2d501f5 fromBinderDied=true isKilledByAm=true reason=null
04-27 18:37:25.214  1760  4804 D RestartModeController: markWaitRestartAppIsSuicided null processName=br.com.Inter.CDPro
04-27 18:37:25.214  1760  4804 D ActivityTaskManager: handleAppDied: uid=10434,diedCount=1,lastDiedTime=26630304,forceStopUids=false
04-27 18:37:25.215  1760  2143 D DisplayManagerService: Drop pending events for gone uid 10434
04-27 18:37:25.810  1760  4803 D CompatibilityChangeReporter: Compat change id reported: 183164979; UID 10224; state: ENABLED
04-27 18:37:26.548  1760  4803 W JobScheduler: Job didn't exist in JobStore: 183afe1 {androidx.work.systemjobscheduler} #u0a224/60296 @androidx.work.systemjobscheduler@com.google.android.apps.youtube.music/androidx.work.impl.background.systemjob.SystemJobService
04-27 18:37:29.896  1760  4803 I DreamManagerService: startDozing by com.android.systemui callingUid=10263 callingPid=3018
04-27 18:37:29.896  1760  4803 D DreamManagerService: Dream requested to start dozing: android.os.Binder@5010a58, screenState=1, screenBrightness=-1
04-27 18:37:29.898  1760  2246 I DisplayPowerController2[0]: Blocking screen off
04-27 18:37:29.898  1760  2246 I WindowManager: Display 0 turning off...
04-27 18:37:29.898  1760  2246 I DisplayPowerController2[0]: Unblocked screen off after 1 ms
04-27 18:37:29.901  1760  2246 I WindowManager: Display0 turned off...
04-27 18:37:29.903  1760  2246 I DisplayBrightnessStrategySelector: Changing the DisplayBrightnessStrategy from InvalidBrightnessStrategy toScreenOffBrightnessStrategy for display 0
04-27 18:37:29.907  1760  2246 V DisplayPowerController2[0]: Brightness [0.0] reason changing to: 'screen_off', previous reason: 'manual'.
04-27 18:37:29.907  1760  2246 I DisplayPowerController2[0]: 2026-04-27 21:37:29 - BrightnessEvent: disp=0, physDisp=local:4630947043778501762, brt=0.0, initBrt=0.19798127, rcmdBrt=NaN, preBrt=NaN, lux=0.0, preLux=0.0, brtNits=3.6666667, hdrNits=NaN, initNits=102.27551, preNits=NaN, rcmdNits=NaN, hdrBrightness=NaN, brt(%)=0%, brtInt=1, hbmMax=0.9999, hbmMode=off, rbcStrength=50, thrmMax=1.0, powerFactor=1.0, wasShortTermModelActive=false, flags=, reason=screen_off, autoBrightness=false, strategy=ScreenOffBrightnessStrategy
04-27 18:37:29.908  1760  1760 I BrightnessSynchronizer: New Update: {[782] 0.19798127(f), mUpdatedTypes=0, mConfirmedTypes=0, mTimeUpdated=0, mState=2}
04-27 18:37:29.913  1760  2145 I DisplayDeviceRepository: Display device changed state: "Tela integrada", OFF
04-27 18:37:29.917  1760  2142 D TouchHwService: updateDefaultDisplayState: mScreenOn=false
04-27 18:37:29.917  1760  1760 D PanelsService: updateDefaultDisplayState: mScreenState=OFF
04-27 18:37:29.919  1760  2920 D LocalDisplayAdapter: setDisplayPowerMode mode=0 for display=android.os.BinderProxy@4c5c3c
04-27 18:37:29.920  1760  2146 I DisplayDevice: [0] Layerstack set to -1 for local:4630947043778501762
04-27 18:37:29.953  1760  4804 V SensorOverlays: disableUdfpsHbm fpsRefreshRateRequestCallback=android.hardware.fingerprint.IUdfpsRefreshRateRequestCallback$Stub$Proxy@6f9cbaf
04-27 18:37:30.019  1760  4803 D PowerManagerService: nativeReleaseSuspendBlocker name:PowerManagerService.WakeLocks duration ms: 0
04-27 18:37:30.105  1760  2920 D PowerManagerService: nativeSetPowerMode ret:false mode:9 enabled:true duration ms: 0
04-27 18:37:30.108  1760  2246 D PowerManagerService: nativeSetAutoSuspend enable:true duration ms: 0
04-27 18:37:30.108  1760  2246 D PowerManagerService: nativeReleaseSuspendBlocker name:PowerManagerService.Display duration ms: 0
04-27 18:37:30.115  1760  2145 I DisplayDeviceRepository: Display device changed state: "Tela integrada", OFF
04-27 18:37:30.118  1760  1760 I BrightnessSynchronizer: New Update: {[783] 0.19798127(f), mUpdatedTypes=0, mConfirmedTypes=0, mTimeUpdated=0, mState=2}
04-27 18:37:30.127  1760  2145 I DisplayDeviceRepository: Display device changed: DisplayDeviceInfo{"Tela integrada": uniqueId="local:4630947043778501762", 1080 x 2400, modeId 2, renderFrameRate 72.00001, defaultModeId 1, supportedModes [{id=1, width=1080, height=2400, fps=60.000004, alternativeRefreshRates=[48.000004, 90.0, 120.00001, 144.00002], supportedHdrTypes=[2, 3, 4]}, {id=2, width=1080, height=2400, fps=144.00002, alternativeRefreshRates=[48.000004, 60.000004, 90.0, 120.00001], supportedHdrTypes=[2, 3, 4]}, {id=3, width=1080, height=2400, fps=120.00001, alternativeRefreshRates=[48.000004, 60.000004, 90.0, 144.00002], supportedHdrTypes=[2, 3, 4]}, {id=4, width=1080, height=2400, fps=90.0, alternativeRefreshRates=[48.000004, 60.000004, 120.00001, 144.00002], supportedHdrTypes=[2, 3, 4]}, {id=5, width=1080, height=2400, fps=48.000004, alternativeRefreshRates=[60.000004, 90.0, 120.00001, 144.00002], supportedHdrTypes=[2, 3, 4]}], supportedReadyForModes [], colorMode 0, supportedColorModes [0, 7, 9], hdrCapabilities HdrCapabilities{mSupportedHdrTypes=[2, 3, 4], mMaxLuminance=500.0, mMaxAverageLuminance=250.005, mMinLuminance=0.01}, allmSupported false, gameContentTypeSupported false, density 400, 403.411 x 401.052 dpi, appVsyncOff 1000000, presDeadline 11944444, cutout DisplayCutout{insets=Rect(0, 105 - 0, 0) waterfall=Insets{left=0, top=0, right=0, bottom=0} boundingRect={Bounds=[Rect(0, 0 - 0, 0), Rect(505, 0 - 575, 105), Rect(0, 0 - 0, 0), Rect(0, 0 - 0, 0)]} cutoutPathParserInfo={CutoutPathParserInfo{displayWidth=1080 displayHeight=2400 physicalDisplayWidth=1080 physicalDisplayHeight=2400 density={2.5} cutoutSpec={M -35,0 L 35,0 L 35,105 L -35,105 Z} rotation={0} scale={1.0} physicalPixelDisplaySizeRatio={1.0}}}}, touch INTERNAL, rotation 0, type INTERNAL, address {port=130, model=0x40446dccee101c}, deviceProductInfo DeviceProductInfo{name=, manufacturerPnpId=QCM, productId=1, modelYear=null, manufactureDate=ManufactureDate{week=27, year=2006}, connectionToSinkType=0}, state OFF, committedState OFF, frameRateOverride , brightnessMinimum 0.0, brightnessMaximum 1.0, brightnessDefault 0.38188976, hdrSdrRatio 1.0, roundedCorners RoundedCorners{[RoundedCorner{position=TopLeft, radius=95, center=Point(95, 95)}, RoundedCorner{position=TopRight, radius=95, center=Point(985, 95)}, RoundedCorner{position=BottomRight, radius=95, center=Point(985, 2305)}, RoundedCorner{position=BottomLeft, radius=95, center=Point(95, 2305)}]}, FLAG_ALLOWED_TO_BE_DEFAULT_DISPLAY, FLAG_ROTATES_WITH_CONTENT, FLAG_SECURE, FLAG_SUPPORTS_PROTECTED_BUFFERS, FLAG_TRUSTED, installOrientation 0, displayShape DisplayShape{ spec=-1893857183 displayWidth=1080 displayHeight=2400 physicalPixelDisplaySizeRatio=1.0 rotation=0 offsetX=0 offsetY=0 scale=1.0}}
04-27 18:37:30.129  1760  2145 D DisplayManagerService: Ignore redundant display event 0/2 to 10303/1342
04-27 18:37:30.130  1760  2145 D DisplayManagerService: Ignore redundant display event 0/2 to 10413/4282
04-27 18:37:30.131  1760  2145 D DisplayManagerService: Ignore redundant display event 0/2 to 10345/8033
04-27 18:37:30.131  1760  2145 D DisplayManagerService: Ignore redundant display event 0/2 to 10257/12573
04-27 18:37:30.131  1760  2145 D DisplayManagerService: Ignore redundant display event 0/2 to 10411/17335
04-27 18:37:30.147  1760  2145 I DisplayDeviceRepository: Display device changed: DisplayDeviceInfo{"Tela integrada": uniqueId="local:4630947043778501762", 1080 x 2400, modeId 4, renderFrameRate 90.0, defaultModeId 1, supportedModes [{id=1, width=1080, height=2400, fps=60.000004, alternativeRefreshRates=[48.000004, 90.0, 120.00001, 144.00002], supportedHdrTypes=[2, 3, 4]}, {id=2, width=1080, height=2400, fps=144.00002, alternativeRefreshRates=[48.000004, 60.000004, 90.0, 120.00001], supportedHdrTypes=[2, 3, 4]}, {id=3, width=1080, height=2400, fps=120.00001, alternativeRefreshRates=[48.000004, 60.000004, 90.0, 144.00002], supportedHdrTypes=[2, 3, 4]}, {id=4, width=1080, height=2400, fps=90.0, alternativeRefreshRates=[48.000004, 60.000004, 120.00001, 144.00002], supportedHdrTypes=[2, 3, 4]}, {id=5, width=1080, height=2400, fps=48.000004, alternativeRefreshRates=[60.000004, 90.0, 120.00001, 144.00002], supportedHdrTypes=[2, 3, 4]}], supportedReadyForModes [], colorMode 0, supportedColorModes [0, 7, 9], hdrCapabilities HdrCapabilities{mSupportedHdrTypes=[2, 3, 4], mMaxLuminance=500.0, mMaxAverageLuminance=250.005, mMinLuminance=0.01}, allmSupported false, gameContentTypeSupported false, density 400, 403.411 x 401.052 dpi, appVsyncOff 1000000, presDeadline 16111111, cutout DisplayCutout{insets=Rect(0, 105 - 0, 0) waterfall=Insets{left=0, top=0, right=0, bottom=0} boundingRect={Bounds=[Rect(0, 0 - 0, 0), Rect(505, 0 - 575, 105), Rect(0, 0 - 0, 0), Rect(0, 0 - 0, 0)]} cutoutPathParserInfo={CutoutPathParserInfo{displayWidth=1080 displayHeight=2400 physicalDisplayWidth=1080 physicalDisplayHeight=2400 density={2.5} cutoutSpec={M -35,0 L 35,0 L 35,105 L -35,105 Z} rotation={0} scale={1.0} physicalPixelDisplaySizeRatio={1.0}}}}, touch INTERNAL, rotation 0, type INTERNAL, address {port=130, model=0x40446dccee101c}, deviceProductInfo DeviceProductInfo{name=, manufacturerPnpId=QCM, productId=1, modelYear=null, manufactureDate=ManufactureDate{week=27, year=2006}, connectionToSinkType=0}, state OFF, committedState OFF, frameRateOverride , brightnessMinimum 0.0, brightnessMaximum 1.0, brightnessDefault 0.38188976, hdrSdrRatio 1.0, roundedCorners RoundedCorners{[RoundedCorner{position=TopLeft, radius=95, center=Point(95, 95)}, RoundedCorner{position=TopRight, radius=95, center=Point(985, 95)}, RoundedCorner{position=BottomRight, radius=95, center=Point(985, 2305)}, RoundedCorner{position=BottomLeft, radius=95, center=Point(95, 2305)}]}, FLAG_ALLOWED_TO_BE_DEFAULT_DISPLAY, FLAG_ROTATES_WITH_CONTENT, FLAG_SECURE, FLAG_SUPPORTS_PROTECTED_BUFFERS, FLAG_TRUSTED, installOrientation 0, displayShape DisplayShape{ spec=-1893857183 displayWidth=1080 displayHeight=2400 physicalPixelDisplaySizeRatio=1.0 rotation=0 offsetX=0 offsetY=0 scale=1.0}}
04-27 18:37:30.149  1760  2145 D DisplayManagerService: Ignore redundant display event 0/2 to 10303/1342
04-27 18:37:30.150  1760  2145 D DisplayManagerService: Ignore redundant display event 0/2 to 10413/4282
04-27 18:37:30.151  1760  2145 D DisplayManagerService: Ignore redundant display event 0/2 to 10345/8033
04-27 18:37:30.151  1760  2145 D DisplayManagerService: Ignore redundant display event 0/2 to 10257/12573
04-27 18:37:30.151  1760  2145 D DisplayManagerService: Ignore redundant display event 0/2 to 10411/17335
04-27 18:37:31.299  1760  2159 W ProcessStats: Tracking association SourceState{26dd6 com.google.android.gms.persistent/10158 BFgs #109803} whose proc state 4 is better than process ProcessState{be122c7 com.google.android.gms/10158 pkg=com.google.android.gms} proc state 14 (249 skipped)
04-27 18:37:33.608  1760  2696 D ActivityManager: freezing 7527 com.google.android.apps.turbo, reason = oom_cached
04-27 18:37:33.610  1760  2696 D ActivityManager: freezing 6811 com.android.settings, reason = oom_cached
04-27 18:37:33.681  1760  2696 D ActivityManager: freezing 6260 com.google.android.cellbroadcastreceiver, reason = oom_cached
04-27 18:37:33.920  1760  2696 D ActivityManager: freezing 13009 com.google.android.as.oss, reason = oom_cached
04-27 18:37:34.000  1760  2696 D ActivityManager: freezing 13062 com.google.android.as.oss:learning_bg, reason = oom_cached
04-27 18:37:36.559  1760  2696 D ActivityManager: freezing 13073 com.google.android.apps.youtube.music, reason = oom_cached
04-27 18:37:36.565  1760  2696 D ActivityManager: freezing 11019 com.google.process.gservices, reason = oom_cached
04-27 18:37:42.496  1760  4804 W ProcessStats: Tracking association SourceState{529e4d2 com.android.systemui/10263 BFgs #109817} whose proc state 4 is better than process ProcessState{1bb1b5f com.google.android.apps.chromecast.app/10296 pkg=com.google.android.apps.chromecast.app} proc state 5 (23 skipped)
04-27 18:37:44.020  1760  2696 D ActivityManager: freezing 12029 com.google.android.dialer, reason = oom_cached
04-27 18:37:45.276  1760  2696 D ActivityManager: freezing 18125 com.google.android.gms, reason = oom_cached
04-27 18:37:48.852  1760  1760 V UiModeManager: updateLocked: null action, mDockState=0, category=null
04-27 18:37:48.852  1760  1760 D UiModeManager: updateConfigurationLocked: mDockState=0; mCarMode=false; mNightMode=2; mNightModeCustomType=-1; uiMode=33
04-27 18:37:48.855  3018  3540 D PowerUI : can't show warning due to - plugged: true status unknown: false
04-27 18:37:57.539  1760  4804 W ProcessStats: Tracking association SourceState{529e4d2 com.android.systemui/10263 BFgs #109822} whose proc state 4 is better than process ProcessState{1bb1b5f com.google.android.apps.chromecast.app/10296 pkg=com.google.android.apps.chromecast.app} proc state 5 (3 skipped)
04-27 18:38:12.610  1760  4804 W ProcessStats: Tracking association SourceState{529e4d2 com.android.systemui/10263 BFgs #109823} whose proc state 4 is better than process ProcessState{1bb1b5f com.google.android.apps.chromecast.app/10296 pkg=com.google.android.apps.chromecast.app} proc state 5 (0 skipped)
04-27 18:38:14.028  1760  2713 D PowerManagerService: nativeAcquireSuspendBlocker name:PowerManagerService.WakeLocks duration ms: 6
04-27 18:38:14.028  1760  2246 V AutomaticBrightnessController[0]: onAlarm: timeout to invalidate short term model.
04-27 18:38:14.029  1760  2246 D PowerManagerService: nativeReleaseSuspendBlocker name:PowerManagerService.WakeLocks duration ms: 0
04-27 18:38:24.657  1760  1760 V UiModeManager: updateLocked: null action, mDockState=0, category=null
04-27 18:38:24.658  1760  1760 D UiModeManager: updateConfigurationLocked: mDockState=0; mCarMode=false; mNightMode=2; mNightModeCustomType=-1; uiMode=33
04-27 18:38:24.660  3018  3894 D PowerUI : can't show warning due to - plugged: true status unknown: false
04-27 18:38:28.367  1760  4804 D PowerManagerService: nativeAcquireSuspendBlocker name:PowerManagerService.WakeLocks duration ms: 4
04-27 18:38:28.581  1760  4942 D PowerManagerService: nativeReleaseSuspendBlocker name:PowerManagerService.WakeLocks duration ms: 0
04-27 18:38:48.856  1760  1760 V UiModeManager: updateLocked: null action, mDockState=0, category=null
04-27 18:38:48.856  1760  1760 D UiModeManager: updateConfigurationLocked: mDockState=0; mCarMode=false; mNightMode=2; mNightModeCustomType=-1; uiMode=33
04-27 18:38:48.857  3018  3905 D PowerUI : can't show warning due to - plugged: true status unknown: false
04-27 18:38:52.817  1760  2630 D BatteryService: uevent={POWER_SUPPLY_POWER_AVG=35009157, POWER_SUPPLY_VOLTAGE_NOW=4497120, POWER_SUPPLY_POWER_NOW=55826156, POWER_SUPPLY_CHARGE_CONTROL_LIMIT_MAX=10, POWER_SUPPLY_TYPE=Battery, POWER_SUPPLY_HEALTH=Good, POWER_SUPPLY_TECHNOLOGY=Li-ion, POWER_SUPPLY_CHARGE_FULL_DESIGN=4089000, SEQNUM=13230, POWER_SUPPLY_CHARGE_CONTROL_LIMIT=0, POWER_SUPPLY_MODEL_NAME=5497416_LENOVO_DUBAI_4020MAH_AVERAGED_MASTERSLAVE_NOV25TH2021, POWER_SUPPLY_STATUS=Charging, POWER_SUPPLY_CYCLE_COUNT=1608, POWER_SUPPLY_CAPACITY=91, DEVPATH=/devices/platform/soc/soc:qcom,pmic_glink/soc:qcom,pmic_glink:qcom,battery_charger/power_supply/battery, POWER_SUPPLY_CHARGE_TYPE=Standard, POWER_SUPPLY_CURRENT_NOW=570991, POWER_SUPPLY_TIME_TO_FULL_AVG=2283, POWER_SUPPLY_PRESENT=1, POWER_SUPPLY_CHARGE_FULL=3044000, POWER_SUPPLY_TIME_TO_FULL_NOW=2283, SUBSYSTEM=power_supply, POWER_SUPPLY_VOLTAGE_OCV=4336475, POWER_SUPPLY_TEMP=290, ACTION=change, POWER_SUPPLY_NAME=battery, POWER_SUPPLY_VOLTAGE_MAX=4480000, POWER_SUPPLY_CHARGE_COUNTER=2755428, POWER_SUPPLY_TIME_TO_EMPTY_AVG=-1}
04-27 18:38:52.817  1760  2630 D BatteryService: uevent={POWER_SUPPLY_POWER_AVG=35009157, POWER_SUPPLY_VOLTAGE_NOW=4497120, POWER_SUPPLY_POWER_NOW=55826156, POWER_SUPPLY_CHARGE_CONTROL_LIMIT_MAX=10, POWER_SUPPLY_TYPE=Battery, POWER_SUPPLY_HEALTH=Good, POWER_SUPPLY_TECHNOLOGY=Li-ion, POWER_SUPPLY_CHARGE_FULL_DESIGN=4089000, SEQNUM=13230, POWER_SUPPLY_CHARGE_CONTROL_LIMIT=0, POWER_SUPPLY_MODEL_NAME=5497416_LENOVO_DUBAI_4020MAH_AVERAGED_MASTERSLAVE_NOV25TH2021, POWER_SUPPLY_STATUS=Charging, POWER_SUPPLY_CYCLE_COUNT=1608, POWER_SUPPLY_CAPACITY=91, DEVPATH=/devices/platform/soc/soc:qcom,pmic_glink/soc:qcom,pmic_glink:qcom,battery_charger/power_supply/battery, POWER_SUPPLY_CHARGE_TYPE=Standard, POWER_SUPPLY_CURRENT_NOW=570991, POWER_SUPPLY_TIME_TO_FULL_AVG=2283, POWER_SUPPLY_PRESENT=1, POWER_SUPPLY_CHARGE_FULL=3044000, POWER_SUPPLY_TIME_TO_FULL_NOW=2283, SUBSYSTEM=power_supply, POWER_SUPPLY_VOLTAGE_OCV=4336475, POWER_SUPPLY_TEMP=290, ACTION=change, POWER_SUPPLY_NAME=battery, POWER_SUPPLY_VOLTAGE_MAX=4480000, POWER_SUPPLY_CHARGE_COUNTER=2755428, POWER_SUPPLY_TIME_TO_EMPTY_AVG=-1}
04-27 18:38:52.824  1760  1760 V UiModeManager: updateLocked: null action, mDockState=0, category=null
04-27 18:38:52.825  1760  1760 D UiModeManager: updateConfigurationLocked: mDockState=0; mCarMode=false; mNightMode=2; mNightModeCustomType=-1; uiMode=33
04-27 18:38:52.826  3018  3909 D PowerUI : can't show warning due to - plugged: true status unknown: false
04-27 18:38:52.828  1760  1760 V UiModeManager: updateLocked: null action, mDockState=0, category=null
04-27 18:38:52.828  1760  1760 D UiModeManager: updateConfigurationLocked: mDockState=0; mCarMode=false; mNightMode=2; mNightModeCustomType=-1; uiMode=33
04-27 18:38:52.829  3018  3898 D PowerUI : can't show warning due to - plugged: true status unknown: false
04-27 18:38:52.868  1760  2160 D ActivityManager: unfreezing ProcessRecord{6c145a9 6811:com.android.settings/1000}, reason = unfreezeTemporarily, adj = 925, adjType = cch-empty, adjSource = null
04-27 18:38:52.868  1760  1760 V UiModeManager: updateLocked: null action, mDockState=0, category=null
04-27 18:38:52.868  1760  1760 D UiModeManager: updateConfigurationLocked: mDockState=0; mCarMode=false; mNightMode=2; mNightModeCustomType=-1; uiMode=33
04-27 18:38:52.869  1760  2160 D ActivityManager: sync unfroze 6811 com.android.settings for 3
04-27 18:38:52.870  1760  2160 D ActivityManager: unfreezing ProcessRecord{5321843 7527:com.google.android.apps.turbo/u0a180}, reason = unfreezeTemporarily, adj = 1001, adjType = cch-empty, adjSource = null
04-27 18:38:52.871  1760  2160 D ActivityManager: sync unfroze 7527 com.google.android.apps.turbo for 3
04-27 18:38:52.872  3018  3900 D PowerUI : can't show warning due to - plugged: true status unknown: false
04-27 18:38:52.907  1760  1815 D PowerManagerService: nativeAcquireSuspendBlocker name:PowerManagerService.WakeLocks duration ms: 4
04-27 18:38:53.682  1760  1815 D PowerManagerService: nativeReleaseSuspendBlocker name:PowerManagerService.WakeLocks duration ms: 0
04-27 18:38:53.702  1760  4804 W ProcessStats: Tracking association SourceState{529e4d2 com.android.systemui/10263 BFgs #109831} whose proc state 4 is better than process ProcessState{1bb1b5f com.google.android.apps.chromecast.app/10296 pkg=com.google.android.apps.chromecast.app} proc state 5 (1 skipped)
04-27 18:39:01.605  1760  4804 D PowerManagerService: nativeAcquireSuspendBlocker name:PowerManagerService.WakeLocks duration ms: 4
04-27 18:39:01.692  1760  4804 W ContextImpl: Calling a method in the system process without a qualified user: android.app.ContextImpl.sendBroadcastMultiplePermissions:1281 android.content.Context.sendBroadcastMultiplePermissions:2476 com.android.server.TelephonyRegistry.broadcastServiceStateChanged:3597 com.android.server.TelephonyRegistry.notifyServiceStateForPhoneId:1734 com.android.internal.telephony.ITelephonyRegistry$Stub.onTransact:550 
04-27 18:39:01.693  1760  4804 W ContextImpl: Calling a method in the system process without a qualified user: android.app.ContextImpl.sendBroadcastMultiplePermissions:1314 com.android.server.TelephonyRegistry.broadcastServiceStateChanged:3602 com.android.server.TelephonyRegistry.notifyServiceStateForPhoneId:1734 com.android.internal.telephony.ITelephonyRegistry$Stub.onTransact:550 android.os.Binder.execTransactInternal:1385 
04-27 18:39:01.694  1760  4804 W ContextImpl: Calling a method in the system process without a qualified user: android.app.ContextImpl.sendBroadcastMultiplePermissions:1314 com.android.server.TelephonyRegistry.broadcastServiceStateChanged:3611 com.android.server.TelephonyRegistry.notifyServiceStateForPhoneId:1734 com.android.internal.telephony.ITelephonyRegistry$Stub.onTransact:550 android.os.Binder.execTransactInternal:1385 
04-27 18:39:01.695  1760  4804 W ContextImpl: Calling a method in the system process without a qualified user: android.app.ContextImpl.sendBroadcastMultiplePermissions:1314 com.android.server.TelephonyRegistry.broadcastServiceStateChanged:3617 com.android.server.TelephonyRegistry.notifyServiceStateForPhoneId:1734 com.android.internal.telephony.ITelephonyRegistry$Stub.onTransact:550 android.os.Binder.execTransactInternal:1385 
04-27 18:39:01.696  1760  2160 D ActivityManager: unfreezing ProcessRecord{57291eb 6260:com.google.android.cellbroadcastreceiver/u0a281}, reason = unfreezeTemporarily, adj = 925, adjType = cch-empty, adjSource = null
04-27 18:39:01.696  1760  2160 D ActivityManager: sync unfroze 6260 com.google.android.cellbroadcastreceiver for 3
04-27 18:39:01.822  1760  4942 D PowerManagerService: nativeReleaseSuspendBlocker name:PowerManagerService.WakeLocks duration ms: 0
04-27 18:39:02.885  1760  2696 D ActivityManager: freezing 7527 com.google.android.apps.turbo, reason = oom_cached
04-27 18:39:02.909  1760  2696 D ActivityManager: freezing 6811 com.android.settings, reason = oom_cached
04-27 18:39:04.921  1760  4942 D PowerManagerService: nativeAcquireSuspendBlocker name:PowerManagerService.WakeLocks duration ms: 5
04-27 18:39:04.963  1760  4942 W ContextImpl: Calling a method in the system process without a qualified user: android.app.ContextImpl.sendBroadcastMultiplePermissions:1281 android.content.Context.sendBroadcastMultiplePermissions:2476 com.android.server.TelephonyRegistry.broadcastServiceStateChanged:3597 com.android.server.TelephonyRegistry.notifyServiceStateForPhoneId:1734 com.android.internal.telephony.ITelephonyRegistry$Stub.onTransact:550 
04-27 18:39:04.964  1760  4942 W ContextImpl: Calling a method in the system process without a qualified user: android.app.ContextImpl.sendBroadcastMultiplePermissions:1314 com.android.server.TelephonyRegistry.broadcastServiceStateChanged:3602 com.android.server.TelephonyRegistry.notifyServiceStateForPhoneId:1734 com.android.internal.telephony.ITelephonyRegistry$Stub.onTransact:550 android.os.Binder.execTransactInternal:1385 
04-27 18:39:04.966  1760  4942 W ContextImpl: Calling a method in the system process without a qualified user: android.app.ContextImpl.sendBroadcastMultiplePermissions:1314 com.android.server.TelephonyRegistry.broadcastServiceStateChanged:3611 com.android.server.TelephonyRegistry.notifyServiceStateForPhoneId:1734 com.android.internal.telephony.ITelephonyRegistry$Stub.onTransact:550 android.os.Binder.execTransactInternal:1385 
04-27 18:39:04.967  1760  4942 W ContextImpl: Calling a method in the system process without a qualified user: android.app.ContextImpl.sendBroadcastMultiplePermissions:1314 com.android.server.TelephonyRegistry.broadcastServiceStateChanged:3617 com.android.server.TelephonyRegistry.notifyServiceStateForPhoneId:1734 com.android.internal.telephony.ITelephonyRegistry$Stub.onTransact:550 android.os.Binder.execTransactInternal:1385 
04-27 18:39:04.997  1760  2859 E AppOps  : attributionTag VCN not declared in manifest of android
04-27 18:39:04.998  1760  2859 E AppOps  : attributionTag VCN not declared in manifest of android
04-27 18:39:04.998  1760  2859 E AppOps  : attributionTag VCN not declared in manifest of android
04-27 18:39:05.017  1760  2160 D ActivityManager: unfreezing ProcessRecord{4459a2c 12029:com.google.android.dialer/u0a185}, reason = unfreezeTemporarily, adj = 925, adjType = cch-empty, adjSource = null
04-27 18:39:05.017  1760  2160 D ActivityManager: sync unfroze 12029 com.google.android.dialer for 3
04-27 18:39:05.018  1760  2160 W ProcessStats: Tracking association SourceState{643d647 com.android.systemui/10263 BFgs #109840} whose proc state 4 is better than process ProcessState{d5bd034 com.motorola.dynamicvolume/10168 pkg=com.motorola.dynamicvolume} proc state 5 (0 skipped)
04-27 18:39:05.123  1760  1815 D PowerManagerService: nativeReleaseSuspendBlocker name:PowerManagerService.WakeLocks duration ms: 0
04-27 18:39:14.602  1760  4804 D PowerManagerService: nativeAcquireSuspendBlocker name:PowerManagerService.WakeLocks duration ms: 4
04-27 18:39:14.684  1760  2142 D time_detector: Telephony time suggestion received newSuggestion=TelephonyTimeSuggestion{mSlotIndex='1', mUnixEpochTime=null, mDebugInfo=[Clearing time suggestion reason=handleNetworkAvailable, mLatestNitzSignal restored from mLastNitzSignalCleared=null]}
04-27 18:39:14.708  1760  4804 W ContextImpl: Calling a method in the system process without a qualified user: android.app.ContextImpl.sendBroadcastMultiplePermissions:1281 android.content.Context.sendBroadcastMultiplePermissions:2476 com.android.server.TelephonyRegistry.broadcastServiceStateChanged:3597 com.android.server.TelephonyRegistry.notifyServiceStateForPhoneId:1734 com.android.internal.telephony.ITelephonyRegistry$Stub.onTransact:550 
04-27 18:39:14.710  1760  4804 W ContextImpl: Calling a method in the system process without a qualified user: android.app.ContextImpl.sendBroadcastMultiplePermissions:1314 com.android.server.TelephonyRegistry.broadcastServiceStateChanged:3602 com.android.server.TelephonyRegistry.notifyServiceStateForPhoneId:1734 com.android.internal.telephony.ITelephonyRegistry$Stub.onTransact:550 android.os.Binder.execTransactInternal:1385 
04-27 18:39:14.711  1760  4804 W ContextImpl: Calling a method in the system process without a qualified user: android.app.ContextImpl.sendBroadcastMultiplePermissions:1314 com.android.server.TelephonyRegistry.broadcastServiceStateChanged:3611 com.android.server.TelephonyRegistry.notifyServiceStateForPhoneId:1734 com.android.internal.telephony.ITelephonyRegistry$Stub.onTransact:550 android.os.Binder.execTransactInternal:1385 
04-27 18:39:14.712  1760  4804 W ContextImpl: Calling a method in the system process without a qualified user: android.app.ContextImpl.sendBroadcastMultiplePermissions:1314 com.android.server.TelephonyRegistry.broadcastServiceStateChanged:3617 com.android.server.TelephonyRegistry.notifyServiceStateForPhoneId:1734 com.android.internal.telephony.ITelephonyRegistry$Stub.onTransact:550 android.os.Binder.execTransactInternal:1385 
04-27 18:39:14.737  1760  2859 E AppOps  : attributionTag VCN not declared in manifest of android
04-27 18:39:14.739  1760  2859 E AppOps  : attributionTag VCN not declared in manifest of android
04-27 18:39:14.740  1760  2859 E AppOps  : attributionTag VCN not declared in manifest of android
04-27 18:39:14.776  1760  1815 I Telecom : : registerPhoneAccount: account=[[ ] PhoneAccount: ComponentInfo{com.android.phone/com.android.services.telephony.TelephonyConnectionService}, 3, UserHandle{0} Capabilities: CallProvider MultiUser PlaceEmerg SimSub  Audio Routes: BESW Schemes: tel voicemail  Extras: Bundle[{android.telecom.extra.SUPPORTS_VIDEO_CALLING_FALLBACK=true, android.telecom.extra.SORT_ORDER=0}] GroupId: ***]: TSI.rPA(cap)@FB8
04-27 18:39:14.777  1760  1815 I Telecom : PhoneAccountRegistrar: Modify account: [ComponentInfo{com.android.phone/com.android.services.telephony.TelephonyConnectionService}, 3, UserHandle{0}]: TSI.rPA(cap)@FB8
04-27 18:39:14.779  1760  1815 I Telecom : MotoCallsManager: handlePhoneAccountChanged: phoneAccount=[[X] PhoneAccount: ComponentInfo{com.android.phone/com.android.services.telephony.TelephonyConnectionService}, 3, UserHandle{0} Capabilities: CallProvider MultiUser PlaceEmerg SimSub  Audio Routes: BESW Schemes: tel voicemail  Extras: Bundle[{android.telecom.extra.SUPPORTS_VIDEO_CALLING_FALLBACK=true, android.telecom.extra.SORT_ORDER=0}] GroupId: ***]: TSI.rPA(cap)@FB8
04-27 18:39:14.783  1760  1815 I Telecom : PhoneAccountRegistrar: getSimCallManager: SimCallManager for subId 3 queried, returning: null: TSI.rPA(cap)@FB8
04-27 18:39:14.783  1760  1815 I Telecom : PhoneAccountRegistrar: Notifying telephony of voice service override change for 1 SIMs, hasService = false: TSI.rPA(cap)@FB8
04-27 18:39:14.817  1760  1815 I Telecom : : registerPhoneAccount: account=[[ ] PhoneAccount: ComponentInfo{com.android.phone/com.android.services.telephony.TelephonyConnectionService}, 2, UserHandle{0} Capabilities: CallProvider MultiUser PlaceEmerg SimSub  Audio Routes: BESW Schemes: tel voicemail  Extras: Bundle[{android.telecom.extra.SUPPORTS_VIDEO_CALLING_FALLBACK=true, android.telecom.extra.SORT_ORDER=1}] GroupId: ***]: TSI.rPA(cap)@FCA
04-27 18:39:14.819  1760  1815 I Telecom : PhoneAccountRegistrar: Modify account: [ComponentInfo{com.android.phone/com.android.services.telephony.TelephonyConnectionService}, 2, UserHandle{0}]: TSI.rPA(cap)@FCA
04-27 18:39:14.823  1760  1815 I Telecom : MotoCallsManager: handlePhoneAccountChanged: phoneAccount=[[X] PhoneAccount: ComponentInfo{com.android.phone/com.android.services.telephony.TelephonyConnectionService}, 2, UserHandle{0} Capabilities: CallProvider MultiUser PlaceEmerg SimSub  Audio Routes: BESW Schemes: tel voicemail  Extras: Bundle[{android.telecom.extra.SUPPORTS_VIDEO_CALLING_FALLBACK=true, android.telecom.extra.SORT_ORDER=1}] GroupId: ***]: TSI.rPA(cap)@FCA
04-27 18:39:14.833  1760  1815 I Telecom : PhoneAccountRegistrar: getSimCallManager: SimCallManager for subId 2 queried, returning: null: TSI.rPA(cap)@FCA
04-27 18:39:14.834  1760  1815 I Telecom : PhoneAccountRegistrar: Notifying telephony of voice service override change for 1 SIMs, hasService = false: TSI.rPA(cap)@FCA
04-27 18:39:15.071  1760  2621 I Telecom : : registerPhoneAccount: account=[[ ] PhoneAccount: ComponentInfo{com.android.phone/com.android.services.telephony.TelephonyConnectionService}, 3, UserHandle{0} Capabilities: CallProvider MultiUser PlaceEmerg SimSub  Audio Routes: BESW Schemes: tel voicemail  Extras: Bundle[{android.telecom.extra.SUPPORTS_VIDEO_CALLING_FALLBACK=true, android.telecom.extra.SORT_ORDER=0}] GroupId: ***]: TSI.rPA(cap)@FCo
04-27 18:39:15.073  1760  2621 I Telecom : PhoneAccountRegistrar: Modify account: [ComponentInfo{com.android.phone/com.android.services.telephony.TelephonyConnectionService}, 3, UserHandle{0}]: TSI.rPA(cap)@FCo
04-27 18:39:15.076  1760  2621 I Telecom : MotoCallsManager: handlePhoneAccountChanged: phoneAccount=[[X] PhoneAccount: ComponentInfo{com.android.phone/com.android.services.telephony.TelephonyConnectionService}, 3, UserHandle{0} Capabilities: CallProvider MultiUser PlaceEmerg SimSub  Audio Routes: BESW Schemes: tel voicemail  Extras: Bundle[{android.telecom.extra.SUPPORTS_VIDEO_CALLING_FALLBACK=true, android.telecom.extra.SORT_ORDER=0}] GroupId: ***]: TSI.rPA(cap)@FCo
04-27 18:39:15.083  1760  2621 I Telecom : PhoneAccountRegistrar: getSimCallManager: SimCallManager for subId 3 queried, returning: null: TSI.rPA(cap)@FCo
04-27 18:39:15.083  1760  2621 I Telecom : PhoneAccountRegistrar: Notifying telephony of voice service override change for 1 SIMs, hasService = false: TSI.rPA(cap)@FCo
04-27 18:39:15.136  1760  1815 I Telecom : : registerPhoneAccount: account=[[ ] PhoneAccount: ComponentInfo{com.android.phone/com.android.services.telephony.TelephonyConnectionService}, 2, UserHandle{0} Capabilities: CallProvider MultiUser PlaceEmerg SimSub  Audio Routes: BESW Schemes: tel voicemail  Extras: Bundle[{android.telecom.extra.SUPPORTS_VIDEO_CALLING_FALLBACK=true, android.telecom.extra.SORT_ORDER=1}] GroupId: ***]: TSI.rPA(cap)@FCs
04-27 18:39:15.139  1760  1815 I Telecom : PhoneAccountRegistrar: Modify account: [ComponentInfo{com.android.phone/com.android.services.telephony.TelephonyConnectionService}, 2, UserHandle{0}]: TSI.rPA(cap)@FCs
04-27 18:39:15.143  1760  1815 I Telecom : MotoCallsManager: handlePhoneAccountChanged: phoneAccount=[[X] PhoneAccount: ComponentInfo{com.android.phone/com.android.services.telephony.TelephonyConnectionService}, 2, UserHandle{0} Capabilities: CallProvider MultiUser PlaceEmerg SimSub  Audio Routes: BESW Schemes: tel voicemail  Extras: Bundle[{android.telecom.extra.SUPPORTS_VIDEO_CALLING_FALLBACK=true, android.telecom.extra.SORT_ORDER=1}] GroupId: ***]: TSI.rPA(cap)@FCs
04-27 18:39:15.150  1760  1815 I Telecom : PhoneAccountRegistrar: getSimCallManager: SimCallManager for subId 2 queried, returning: null: TSI.rPA(cap)@FCs
04-27 18:39:15.150  1760  1815 I Telecom : PhoneAccountRegistrar: Notifying telephony of voice service override change for 1 SIMs, hasService = false: TSI.rPA(cap)@FCs
04-27 18:39:15.160  1760  1815 D PowerManagerService: nativeReleaseSuspendBlocker name:PowerManagerService.WakeLocks duration ms: 0
04-27 18:39:15.176  1760  1815 W ProcessStats: Tracking association SourceState{529e4d2 com.android.systemui/10263 BFgs #109862} whose proc state 4 is better than process ProcessState{1bb1b5f com.google.android.apps.chromecast.app/10296 pkg=com.google.android.apps.chromecast.app} proc state 5 (8 skipped)
04-27 18:39:24.773  1760  2696 D ActivityManager: freezing 6260 com.google.android.cellbroadcastreceiver, reason = oom_cached
04-27 18:39:24.814  1760  2232 W BatteryExternalStatsWorker: error reading Bluetooth stats: 9
04-27 18:39:24.823  1760  5401 D PowerManagerService: nativeAcquireSuspendBlocker name:PowerManagerService.WakeLocks duration ms: 4
04-27 18:39:24.832  1760  1815 D PowerManagerService: nativeReleaseSuspendBlocker name:PowerManagerService.WakeLocks duration ms: 0
04-27 18:39:24.886  1760  2232 D KernelCpuUidUserSysTimeReader: Removing uids 99059-99059
04-27 18:39:29.800  1760  5401 W ProcessStats: Tracking association SourceState{529e4d2 com.android.systemui/10263 BFgs #109865} whose proc state 4 is better than process ProcessState{1bb1b5f com.google.android.apps.chromecast.app/10296 pkg=com.google.android.apps.chromecast.app} proc state 5 (3 skipped)
04-27 18:39:35.001  1760  2696 D ActivityManager: freezing 12029 com.google.android.dialer, reason = oom_cached
04-27 18:39:48.850  1760  1760 V UiModeManager: updateLocked: null action, mDockState=0, category=null
04-27 18:39:48.850  1760  1760 D UiModeManager: updateConfigurationLocked: mDockState=0; mCarMode=false; mNightMode=2; mNightModeCustomType=-1; uiMode=33
04-27 18:39:48.852  3018  3873 D PowerUI : can't show warning due to - plugged: true status unknown: false
04-27 18:39:51.073  1760  2232 W BatteryExternalStatsWorker: error reading Bluetooth stats: 9
04-27 18:39:51.083  1760  1815 D PowerManagerService: nativeAcquireSuspendBlocker name:PowerManagerService.WakeLocks duration ms: 5
04-27 18:39:51.091  1760  1815 D PowerManagerService: nativeReleaseSuspendBlocker name:PowerManagerService.WakeLocks duration ms: 0
04-27 18:39:54.749  1760  1760 V UiModeManager: updateLocked: null action, mDockState=0, category=null
04-27 18:39:54.750  1760  1760 D UiModeManager: updateConfigurationLocked: mDockState=0; mCarMode=false; mNightMode=2; mNightModeCustomType=-1; uiMode=33
04-27 18:39:54.753  3018  3908 D PowerUI : can't show warning due to - plugged: true status unknown: false
04-27 18:40:16.991  1760  2638 D CompatibilityChangeReporter: Compat change id reported: 218533173; UID 10405; state: ENABLED
04-27 18:40:16.991  1760  2638 D CompatibilityChangeReporter: Compat change id reported: 262645982; UID 10405; state: ENABLED
04-27 18:40:22.165  1760  2630 D BatteryService: uevent={POWER_SUPPLY_POWER_AVG=34398630, POWER_SUPPLY_VOLTAGE_NOW=4496731, POWER_SUPPLY_POWER_NOW=55478493, POWER_SUPPLY_CHARGE_CONTROL_LIMIT_MAX=10, POWER_SUPPLY_TYPE=Battery, POWER_SUPPLY_HEALTH=Good, POWER_SUPPLY_TECHNOLOGY=Li-ion, POWER_SUPPLY_CHARGE_FULL_DESIGN=4089000, SEQNUM=13232, POWER_SUPPLY_CHARGE_CONTROL_LIMIT=0, POWER_SUPPLY_MODEL_NAME=5497416_LENOVO_DUBAI_4020MAH_AVERAGED_MASTERSLAVE_NOV25TH2021, POWER_SUPPLY_STATUS=Charging, POWER_SUPPLY_CYCLE_COUNT=1608, POWER_SUPPLY_CAPACITY=92, DEVPATH=/devices/platform/soc/soc:qcom,pmic_glink/soc:qcom,pmic_glink:qcom,battery_charger/power_supply/battery, POWER_SUPPLY_CHARGE_TYPE=Standard, POWER_SUPPLY_CURRENT_NOW=548103, POWER_SUPPLY_TIME_TO_FULL_AVG=2242, POWER_SUPPLY_PRESENT=1, POWER_SUPPLY_CHARGE_FULL=3044000, POWER_SUPPLY_TIME_TO_FULL_NOW=2242, SUBSYSTEM=power_supply, POWER_SUPPLY_VOLTAGE_OCV=4341829, POWER_SUPPLY_TEMP=280, ACTION=change, POWER_SUPPLY_NAME=battery, POWER_SUPPLY_VOLTAGE_MAX=4480000, POWER_SUPPLY_CHARGE_COUNTER=2786782, POWER_SUPPLY_TIME_TO_EMPTY_AVG=-1}
04-27 18:40:22.165  1760  2630 D BatteryService: uevent={POWER_SUPPLY_POWER_AVG=34398630, POWER_SUPPLY_VOLTAGE_NOW=4496731, POWER_SUPPLY_POWER_NOW=55478493, POWER_SUPPLY_CHARGE_CONTROL_LIMIT_MAX=10, POWER_SUPPLY_TYPE=Battery, POWER_SUPPLY_HEALTH=Good, POWER_SUPPLY_TECHNOLOGY=Li-ion, POWER_SUPPLY_CHARGE_FULL_DESIGN=4089000, SEQNUM=13232, POWER_SUPPLY_CHARGE_CONTROL_LIMIT=0, POWER_SUPPLY_MODEL_NAME=5497416_LENOVO_DUBAI_4020MAH_AVERAGED_MASTERSLAVE_NOV25TH2021, POWER_SUPPLY_STATUS=Charging, POWER_SUPPLY_CYCLE_COUNT=1608, POWER_SUPPLY_CAPACITY=92, DEVPATH=/devices/platform/soc/soc:qcom,pmic_glink/soc:qcom,pmic_glink:qcom,battery_charger/power_supply/battery, POWER_SUPPLY_CHARGE_TYPE=Standard, POWER_SUPPLY_CURRENT_NOW=548103, POWER_SUPPLY_TIME_TO_FULL_AVG=2242, POWER_SUPPLY_PRESENT=1, POWER_SUPPLY_CHARGE_FULL=3044000, POWER_SUPPLY_TIME_TO_FULL_NOW=2242, SUBSYSTEM=power_supply, POWER_SUPPLY_VOLTAGE_OCV=4341829, POWER_SUPPLY_TEMP=280, ACTION=change, POWER_SUPPLY_NAME=battery, POWER_SUPPLY_VOLTAGE_MAX=4480000, POWER_SUPPLY_CHARGE_COUNTER=2786782, POWER_SUPPLY_TIME_TO_EMPTY_AVG=-1}
04-27 18:40:22.173  3018  3540 D PowerUI : can't show warning due to - plugged: true status unknown: false
04-27 18:40:22.173  1760  1760 V UiModeManager: updateLocked: null action, mDockState=0, category=null
04-27 18:40:22.174  1760  1760 D UiModeManager: updateConfigurationLocked: mDockState=0; mCarMode=false; mNightMode=2; mNightModeCustomType=-1; uiMode=33
04-27 18:40:22.176  1760  1760 V UiModeManager: updateLocked: null action, mDockState=0, category=null
04-27 18:40:22.176  1760  1760 D UiModeManager: updateConfigurationLocked: mDockState=0; mCarMode=false; mNightMode=2; mNightModeCustomType=-1; uiMode=33
04-27 18:40:22.177  3018  3894 D PowerUI : can't show warning due to - plugged: true status unknown: false
04-27 18:40:22.209  1760  1760 V UiModeManager: updateLocked: null action, mDockState=0, category=null
04-27 18:40:22.209  1760  1760 D UiModeManager: updateConfigurationLocked: mDockState=0; mCarMode=false; mNightMode=2; mNightModeCustomType=-1; uiMode=33
04-27 18:40:22.210  1760  2160 D ActivityManager: unfreezing ProcessRecord{6c145a9 6811:com.android.settings/1000}, reason = unfreezeTemporarily, adj = 925, adjType = cch-empty, adjSource = null
04-27 18:40:22.210  1760  2160 D ActivityManager: sync unfroze 6811 com.android.settings for 3
04-27 18:40:22.211  3018  3905 D PowerUI : can't show warning due to - plugged: true status unknown: false
04-27 18:40:22.212  1760  2160 D ActivityManager: unfreezing ProcessRecord{5321843 7527:com.google.android.apps.turbo/u0a180}, reason = unfreezeTemporarily, adj = 925, adjType = cch-empty, adjSource = null
04-27 18:40:22.213  1760  2160 D ActivityManager: sync unfroze 7527 com.google.android.apps.turbo for 3
04-27 18:40:22.247  1760  1815 D PowerManagerService: nativeAcquireSuspendBlocker name:PowerManagerService.WakeLocks duration ms: 7
04-27 18:40:23.021  1760  5401 D PowerManagerService: nativeReleaseSuspendBlocker name:PowerManagerService.WakeLocks duration ms: 0
04-27 18:40:26.999  1760  5401 D PowerManagerService: nativeAcquireSuspendBlocker name:PowerManagerService.WakeLocks duration ms: 4
04-27 18:40:27.102  1760  1815 W ContextImpl: Calling a method in the system process without a qualified user: android.app.ContextImpl.sendBroadcastMultiplePermissions:1281 android.content.Context.sendBroadcastMultiplePermissions:2476 com.android.server.TelephonyRegistry.broadcastServiceStateChanged:3597 com.android.server.TelephonyRegistry.notifyServiceStateForPhoneId:1734 com.android.internal.telephony.ITelephonyRegistry$Stub.onTransact:550 
04-27 18:40:27.103  1760  1815 W ContextImpl: Calling a method in the system process without a qualified user: android.app.ContextImpl.sendBroadcastMultiplePermissions:1314 com.android.server.TelephonyRegistry.broadcastServiceStateChanged:3602 com.android.server.TelephonyRegistry.notifyServiceStateForPhoneId:1734 com.android.internal.telephony.ITelephonyRegistry$Stub.onTransact:550 android.os.Binder.execTransactInternal:1385 
04-27 18:40:27.104  1760  1815 W ContextImpl: Calling a method in the system process without a qualified user: android.app.ContextImpl.sendBroadcastMultiplePermissions:1314 com.android.server.TelephonyRegistry.broadcastServiceStateChanged:3611 com.android.server.TelephonyRegistry.notifyServiceStateForPhoneId:1734 com.android.internal.telephony.ITelephonyRegistry$Stub.onTransact:550 android.os.Binder.execTransactInternal:1385 
04-27 18:40:27.105  1760  1815 W ContextImpl: Calling a method in the system process without a qualified user: android.app.ContextImpl.sendBroadcastMultiplePermissions:1314 com.android.server.TelephonyRegistry.broadcastServiceStateChanged:3617 com.android.server.TelephonyRegistry.notifyServiceStateForPhoneId:1734 com.android.internal.telephony.ITelephonyRegistry$Stub.onTransact:550 android.os.Binder.execTransactInternal:1385 
04-27 18:40:27.106  1760  2160 D ActivityManager: unfreezing ProcessRecord{57291eb 6260:com.google.android.cellbroadcastreceiver/u0a281}, reason = unfreezeTemporarily, adj = 925, adjType = cch-empty, adjSource = null
04-27 18:40:27.107  1760  2160 D ActivityManager: sync unfroze 6260 com.google.android.cellbroadcastreceiver for 3
04-27 18:40:27.222  1760  1815 D PowerManagerService: nativeReleaseSuspendBlocker name:PowerManagerService.WakeLocks duration ms: 0
04-27 18:40:30.950  1760  1815 D PowerManagerService: nativeAcquireSuspendBlocker name:PowerManagerService.WakeLocks duration ms: 6
04-27 18:40:31.002  1760  1815 W ContextImpl: Calling a method in the system process without a qualified user: android.app.ContextImpl.sendBroadcastMultiplePermissions:1281 android.content.Context.sendBroadcastMultiplePermissions:2476 com.android.server.TelephonyRegistry.broadcastServiceStateChanged:3597 com.android.server.TelephonyRegistry.notifyServiceStateForPhoneId:1734 com.android.internal.telephony.ITelephonyRegistry$Stub.onTransact:550 
04-27 18:40:31.003  1760  1815 W ContextImpl: Calling a method in the system process without a qualified user: android.app.ContextImpl.sendBroadcastMultiplePermissions:1314 com.android.server.TelephonyRegistry.broadcastServiceStateChanged:3602 com.android.server.TelephonyRegistry.notifyServiceStateForPhoneId:1734 com.android.internal.telephony.ITelephonyRegistry$Stub.onTransact:550 android.os.Binder.execTransactInternal:1385 
04-27 18:40:31.004  1760  1815 W ContextImpl: Calling a method in the system process without a qualified user: android.app.ContextImpl.sendBroadcastMultiplePermissions:1314 com.android.server.TelephonyRegistry.broadcastServiceStateChanged:3611 com.android.server.TelephonyRegistry.notifyServiceStateForPhoneId:1734 com.android.internal.telephony.ITelephonyRegistry$Stub.onTransact:550 android.os.Binder.execTransactInternal:1385 
04-27 18:40:31.005  1760  1815 W ContextImpl: Calling a method in the system process without a qualified user: android.app.ContextImpl.sendBroadcastMultiplePermissions:1314 com.android.server.TelephonyRegistry.broadcastServiceStateChanged:3617 com.android.server.TelephonyRegistry.notifyServiceStateForPhoneId:1734 com.android.internal.telephony.ITelephonyRegistry$Stub.onTransact:550 android.os.Binder.execTransactInternal:1385 
04-27 18:40:31.025  1760  2859 E AppOps  : attributionTag VCN not declared in manifest of android
04-27 18:40:31.026  1760  2859 E AppOps  : attributionTag VCN not declared in manifest of android
04-27 18:40:31.027  1760  2859 E AppOps  : attributionTag VCN not declared in manifest of android
04-27 18:40:31.038  1760  2621 W ProcessStats: Tracking association SourceState{529e4d2 com.android.systemui/10263 BFgs #109879} whose proc state 4 is better than process ProcessState{1bb1b5f com.google.android.apps.chromecast.app/10296 pkg=com.google.android.apps.chromecast.app} proc state 5 (0 skipped)
04-27 18:40:31.058  1760  2160 D ActivityManager: unfreezing ProcessRecord{4459a2c 12029:com.google.android.dialer/u0a185}, reason = unfreezeTemporarily, adj = 925, adjType = cch-empty, adjSource = null
04-27 18:40:31.058  1760  2160 D ActivityManager: sync unfroze 12029 com.google.android.dialer for 3
04-27 18:40:31.154  1760  2621 D PowerManagerService: nativeReleaseSuspendBlocker name:PowerManagerService.WakeLocks duration ms: 0
04-27 18:40:32.222  1760  2696 D ActivityManager: freezing 7527 com.google.android.apps.turbo, reason = oom_cached
04-27 18:40:32.248  1760  2696 D ActivityManager: freezing 6811 com.android.settings, reason = oom_cached
04-27 18:40:41.059  1760  2696 D ActivityManager: freezing 6260 com.google.android.cellbroadcastreceiver, reason = oom_cached
04-27 18:40:41.061  1760  2696 D ActivityManager: freezing 30577 com.motorola.ccc.ota, reason = oom_cached
04-27 18:40:41.063  1760  2696 D ActivityManager: freezing 30316 com.motorola.carriersettingsext, reason = oom_cached
04-27 18:40:41.065  1760  2696 D ActivityManager: freezing 30578 com.motorola.android.fota, reason = oom_cached
04-27 18:40:41.092  1760  2638 W ProcessStats: Tracking association SourceState{643d647 com.android.systemui/10263 BFgs #109890} whose proc state 4 is better than process ProcessState{d5bd034 com.motorola.dynamicvolume/10168 pkg=com.motorola.dynamicvolume} proc state 5 (6 skipped)
04-27 18:40:44.917  1760  1815 D PowerManagerService: nativeAcquireSuspendBlocker name:PowerManagerService.WakeLocks duration ms: 4
