04-27 18:33:14.667  1760  2145 I DisplayDeviceRepository: Display device changed: DisplayDeviceInfo{"Tela integrada": uniqueId="local:4630947043778501762", 1080 x 2400, modeId 4, renderFrameRate 90.0, defaultModeId 1, supportedModes [{id=1, width=1080, height=2400, fps=60.000004, alternativeRefreshRates=[48.000004, 90.0, 120.00001, 144.00002], supportedHdrTypes=[2, 3, 4]}, {id=2, width=1080, height=2400, fps=144.00002, alternativeRefreshRates=[48.000004, 60.000004, 90.0, 120.00001], supportedHdrTypes=[2, 3, 4]}, {id=3, width=1080, height=2400, fps=120.00001, alternativeRefreshRates=[48.000004, 60.000004, 90.0, 144.00002], supportedHdrTypes=[2, 3, 4]}, {id=4, width=1080, height=2400, fps=90.0, alternativeRefreshRates=[48.000004, 60.000004, 120.00001, 144.00002], supportedHdrTypes=[2, 3, 4]}, {id=5, width=1080, height=2400, fps=48.000004, alternativeRefreshRates=[60.000004, 90.0, 120.00001, 144.00002], supportedHdrTypes=[2, 3, 4]}], supportedReadyForModes [], colorMode 0, supportedColorModes [0, 7, 9], hdrCapabilities HdrCapabilities{mSupportedHdrTypes=[2, 3, 4], mMaxLuminance=500.0, mMaxAverageLuminance=250.005, mMinLuminance=0.01}, allmSupported false, gameContentTypeSupported false, density 400, 403.411 x 401.052 dpi, appVsyncOff 1000000, presDeadline 16111111, cutout DisplayCutout{insets=Rect(0, 105 - 0, 0) waterfall=Insets{left=0, top=0, right=0, bottom=0} boundingRect={Bounds=[Rect(0, 0 - 0, 0), Rect(505, 0 - 575, 105), Rect(0, 0 - 0, 0), Rect(0, 0 - 0, 0)]} cutoutPathParserInfo={CutoutPathParserInfo{displayWidth=1080 displayHeight=2400 physicalDisplayWidth=1080 physicalDisplayHeight=2400 density={2.5} cutoutSpec={M -35,0 L 35,0 L 35,105 L -35,105 Z} rotation={0} scale={1.0} physicalPixelDisplaySizeRatio={1.0}}}}, touch INTERNAL, rotation 0, type INTERNAL, address {port=130, model=0x40446dccee101c}, deviceProductInfo DeviceProductInfo{name=, manufacturerPnpId=QCM, productId=1, modelYear=null, manufactureDate=ManufactureDate{week=27, year=2006}, connectionToSinkType=0}, state OFF, committedState OFF, frameRateOverride , brightnessMinimum 0.0, brightnessMaximum 1.0, brightnessDefault 0.38188976, hdrSdrRatio 1.0, roundedCorners RoundedCorners{[RoundedCorner{position=TopLeft, radius=95, center=Point(95, 95)}, RoundedCorner{position=TopRight, radius=95, center=Point(985, 95)}, RoundedCorner{position=BottomRight, radius=95, center=Point(985, 2305)}, RoundedCorner{position=BottomLeft, radius=95, center=Point(95, 2305)}]}, FLAG_ALLOWED_TO_BE_DEFAULT_DISPLAY, FLAG_ROTATES_WITH_CONTENT, FLAG_SECURE, FLAG_SUPPORTS_PROTECTED_BUFFERS, FLAG_TRUSTED, installOrientation 0, displayShape DisplayShape{ spec=-1893857183 displayWidth=1080 displayHeight=2400 physicalPixelDisplaySizeRatio=1.0 rotation=0 offsetX=0 offsetY=0 scale=1.0}}
04-27 18:33:14.669  3018  3018 V DreamService[DozeService]: onCreate()
04-27 18:33:14.669  1760  2145 D DisplayManagerService: Ignore redundant display event 0/2 to 10303/1342
04-27 18:33:14.670  1760  2145 D DisplayManagerService: Ignore redundant display event 0/2 to 10413/4282
04-27 18:33:14.671  1760  2145 D DisplayManagerService: Ignore redundant display event 0/2 to 10345/8033
04-27 18:33:14.671  1760  2145 D DisplayManagerService: Ignore redundant display event 0/2 to 10315/9625
04-27 18:33:14.671  1760  2145 D DisplayManagerService: Ignore redundant display event 0/2 to 10434/9627
04-27 18:33:14.671  1760  2145 D DisplayManagerService: Ignore redundant display event 0/2 to 10411/17335
04-27 18:33:14.674  3018  3018 V DreamService[DozeService]: onBind() intent = Intent { act=android.service.dreams.DreamService flg=0x800000 cmp=com.android.systemui/.doze.DozeService (has extras) }
04-27 18:33:14.677  1760  1760 I DreamController: onServiceConnected: name=ComponentInfo{com.android.systemui/com.android.systemui.doze.DozeService}, service=android.os.BinderProxy@3db0b7d
04-27 18:33:14.677  1760  2142 I DreamController: onServiceConnected to attach: name=ComponentInfo{com.android.systemui/com.android.systemui.doze.DozeService}
04-27 18:33:14.677  3018  3037 I DreamService: DreamServiceWrapper attach: dreamToken=android.os.BinderProxy@269ca24, canDoze=true
04-27 18:33:14.678  3018  3018 I DreamService[DozeService]: attach() called: dreamToken=android.os.BinderProxy@269ca24, canDoze=true mWindow=null mWindowless=true
04-27 18:33:14.678  3018  3018 V DreamService[DozeService]: onDreamingStarted()
04-27 18:33:14.680  1760  4917 D PowerManagerService: nativeReleaseSuspendBlocker name:PowerManagerService.Display duration ms: 0
04-27 18:33:14.680  1760  4917 D PowerManagerService: nativeSetAutoSuspend enable:true duration ms: 0
04-27 18:33:14.686  3018  3018 D VRI[NotificationShade]: update {(0,0)(fillxfill) gr=TOP CENTER_VERTICAL layoutInDisplayCutoutMode=always ty=2040 fmt=TRANSLUCENT or=SCREEN_ORIENTATION_NOSENSOR if=INPUT_FEATURE_DISABLE_USER_ACTIVITY userActivityTimeout=10000
04-27 18:33:14.686  3018  3018 D VRI[NotificationShade]:   fl=TOUCHABLE_WHEN_WAKING ALT_FOCUSABLE_IM WATCH_OUTSIDE_TOUCH SPLIT_TOUCH HARDWARE_ACCELERATED DRAWS_SYSTEM_BAR_BACKGROUNDS
04-27 18:33:14.686  3018  3018 D VRI[NotificationShade]:   pfl=OPTIMIZE_MEASURE HIDE_NON_SYSTEM_OVERLAY_WINDOWS BEHAVIOR_CONTROLLED FIT_INSETS_CONTROLLED
04-27 18:33:14.686  3018  3018 D VRI[NotificationShade]:   bhv=SHOW_TRANSIENT_BARS_BY_SWIPE} by setLayoutParams
04-27 18:33:14.697  1760  4917 I DreamManagerService: startDozing by com.android.systemui callingUid=10263 callingPid=3018
04-27 18:33:14.697  1760  4917 D DreamManagerService: Dream requested to start dozing: android.os.Binder@5010a58, screenState=1, screenBrightness=-1
04-27 18:33:14.699  1760  4917 D PowerManagerService: nativeSetAutoSuspend enable:false duration ms: 2
04-27 18:33:14.699  1760  4917 D PowerManagerService: nativeAcquireSuspendBlocker name:PowerManagerService.Display duration ms: 0
04-27 18:33:14.699  1760  4917 I DreamController: mDreamingStartedCallback sendResult
04-27 18:33:14.699  1760  1760 I WindowManager: Finished going to sleep... (groupId=0 why=OFF_BECAUSE_OF_TIMEOUT) pmSleepReason=timeout
04-27 18:33:14.701  1760  2246 D PowerManagerService: nativeAcquireSuspendBlocker name:PowerManagerService.Broadcasts duration ms: 2
04-27 18:33:14.701  1760  2246 D PowerManagerService: nativeSetAutoSuspend enable:true duration ms: 0
04-27 18:33:14.701  1760  2246 D PowerManagerService: nativeReleaseSuspendBlocker name:PowerManagerService.Display duration ms: 1
04-27 18:33:14.710  1760  1760 I PowerManagerService: onFlip(): Face up.
04-27 18:33:14.714  1760  1760 D MotoFaceProvider: Receive screen off intent
04-27 18:33:15.006  1760  2142 D PowerManagerService: nativeReleaseSuspendBlocker name:PowerManagerService.Broadcasts duration ms: 0
04-27 18:33:15.476  1760  2953 D PowerManagerService: nativeReleaseSuspendBlocker name:PowerManagerService.WakeLocks duration ms: 0
04-27 18:33:15.482  1760  2843 D PowerManagerService: nativeAcquireSuspendBlocker name:PowerManagerService.WakeLocks duration ms: 5
04-27 18:33:15.494  1760  2843 D PowerManagerService: nativeReleaseSuspendBlocker name:PowerManagerService.WakeLocks duration ms: 0
04-27 18:33:18.383  1760  2696 D ActivityManager: freezing 6260 com.google.android.cellbroadcastreceiver, reason = oom_cached
04-27 18:33:21.441  1760  4075 D PowerManagerService: nativeAcquireSuspendBlocker name:PowerManagerService.WakeLocks duration ms: 6
04-27 18:33:21.645  1760  3045 D PowerManagerService: nativeReleaseSuspendBlocker name:PowerManagerService.WakeLocks duration ms: 0
04-27 18:33:27.692  1760  3045 W ProcessStats: Tracking association SourceState{529e4d2 com.android.systemui/10263 BFgs #109538} whose proc state 4 is better than process ProcessState{1bb1b5f com.google.android.apps.chromecast.app/10296 pkg=com.google.android.apps.chromecast.app} proc state 5 (4 skipped)
04-27 18:33:28.502  1760  2696 D ActivityManager: freezing 12029 com.google.android.dialer, reason = oom_cached
04-27 18:33:48.828  1760  1760 V UiModeManager: updateLocked: null action, mDockState=0, category=null
04-27 18:33:48.829  1760  1760 D UiModeManager: updateConfigurationLocked: mDockState=0; mCarMode=false; mNightMode=2; mNightModeCustomType=-1; uiMode=33
04-27 18:33:48.832  3018  3908 D PowerUI : can't show warning due to - plugged: true status unknown: false
04-27 18:34:16.653  1760  3045 W ProcessStats: Tracking association SourceState{529e4d2 com.android.systemui/10263 BFgs #109539} whose proc state 4 is better than process ProcessState{1bb1b5f com.google.android.apps.chromecast.app/10296 pkg=com.google.android.apps.chromecast.app} proc state 5 (0 skipped)
04-27 18:34:24.796  1760  2630 D BatteryService: uevent={POWER_SUPPLY_POWER_AVG=36045613, POWER_SUPPLY_VOLTAGE_NOW=4497704, POWER_SUPPLY_POWER_NOW=56088432, POWER_SUPPLY_CHARGE_CONTROL_LIMIT_MAX=10, POWER_SUPPLY_TYPE=Battery, POWER_SUPPLY_HEALTH=Good, POWER_SUPPLY_TECHNOLOGY=Li-ion, POWER_SUPPLY_CHARGE_FULL_DESIGN=4089000, SEQNUM=13221, POWER_SUPPLY_CHARGE_CONTROL_LIMIT=0, POWER_SUPPLY_MODEL_NAME=5497416_LENOVO_DUBAI_4020MAH_AVERAGED_MASTERSLAVE_NOV25TH2021, POWER_SUPPLY_STATUS=Charging, POWER_SUPPLY_CYCLE_COUNT=1608, POWER_SUPPLY_CAPACITY=89, DEVPATH=/devices/platform/soc/soc:qcom,pmic_glink/soc:qcom,pmic_glink:qcom,battery_charger/power_supply/battery, POWER_SUPPLY_CHARGE_TYPE=Standard, POWER_SUPPLY_CURRENT_NOW=661630, POWER_SUPPLY_TIME_TO_FULL_AVG=2339, POWER_SUPPLY_PRESENT=1, POWER_SUPPLY_CHARGE_FULL=3044000, POWER_SUPPLY_TIME_TO_FULL_NOW=2339, SUBSYSTEM=power_supply, POWER_SUPPLY_VOLTAGE_OCV=4318792, POWER_SUPPLY_TEMP=300, ACTION=change, POWER_SUPPLY_NAME=battery, POWER_SUPPLY_VOLTAGE_MAX=4480000, POWER_SUPPLY_CHARGE_COUNTER=2693940, POWER_SUPPLY_TIME_TO_EMPTY_AVG=-1}
04-27 18:34:24.797  1760  2630 D BatteryService: uevent={POWER_SUPPLY_POWER_AVG=36045613, POWER_SUPPLY_VOLTAGE_NOW=4497704, POWER_SUPPLY_POWER_NOW=56088432, POWER_SUPPLY_CHARGE_CONTROL_LIMIT_MAX=10, POWER_SUPPLY_TYPE=Battery, POWER_SUPPLY_HEALTH=Good, POWER_SUPPLY_TECHNOLOGY=Li-ion, POWER_SUPPLY_CHARGE_FULL_DESIGN=4089000, SEQNUM=13221, POWER_SUPPLY_CHARGE_CONTROL_LIMIT=0, POWER_SUPPLY_MODEL_NAME=5497416_LENOVO_DUBAI_4020MAH_AVERAGED_MASTERSLAVE_NOV25TH2021, POWER_SUPPLY_STATUS=Charging, POWER_SUPPLY_CYCLE_COUNT=1608, POWER_SUPPLY_CAPACITY=89, DEVPATH=/devices/platform/soc/soc:qcom,pmic_glink/soc:qcom,pmic_glink:qcom,battery_charger/power_supply/battery, POWER_SUPPLY_CHARGE_TYPE=Standard, POWER_SUPPLY_CURRENT_NOW=661630, POWER_SUPPLY_TIME_TO_FULL_AVG=2339, POWER_SUPPLY_PRESENT=1, POWER_SUPPLY_CHARGE_FULL=3044000, POWER_SUPPLY_TIME_TO_FULL_NOW=2339, SUBSYSTEM=power_supply, POWER_SUPPLY_VOLTAGE_OCV=4318792, POWER_SUPPLY_TEMP=300, ACTION=change, POWER_SUPPLY_NAME=battery, POWER_SUPPLY_VOLTAGE_MAX=4480000, POWER_SUPPLY_CHARGE_COUNTER=2693940, POWER_SUPPLY_TIME_TO_EMPTY_AVG=-1}
04-27 18:34:24.802  1760  1760 V UiModeManager: updateLocked: null action, mDockState=0, category=null
04-27 18:34:24.803  1760  1760 D UiModeManager: updateConfigurationLocked: mDockState=0; mCarMode=false; mNightMode=2; mNightModeCustomType=-1; uiMode=33
04-27 18:34:24.807  3018  3540 D PowerUI : can't show warning due to - plugged: true status unknown: false
04-27 18:34:24.817  1760  1760 V UiModeManager: updateLocked: null action, mDockState=0, category=null
04-27 18:34:24.817  1760  2160 D ActivityManager: unfreezing ProcessRecord{6c145a9 6811:com.android.settings/1000}, reason = unfreezeTemporarily, adj = 935, adjType = cch-empty, adjSource = null
04-27 18:34:24.818  1760  1760 D UiModeManager: updateConfigurationLocked: mDockState=0; mCarMode=false; mNightMode=2; mNightModeCustomType=-1; uiMode=33
04-27 18:34:24.818  1760  2160 D ActivityManager: sync unfroze 6811 com.android.settings for 3
04-27 18:34:24.819  3018  3894 D PowerUI : can't show warning due to - plugged: true status unknown: false
04-27 18:34:24.821  1760  2160 D ActivityManager: unfreezing ProcessRecord{5321843 7527:com.google.android.apps.turbo/u0a180}, reason = unfreezeTemporarily, adj = 925, adjType = cch-empty, adjSource = null
04-27 18:34:24.821  1760  2160 D ActivityManager: sync unfroze 7527 com.google.android.apps.turbo for 3
04-27 18:34:24.851  1760  3045 D PowerManagerService: nativeAcquireSuspendBlocker name:PowerManagerService.WakeLocks duration ms: 5
04-27 18:34:25.630  1760  3045 D PowerManagerService: nativeReleaseSuspendBlocker name:PowerManagerService.WakeLocks duration ms: 0
04-27 18:34:26.661  1760  2696 D ActivityManager: freezing 14814 com.google.android.apps.messaging, reason = oom_cached
04-27 18:34:33.331  1760  3045 D PowerManagerService: nativeAcquireSuspendBlocker name:PowerManagerService.WakeLocks duration ms: 5
04-27 18:34:33.356  1760  3045 D CompatibilityChangeReporter: Compat change id reported: 171306433; UID 10158; state: ENABLED
04-27 18:34:33.373  1760  3045 W ProcessStats: Tracking association SourceState{529e4d2 com.android.systemui/10263 BFgs #109546} whose proc state 4 is better than process ProcessState{1bb1b5f com.google.android.apps.chromecast.app/10296 pkg=com.google.android.apps.chromecast.app} proc state 5 (1 skipped)
04-27 18:34:33.381  1760  2160 D ActivityManager: unfreezing ProcessRecord{5d25a52 11890:com.discord/u0a310}, reason = unfreezeTemporarily, adj = 925, adjType = cch-empty, adjSource = null
04-27 18:34:33.382  1760  2160 D ActivityManager: sync unfroze 11890 com.discord for 3
04-27 18:34:33.461  1760  2159 E ShortcutService: Failed to report usage via AppSearch. Failed to find DocumentId by key: android$com.discord/com.discord, 862327680447545364;Key not found android$com.discord/com.discord in DynamicTrieKeyMapper /data/system_ce/0/appsearch/icing/document_dir/namespace_mapper/key_mapper_dir/key_mapper.
04-27 18:34:33.475  1760  3045 D PowerManagerService: nativeReleaseSuspendBlocker name:PowerManagerService.WakeLocks duration ms: 0
04-27 18:34:33.582  1760  2142 E ShortcutService: Schema type config 'android$com.discord/Shortcut' not found
04-27 18:34:33.582  1760  2142 E ShortcutService: Schema type config 'android$com.discord/Shortcut' not found
04-27 18:34:33.582  1760  2142 E ShortcutService: Schema type config 'android$com.discord/Shortcut' not found
04-27 18:34:33.582  1760  2142 E ShortcutService: Schema type config 'android$com.discord/Shortcut' not found
04-27 18:34:33.582  1760  2142 E ShortcutService: Schema type config 'android$com.discord/Shortcut' not found
04-27 18:34:33.582  1760  2142 E ShortcutService: Schema type config 'android$com.discord/Shortcut' not found
04-27 18:34:33.582  1760  2142 E ShortcutService: Schema type config 'android$com.discord/Shortcut' not found
04-27 18:34:33.582  1760  2142 E ShortcutService: Schema type config 'android$com.discord/Shortcut' not found
04-27 18:34:33.582  1760  2142 E ShortcutService: Schema type config 'android$com.discord/Shortcut' not found
04-27 18:34:33.582  1760  2142 E ShortcutService: Schema type config 'android$com.discord/Shortcut' not found
04-27 18:34:33.582  1760  2142 E ShortcutService: Schema type config 'android$com.discord/Shortcut' not found
04-27 18:34:33.582  1760  2142 E ShortcutService: Schema type config 'android$com.discord/Shortcut' not found
04-27 18:34:33.582  1760  2142 E ShortcutService: Schema type config 'android$com.discord/Shortcut' not found
04-27 18:34:33.582  1760  2142 E ShortcutService: Schema type config 'android$com.discord/Shortcut' not found
04-27 18:34:33.582  1760  2142 E ShortcutService: Schema type config 'android$com.discord/Shortcut' not found
04-27 18:34:34.834  1760  2696 D ActivityManager: freezing 7527 com.google.android.apps.turbo, reason = oom_cached
04-27 18:34:34.838  1760  2696 D ActivityManager: freezing 6811 com.android.settings, reason = oom_cached
04-27 18:34:39.890  1760  2955 D PowerManagerService: nativeAcquireSuspendBlocker name:PowerManagerService.WakeLocks duration ms: 5
04-27 18:34:39.930  1760  2160 D ActivityManager: unfreezing ProcessRecord{c6b3ce3 1342:com.whatsapp/u0a303}, reason = unfreezeTemporarily, adj = 900, adjType = cch-empty, adjSource = null
04-27 18:34:39.932  1760  2160 D ActivityManager: sync unfroze 1342 com.whatsapp for 3
04-27 18:34:40.041  1760  4075 W ActivityManager: Background started FGS: Disallowed [callingPackage: com.whatsapp; callingUid: 10303; uidState: RCVR; uidBFSL: n/a; intent: Intent { cmp=com.whatsapp/.messaging.service.GcmFGService }; code:DENIED; tempAllowListReason:<null>; targetSdkVersion:36; callerTargetSdkVersion:36; startForegroundCount:0; bindFromPackage:null: isBindService:false]
04-27 18:34:40.041  1760  4075 W ActivityManager: startForegroundService() not allowed due to mAllowStartForeground false: service com.whatsapp/.messaging.service.GcmFGService
04-27 18:34:40.043  1760  2955 W ActivityManager: Background start not allowed: service Intent { act=com.whatsapp.messageservice.messaging.MessageService.START cmp=com.whatsapp/.messageservice.messaging.MessageService } to com.whatsapp/.messageservice.messaging.MessageService from pid=1342 uid=10303 pkg=com.whatsapp startFg?=false
04-27 18:34:40.062  1760  2955 D PowerManagerService: nativeReleaseSuspendBlocker name:PowerManagerService.WakeLocks duration ms: 0
04-27 18:34:40.084  1760  4075 D PowerManagerService: nativeAcquireSuspendBlocker name:PowerManagerService.WakeLocks duration ms: 3
04-27 18:34:40.425  1760  4075 W ActivityManager: Background start not allowed: service Intent { act=com.whatsapp.messageservice.messaging.MessageService.START cmp=com.whatsapp/.messageservice.messaging.MessageService } to com.whatsapp/.messageservice.messaging.MessageService from pid=1342 uid=10303 pkg=com.whatsapp startFg?=false
04-27 18:34:43.405  1760  2696 D ActivityManager: freezing 11151 android.process.acore, reason = oom_cached
04-27 18:34:43.409  1760  2953 W ProcessStats: Tracking association SourceState{529e4d2 com.android.systemui/10263 BFgs #109592} whose proc state 4 is better than process ProcessState{1bb1b5f com.google.android.apps.chromecast.app/10296 pkg=com.google.android.apps.chromecast.app} proc state 5 (24 skipped)
04-27 18:34:48.825  1760  1760 V UiModeManager: updateLocked: null action, mDockState=0, category=null
04-27 18:34:48.825  1760  1760 D UiModeManager: updateConfigurationLocked: mDockState=0; mCarMode=false; mNightMode=2; mNightModeCustomType=-1; uiMode=33
04-27 18:34:48.827  3018  3905 D PowerUI : can't show warning due to - plugged: true status unknown: false
04-27 18:34:53.491  1760  2953 W ProcessStats: Tracking association SourceState{529e4d2 com.android.systemui/10263 BFgs #109596} whose proc state 4 is better than process ProcessState{1bb1b5f com.google.android.apps.chromecast.app/10296 pkg=com.google.android.apps.chromecast.app} proc state 5 (3 skipped)
04-27 18:35:03.403  1760  2696 D ActivityManager: freezing 11890 com.discord, reason = oom_cached
04-27 18:35:07.384  1760  2160 W ProcessStats: Tracking association SourceState{529e4d2 com.android.systemui/10263 BFgs #109602} whose proc state 4 is better than process ProcessState{1bb1b5f com.google.android.apps.chromecast.app/10296 pkg=com.google.android.apps.chromecast.app} proc state 5 (5 skipped)
04-27 18:35:07.387  1760  2638 D CompatibilityChangeReporter: Compat change id reported: 271850009; UID 10257; state: ENABLED
04-27 18:35:07.390  1760  2638 D CompatibilityChangeReporter: Compat change id reported: 135634846; UID 10257; state: DISABLED
04-27 18:35:07.390  1760  2638 D CompatibilityChangeReporter: Compat change id reported: 177438394; UID 10257; state: DISABLED
04-27 18:35:07.391  1760  2638 D CompatibilityChangeReporter: Compat change id reported: 135772972; UID 10257; state: DISABLED
04-27 18:35:07.391  1760  2638 D CompatibilityChangeReporter: Compat change id reported: 135754954; UID 10257; state: ENABLED
04-27 18:35:07.391  1760  2161 D CompatibilityChangeReporter: Compat change id reported: 143937733; UID 10257; state: ENABLED
04-27 18:35:07.401  1760  2638 D CompatibilityChangeReporter: Compat change id reported: 271850009; UID 10308; state: ENABLED
04-27 18:35:07.403  1760  2638 D ActivityManager: unfreezing ProcessRecord{776c31d 8724:com.linkedin.android/u0a308}, reason = oom_uncached, adj = 0, adjType = service, adjSource = ProcessRecord{5e5ab0b 1760:system/1000}
04-27 18:35:07.407  1760  2638 D ActivityManager: sync unfroze 8724 com.linkedin.android for 6
04-27 18:35:07.408  1760  2161 I ActivityManager: Start proc 12573:br.com.vivo/u0a257 for service {br.com.vivo/androidx.work.impl.background.systemjob.SystemJobService}
04-27 18:35:07.430  1760  2953 D CompatibilityChangeReporter: Compat change id reported: 168419799; UID 10257; state: DISABLED
04-27 18:35:07.430  1760  2953 D CompatibilityChangeReporter: Compat change id reported: 273564678; UID 10257; state: DISABLED
04-27 18:35:07.431  1760  2638 D CompatibilityChangeReporter: Compat change id reported: 265195908; UID 10257; state: ENABLED
04-27 18:35:07.439  1760  2955 D CompatibilityChangeReporter: Compat change id reported: 170503758; UID 10257; state: ENABLED
04-27 18:35:07.761  1760  2953 D CompatibilityChangeReporter: Compat change id reported: 161145287; UID 10257; state: ENABLED
04-27 18:35:07.822  1760  2955 D CompatibilityChangeReporter: Compat change id reported: 261072174; UID 10257; state: ENABLED
04-27 18:35:08.248  1760  4917 D CompatibilityChangeReporter: Compat change id reported: 135634846; UID 99063; state: DISABLED
04-27 18:35:08.249  1760  4917 D CompatibilityChangeReporter: Compat change id reported: 177438394; UID 99063; state: DISABLED
04-27 18:35:08.249  1760  4917 D CompatibilityChangeReporter: Compat change id reported: 135772972; UID 99063; state: DISABLED
04-27 18:35:08.249  1760  4917 D CompatibilityChangeReporter: Compat change id reported: 135754954; UID 99063; state: ENABLED
04-27 18:35:08.249  1760  2161 D CompatibilityChangeReporter: Compat change id reported: 143937733; UID 10257; state: ENABLED
04-27 18:35:08.267  1760  2161 I ActivityManager: Start proc 12688:com.google.android.webview:sandboxed_process0:org.chromium.content.app.SandboxedProcessService0:0/u0i63 for  {br.com.vivo/org.chromium.content.app.SandboxedProcessService0:0}
04-27 18:35:08.310  1760  2955 I ActivityManager: Flag disabled. Ignoring finishAttachApplication from uid: 99063. pid: 12688
04-27 18:35:08.414  1760  2953 D CompatibilityChangeReporter: Compat change id reported: 319212206; UID 10257; state: ENABLED
04-27 18:35:08.776  1760  2955 D CompatibilityChangeReporter: Compat change id reported: 171306433; UID 10257; state: ENABLED
04-27 18:35:09.075  1760  4917 I ActivityManager: Flag disabled. Ignoring finishAttachApplication from uid: 10257. pid: 12573
04-27 18:35:09.156  1760  4917 W JobScheduler: Job didn't exist in JobStore: db0c0e1 {androidx.work.systemjobscheduler} #u0a257/6995 @androidx.work.systemjobscheduler@br.com.vivo/androidx.work.impl.background.systemjob.SystemJobService
04-27 18:35:09.170  1760  2953 D CompatibilityChangeReporter: Compat change id reported: 253665015; UID 10257; state: ENABLED
04-27 18:35:09.170  1760  2953 D CompatibilityChangeReporter: Compat change id reported: 194532703; UID 10257; state: ENABLED
04-27 18:35:09.187  1760  2953 I ActivityManager: Killing 10413:com.google.android.webview:sandboxed_process0:org.chromium.content.app.SandboxedProcessService0:0/u0a315i61 (adj 995, setSvc -10000): empty #31
04-27 18:35:09.189  1760  2953 I ActivityManager: Killing 9625:br.com.neon/u0a315 (adj 945, setSvc -10000): empty #32
04-27 18:35:09.242  1760  2955 I ActivityManager: appDiedLocked: app=ProcessRecord{d6e8bd2 10413:com.google.android.webview:sandboxed_process0:org.chromium.content.app.SandboxedProcessService0:0/u0a315i61} thread=android.os.BinderProxy@7981ee9 fromBinderDied=true isKilledByAm=true reason=null
04-27 18:35:09.243  1760  2955 W ActivityManager: Scheduling restart of crashed service br.com.neon/org.chromium.content.app.SandboxedProcessService0:0 in 1000ms for connection
04-27 18:35:09.245  1760  2955 D ActivityTaskManager: handleAppDied: uid=99061,diedCount=0,lastDiedTime=0,forceStopUids=false
04-27 18:35:09.245  1760  2143 D DisplayManagerService: Drop pending events for gone uid 99061
04-27 18:35:09.407  1760  2953 I ActivityManager: appDiedLocked: app=ProcessRecord{85a9f21 9625:br.com.neon/u0a315} thread=android.os.BinderProxy@5024cfb fromBinderDied=true isKilledByAm=true reason=null
04-27 18:35:09.412  1760  2953 D RestartModeController: markWaitRestartAppIsSuicided null processName=br.com.neon
04-27 18:35:09.413  1760  2953 D ActivityTaskManager: handleAppDied: uid=10315,diedCount=1,lastDiedTime=26316171,forceStopUids=false
04-27 18:35:09.418  1760  2143 D DisplayManagerService: Drop pending events for gone uid 10315
04-27 18:35:10.505  1760  4902 D PowerManagerService: nativeReleaseSuspendBlocker name:PowerManagerService.WakeLocks duration ms: 0
04-27 18:35:18.006  1760  2696 D ActivityManager: freezing 8724 com.linkedin.android, reason = oom_cached
04-27 18:35:19.188  1760  2696 D ActivityManager: freezing 12573 br.com.vivo, reason = oom_cached
04-27 18:35:19.195  1760  2696 D ActivityManager: freezing 12688 com.google.android.webview:sandboxed_process0:org.chromium.content.app.SandboxedProcessService0:0, reason = oom_cached
04-27 18:35:19.641   784 12654 I keystore2: system/security/keystore2/src/watchdog.rs:319 - Watchdog thread idle -> terminating. Have a great day.
04-27 18:35:20.512  1760  2696 D ActivityManager: freezing 1342 com.whatsapp, reason = oom_cached
04-27 18:35:48.704  1760  4902 W ProcessStats: Tracking association SourceState{529e4d2 com.android.systemui/10263 BFgs #109666} whose proc state 4 is better than process ProcessState{1bb1b5f com.google.android.apps.chromecast.app/10296 pkg=com.google.android.apps.chromecast.app} proc state 5 (78 skipped)
04-27 18:35:48.851  1760  1760 V UiModeManager: updateLocked: null action, mDockState=0, category=null
04-27 18:35:48.851  1760  1760 D UiModeManager: updateConfigurationLocked: mDockState=0; mCarMode=false; mNightMode=2; mNightModeCustomType=-1; uiMode=33
04-27 18:35:48.854  3018  3909 D PowerUI : can't show warning due to - plugged: true status unknown: false
04-27 18:35:58.427  1760  2713 D PowerManagerService: nativeAcquireSuspendBlocker name:PowerManagerService.WakeLocks duration ms: 7
04-27 18:35:58.461  1760  4902 D PowerManagerService: nativeReleaseSuspendBlocker name:PowerManagerService.WakeLocks duration ms: 0
04-27 18:35:58.462  1760  4902 W JobScheduler: Job didn't exist in JobStore: a1eb050 #u0a262/0 com.motorola.bach.modemstats/.nrcheckin.NRCheckinJobService
04-27 18:35:58.473  1760  4902 D PowerManagerService: nativeAcquireSuspendBlocker name:PowerManagerService.WakeLocks duration ms: 2
04-27 18:35:58.481  1760  4902 D PowerManagerService: nativeReleaseSuspendBlocker name:PowerManagerService.WakeLocks duration ms: 0
04-27 18:35:58.723  1760  2696 D ActivityManager: freezing 18125 com.google.android.gms, reason = oom_cached
04-27 18:36:27.911  1760  1760 V UiModeManager: updateLocked: null action, mDockState=0, category=null
04-27 18:36:27.911  1760  1760 D UiModeManager: updateConfigurationLocked: mDockState=0; mCarMode=false; mNightMode=2; mNightModeCustomType=-1; uiMode=33
04-27 18:36:27.916  3018  3898 D PowerUI : can't show warning due to - plugged: true status unknown: false
04-27 18:36:48.789  1760  4917 W ProcessStats: Tracking association SourceState{529e4d2 com.android.systemui/10263 BFgs #109675} whose proc state 4 is better than process ProcessState{1bb1b5f com.google.android.apps.chromecast.app/10296 pkg=com.google.android.apps.chromecast.app} proc state 5 (3 skipped)
04-27 18:36:48.836  1760  1760 V UiModeManager: updateLocked: null action, mDockState=0, category=null
04-27 18:36:48.837  1760  1760 D UiModeManager: updateConfigurationLocked: mDockState=0; mCarMode=false; mNightMode=2; mNightModeCustomType=-1; uiMode=33
04-27 18:36:48.837  3018  3900 D PowerUI : can't show warning due to - plugged: true status unknown: false
04-27 18:37:20.195  1760  4902 D CompatibilityChangeReporter: Compat change id reported: 161252188; UID 10158; state: DISABLED
04-27 18:37:20.198  1760  4902 W ProcessStats: Tracking association SourceState{529e4d2 com.android.systemui/10263 BFgs #109677} whose proc state 4 is better than process ProcessState{1bb1b5f com.google.android.apps.chromecast.app/10296 pkg=com.google.android.apps.chromecast.app} proc state 5 (0 skipped)
04-27 18:37:20.224  1760  5401 D ActivityManager: unfreezing ProcessRecord{c4d7e6c 18125:com.google.android.gms/u0a158}, reason = shouldNotFreeze_service_1: ProcessRecord{7391d5b 3463:com.google.android.gms.persistent/u0a158}, adj = 100, adjType = service, adjSource = null
04-27 18:37:20.227  1760  5401 D ActivityManager: sync unfroze 18125 com.google.android.gms for 4
04-27 18:37:23.507  1760  2630 D BatteryService: uevent={POWER_SUPPLY_POWER_AVG=35194240, POWER_SUPPLY_VOLTAGE_NOW=4497120, POWER_SUPPLY_POWER_NOW=55775219, POWER_SUPPLY_CHARGE_CONTROL_LIMIT_MAX=10, POWER_SUPPLY_TYPE=Battery, POWER_SUPPLY_HEALTH=Good, POWER_SUPPLY_TECHNOLOGY=Li-ion, POWER_SUPPLY_CHARGE_FULL_DESIGN=4089000, SEQNUM=13224, POWER_SUPPLY_CHARGE_CONTROL_LIMIT=0, POWER_SUPPLY_MODEL_NAME=5497416_LENOVO_DUBAI_4020MAH_AVERAGED_MASTERSLAVE_NOV25TH2021, POWER_SUPPLY_STATUS=Charging, POWER_SUPPLY_CYCLE_COUNT=1608, POWER_SUPPLY_CAPACITY=90, DEVPATH=/devices/platform/soc/soc:qcom,pmic_glink/soc:qcom,pmic_glink:qcom,battery_charger/power_supply/battery, POWER_SUPPLY_CHARGE_TYPE=Standard, POWER_SUPPLY_CURRENT_NOW=598763, POWER_SUPPLY_TIME_TO_FULL_AVG=2295, POWER_SUPPLY_PRESENT=1, POWER_SUPPLY_CHARGE_FULL=3044000, POWER_SUPPLY_TIME_TO_FULL_NOW=2295, SUBSYSTEM=power_supply, POWER_SUPPLY_VOLTAGE_OCV=4330842, POWER_SUPPLY_TEMP=290, ACTION=change, POWER_SUPPLY_NAME=battery, POWER_SUPPLY_VOLTAGE_MAX=4480000, POWER_SUPPLY_CHARGE_COUNTER=2726815, POWER_SUPPLY_TIME_TO_EMPTY_AVG=-1}
04-27 18:37:23.507  1760  2630 D BatteryService: uevent={POWER_SUPPLY_POWER_AVG=35194240, POWER_SUPPLY_VOLTAGE_NOW=4497120, POWER_SUPPLY_POWER_NOW=55775219, POWER_SUPPLY_CHARGE_CONTROL_LIMIT_MAX=10, POWER_SUPPLY_TYPE=Battery, POWER_SUPPLY_HEALTH=Good, POWER_SUPPLY_TECHNOLOGY=Li-ion, POWER_SUPPLY_CHARGE_FULL_DESIGN=4089000, SEQNUM=13224, POWER_SUPPLY_CHARGE_CONTROL_LIMIT=0, POWER_SUPPLY_MODEL_NAME=5497416_LENOVO_DUBAI_4020MAH_AVERAGED_MASTERSLAVE_NOV25TH2021, POWER_SUPPLY_STATUS=Charging, POWER_SUPPLY_CYCLE_COUNT=1608, POWER_SUPPLY_CAPACITY=90, DEVPATH=/devices/platform/soc/soc:qcom,pmic_glink/soc:qcom,pmic_glink:qcom,battery_charger/power_supply/battery, POWER_SUPPLY_CHARGE_TYPE=Standard, POWER_SUPPLY_CURRENT_NOW=598763, POWER_SUPPLY_TIME_TO_FULL_AVG=2295, POWER_SUPPLY_PRESENT=1, POWER_SUPPLY_CHARGE_FULL=3044000, POWER_SUPPLY_TIME_TO_FULL_NOW=2295, SUBSYSTEM=power_supply, POWER_SUPPLY_VOLTAGE_OCV=4330842, POWER_SUPPLY_TEMP=290, ACTION=change, POWER_SUPPLY_NAME=battery, POWER_SUPPLY_VOLTAGE_MAX=4480000, POWER_SUPPLY_CHARGE_COUNTER=2726815, POWER_SUPPLY_TIME_TO_EMPTY_AVG=-1}
04-27 18:37:23.512  1760  1760 V UiModeManager: updateLocked: null action, mDockState=0, category=null
04-27 18:37:23.512  1760  1760 D UiModeManager: updateConfigurationLocked: mDockState=0; mCarMode=false; mNightMode=2; mNightModeCustomType=-1; uiMode=33
04-27 18:37:23.514  3018  3873 D PowerUI : can't show warning due to - plugged: true status unknown: false
04-27 18:37:23.546  1760  2160 D ActivityManager: unfreezing ProcessRecord{6c145a9 6811:com.android.settings/1000}, reason = unfreezeTemporarily, adj = 925, adjType = cch-empty, adjSource = null
04-27 18:37:23.546  1760  2160 D ActivityManager: sync unfroze 6811 com.android.settings for 3
04-27 18:37:23.549  3018  3908 D PowerUI : can't show warning due to - plugged: true status unknown: false
04-27 18:37:23.551  1760  2160 D ActivityManager: unfreezing ProcessRecord{5321843 7527:com.google.android.apps.turbo/u0a180}, reason = unfreezeTemporarily, adj = 925, adjType = cch-empty, adjSource = null
04-27 18:37:23.552  1760  1805 D PowerManagerService: nativeAcquireSuspendBlocker name:PowerManagerService.WakeLocks duration ms: 5
04-27 18:37:23.552  1760  2160 D ActivityManager: sync unfroze 7527 com.google.android.apps.turbo for 3
04-27 18:37:23.552  1760  1760 V UiModeManager: updateLocked: null action, mDockState=0, category=null
04-27 18:37:23.553  1760  1760 D UiModeManager: updateConfigurationLocked: mDockState=0; mCarMode=false; mNightMode=2; mNightModeCustomType=-1; uiMode=33
04-27 18:37:23.571  1760  1760 D CompatibilityChangeReporter: Compat change id reported: 218533173; UID 1000; state: ENABLED
04-27 18:37:23.581  1760  2638 D CompatibilityChangeReporter: Compat change id reported: 271850009; UID 10138; state: ENABLED
04-27 18:37:23.581  1760  2638 D CompatibilityChangeReporter: Compat change id reported: 135634846; UID 10138; state: DISABLED
04-27 18:37:23.582  1760  2638 D CompatibilityChangeReporter: Compat change id reported: 177438394; UID 10138; state: DISABLED
04-27 18:37:23.582  1760  2638 D CompatibilityChangeReporter: Compat change id reported: 135772972; UID 10138; state: DISABLED
04-27 18:37:23.582  1760  2638 D CompatibilityChangeReporter: Compat change id reported: 135754954; UID 10138; state: ENABLED
04-27 18:37:23.582  1760  2161 D CompatibilityChangeReporter: Compat change id reported: 143937733; UID 10138; state: ENABLED
04-27 18:37:23.597  1760  2161 I ActivityManager: Start proc 13009:com.google.android.as.oss/u0a138 for service {com.google.android.as.oss/com.google.android.gms.learning.internal.training.InAppJobService}
04-27 18:37:23.625  1760  4804 D CompatibilityChangeReporter: Compat change id reported: 168419799; UID 10138; state: DISABLED
04-27 18:37:23.625  1760  4804 D CompatibilityChangeReporter: Compat change id reported: 273564678; UID 10138; state: DISABLED
04-27 18:37:23.627  1760  2638 D CompatibilityChangeReporter: Compat change id reported: 265195908; UID 10138; state: ENABLED
04-27 18:37:23.628  1760  2142 D time_detector: Telephony time suggestion received newSuggestion=TelephonyTimeSuggestion{mSlotIndex='1', mUnixEpochTime=null, mDebugInfo=[Clearing time suggestion reason=handleNetworkAvailable, mLatestNitzSignal restored from mLastNitzSignalCleared=null]}
04-27 18:37:23.631  1760  4804 D CompatibilityChangeReporter: Compat change id reported: 170503758; UID 10138; state: ENABLED
04-27 18:37:23.641  1760  4804 W ContextImpl: Calling a method in the system process without a qualified user: android.app.ContextImpl.sendBroadcastMultiplePermissions:1281 android.content.Context.sendBroadcastMultiplePermissions:2476 com.android.server.TelephonyRegistry.broadcastServiceStateChanged:3597 com.android.server.TelephonyRegistry.notifyServiceStateForPhoneId:1734 com.android.internal.telephony.ITelephonyRegistry$Stub.onTransact:550 
04-27 18:37:23.641  1760  4804 W ContextImpl: Calling a method in the system process without a qualified user: android.app.ContextImpl.sendBroadcastMultiplePermissions:1314 com.android.server.TelephonyRegistry.broadcastServiceStateChanged:3602 com.android.server.TelephonyRegistry.notifyServiceStateForPhoneId:1734 com.android.internal.telephony.ITelephonyRegistry$Stub.onTransact:550 android.os.Binder.execTransactInternal:1385 
04-27 18:37:23.642  1760  4804 W ContextImpl: Calling a method in the system process without a qualified user: android.app.ContextImpl.sendBroadcastMultiplePermissions:1314 com.android.server.TelephonyRegistry.broadcastServiceStateChanged:3611 com.android.server.TelephonyRegistry.notifyServiceStateForPhoneId:1734 com.android.internal.telephony.ITelephonyRegistry$Stub.onTransact:550 android.os.Binder.execTransactInternal:1385 
04-27 18:37:23.642  1760  4804 W ContextImpl: Calling a method in the system process without a qualified user: android.app.ContextImpl.sendBroadcastMultiplePermissions:1314 com.android.server.TelephonyRegistry.broadcastServiceStateChanged:3617 com.android.server.TelephonyRegistry.notifyServiceStateForPhoneId:1734 com.android.internal.telephony.ITelephonyRegistry$Stub.onTransact:550 android.os.Binder.execTransactInternal:1385 
04-27 18:37:23.643  1760  2160 D ActivityManager: unfreezing ProcessRecord{57291eb 6260:com.google.android.cellbroadcastreceiver/u0a281}, reason = unfreezeTemporarily, adj = 925, adjType = cch-empty, adjSource = null
04-27 18:37:23.643  1760  2160 D ActivityManager: sync unfroze 6260 com.google.android.cellbroadcastreceiver for 3
04-27 18:37:23.664  1760  2859 E AppOps  : attributionTag VCN not declared in manifest of android
04-27 18:37:23.665  1760  2859 E AppOps  : attributionTag VCN not declared in manifest of android
04-27 18:37:23.667  1760  2859 E AppOps  : attributionTag VCN not declared in manifest of android
04-27 18:37:23.698  1760  1805 I Telecom : : registerPhoneAccount: account=[[ ] PhoneAccount: ComponentInfo{com.android.phone/com.android.services.telephony.TelephonyConnectionService}, 3, UserHandle{0} Capabilities: CallProvider MultiUser PlaceEmerg SimSub  Audio Routes: BESW Schemes: tel voicemail  Extras: Bundle[{android.telecom.extra.SUPPORTS_VIDEO_CALLING_FALLBACK=true, android.telecom.extra.SORT_ORDER=0}] GroupId: ***]: TSI.rPA(cap)@FAI
04-27 18:37:23.699  1760  1805 I Telecom : PhoneAccountRegistrar: Modify account: [ComponentInfo{com.android.phone/com.android.services.telephony.TelephonyConnectionService}, 3, UserHandle{0}]: TSI.rPA(cap)@FAI
04-27 18:37:23.700  1760  1805 I Telecom : MotoCallsManager: handlePhoneAccountChanged: phoneAccount=[[X] PhoneAccount: ComponentInfo{com.android.phone/com.android.services.telephony.TelephonyConnectionService}, 3, UserHandle{0} Capabilities: CallProvider MultiUser PlaceEmerg SimSub  Audio Routes: BESW Schemes: tel voicemail  Extras: Bundle[{android.telecom.extra.SUPPORTS_VIDEO_CALLING_FALLBACK=true, android.telecom.extra.SORT_ORDER=0}] GroupId: ***]: TSI.rPA(cap)@FAI
04-27 18:37:23.702  1760  1805 I Telecom : PhoneAccountRegistrar: getSimCallManager: SimCallManager for subId 3 queried, returning: null: TSI.rPA(cap)@FAI
04-27 18:37:23.702  1760  1805 I Telecom : PhoneAccountRegistrar: Notifying telephony of voice service override change for 1 SIMs, hasService = false: TSI.rPA(cap)@FAI
04-27 18:37:23.722  1760  1805 I Telecom : : registerPhoneAccount: account=[[ ] PhoneAccount: ComponentInfo{com.android.phone/com.android.services.telephony.TelephonyConnectionService}, 2, UserHandle{0} Capabilities: CallProvider MultiUser PlaceEmerg SimSub  Audio Routes: BESW Schemes: tel voicemail  Extras: Bundle[{android.telecom.extra.SUPPORTS_VIDEO_CALLING_FALLBACK=true, android.telecom.extra.SORT_ORDER=1}] GroupId: ***]: TSI.rPA(cap)@FAM
04-27 18:37:23.723  1760  1805 I Telecom : PhoneAccountRegistrar: Modify account: [ComponentInfo{com.android.phone/com.android.services.telephony.TelephonyConnectionService}, 2, UserHandle{0}]: TSI.rPA(cap)@FAM
04-27 18:37:23.725  1760  1805 I Telecom : MotoCallsManager: handlePhoneAccountChanged: phoneAccount=[[X] PhoneAccount: ComponentInfo{com.android.phone/com.android.services.telephony.TelephonyConnectionService}, 2, UserHandle{0} Capabilities: CallProvider MultiUser PlaceEmerg SimSub  Audio Routes: BESW Schemes: tel voicemail  Extras: Bundle[{android.telecom.extra.SUPPORTS_VIDEO_CALLING_FALLBACK=true, android.telecom.extra.SORT_ORDER=1}] GroupId: ***]: TSI.rPA(cap)@FAM
04-27 18:37:23.729  1760  1805 I Telecom : PhoneAccountRegistrar: getSimCallManager: SimCallManager for subId 2 queried, returning: null: TSI.rPA(cap)@FAM
04-27 18:37:23.729  1760  1805 I Telecom : PhoneAccountRegistrar: Notifying telephony of voice service override change for 1 SIMs, hasService = false: TSI.rPA(cap)@FAM
04-27 18:37:23.757  1760  1805 I ActivityManager: Flag disabled. Ignoring finishAttachApplication from uid: 10138. pid: 13009
04-27 18:37:23.776  1760  1760 W NotificationHistory: Attempted to add notif for locked/gone/disabled user 0
04-27 18:37:23.794  1760  1805 D CompatibilityChangeReporter: Compat change id reported: 161145287; UID 10138; state: ENABLED
04-27 18:37:23.806  1760  3070 D CompatibilityChangeReporter: Compat change id reported: 135634846; UID 10138; state: DISABLED
04-27 18:37:23.806  1760  3070 D CompatibilityChangeReporter: Compat change id reported: 177438394; UID 10138; state: DISABLED
04-27 18:37:23.806  1760  3070 D CompatibilityChangeReporter: Compat change id reported: 135772972; UID 10138; state: DISABLED
04-27 18:37:23.806  1760  3070 D CompatibilityChangeReporter: Compat change id reported: 135754954; UID 10138; state: ENABLED
04-27 18:37:23.807  1760  2161 D CompatibilityChangeReporter: Compat change id reported: 143937733; UID 10138; state: ENABLED
04-27 18:37:23.819  1760  4804 D CompatibilityChangeReporter: Compat change id reported: 253665015; UID 10138; state: ENABLED
04-27 18:37:23.819  1760  4804 D CompatibilityChangeReporter: Compat change id reported: 194532703; UID 10138; state: ENABLED
04-27 18:37:23.820  1760  4804 W JobScheduler: Job didn't exist in JobStore: d4b9159 #u0a138/-1371219540 com.google.android.as.oss/com.google.android.gms.learning.internal.training.InAppJobService
04-27 18:37:23.821  1760  2161 I ActivityManager: Start proc 13062:com.google.android.as.oss:learning_bg/u0a138 for service {com.google.android.as.oss/com.google.android.gms.learning.internal.training.InAppTrainingService}
04-27 18:37:23.836  1760  3070 W JobScheduler: Job didn't exist in JobStore: 280bb1b #u0a138/-1838665603 com.google.android.as.oss/com.google.android.gms.learning.internal.training.InAppJobService
04-27 18:37:23.837  1760  3070 D CompatibilityChangeReporter: Compat change id reported: 271850009; UID 10224; state: ENABLED
04-27 18:37:23.838  1760  3070 D CompatibilityChangeReporter: Compat change id reported: 177438394; UID 10224; state: DISABLED
04-27 18:37:23.838  1760  3070 D CompatibilityChangeReporter: Compat change id reported: 135772972; UID 10224; state: DISABLED
04-27 18:37:23.838  1760  3070 D CompatibilityChangeReporter: Compat change id reported: 135754954; UID 10224; state: ENABLED
04-27 18:37:23.839  1760  2161 D CompatibilityChangeReporter: Compat change id reported: 143937733; UID 10224; state: ENABLED
04-27 18:37:23.847  1760  4804 D CompatibilityChangeReporter: Compat change id reported: 261072174; UID 10138; state: ENABLED
04-27 18:37:23.848  1760  4803 W JobScheduler: Job didn't exist in JobStore: baf3bfc #u0a138/-605916168 com.google.android.as.oss/com.google.android.gms.learning.internal.training.InAppJobService
04-27 18:37:23.849  1760  2161 I ActivityManager: Start proc 13073:com.google.android.apps.youtube.music/u0a224 for service {com.google.android.apps.youtube.music/androidx.work.impl.background.systemjob.SystemJobService}
04-27 18:37:23.857  1760  2160 D ActivityManager: unfreezing ProcessRecord{4459a2c 12029:com.google.android.dialer/u0a185}, reason = unfreezeTemporarily, adj = 925, adjType = cch-empty, adjSource = null
04-27 18:37:23.858  1760  2160 D ActivityManager: sync unfroze 12029 com.google.android.dialer for 3
04-27 18:37:23.865  1760  4803 W JobScheduler: Job didn't exist in JobStore: 2ad312b #u0a138/-1458638241 com.google.android.as.oss/com.google.android.gms.learning.internal.training.InAppJobService
04-27 18:37:23.874  1760  4803 D CompatibilityChangeReporter: Compat change id reported: 168419799; UID 10224; state: DISABLED
04-27 18:37:23.874  1760  4803 D CompatibilityChangeReporter: Compat change id reported: 273564678; UID 10224; state: DISABLED
04-27 18:37:23.879  1760  3070 W JobScheduler: Job didn't exist in JobStore: bce6634 #u0a138/-1459396391 com.google.android.as.oss/com.google.android.gms.learning.internal.training.InAppJobService
04-27 18:37:23.885  1760  4804 D CompatibilityChangeReporter: Compat change id reported: 170503758; UID 10224; state: ENABLED
04-27 18:37:23.888  1760  4804 I DreamManagerService: startDozing by com.android.systemui callingUid=10263 callingPid=3018
04-27 18:37:23.888  1760  4804 D DreamManagerService: Dream requested to start dozing: android.os.Binder@5010a58, screenState=2, screenBrightness=-1
04-27 18:37:23.889  1760  2246 I DisplayPowerController2[0]: Blocking screen on until initial contents have been drawn.
04-27 18:37:23.889  1760  2246 I WindowManager: Display 0 turning on...
04-27 18:37:23.890  1760  2246 D WindowManager: isKeyguardAuthState = YES.
04-27 18:37:23.890  1760  2246 I DisplayBrightnessStrategySelector: Changing the DisplayBrightnessStrategy from ScreenOffBrightnessStrategy toInvalidBrightnessStrategy for display 0
04-27 18:37:23.891  1760  2246 V DisplayPowerController2[0]: Brightness [0.19798127] reason changing to: 'manual', previous reason: 'screen_off'.
04-27 18:37:23.891  1760  2246 I DisplayPowerController2[0]: 2026-04-27 21:37:23 - BrightnessEvent: disp=0, physDisp=local:4630947043778501762, brt=0.19798127, initBrt=0.0, rcmdBrt=NaN, preBrt=NaN, lux=0.0, preLux=0.0, brtNits=102.27551, hdrNits=NaN, initNits=3.6666667, preNits=NaN, rcmdNits=NaN, hdrBrightness=NaN, brt(%)=20%, brtInt=51, hbmMax=0.9999, hbmMode=off, rbcStrength=50, thrmMax=1.0, powerFactor=1.0, wasShortTermModelActive=false, flags=, reason=manual, autoBrightness=false, strategy=InvalidBrightnessStrategy
04-27 18:37:23.891  1760  4804 D PowerManagerService: nativeSetAutoSuspend enable:false duration ms: 4
04-27 18:37:23.893  1760  2246 D PowerManagerService: nativeAcquireSuspendBlocker name:PowerManagerService.Display duration ms: 2
04-27 18:37:23.894  1760  2920 D PowerManagerService: nativeSetPowerMode ret:false mode:9 enabled:false duration ms: 0
04-27 18:37:23.894  1760  2920 D LocalDisplayAdapter: setDisplayPowerMode mode=2 for display=android.os.BinderProxy@4c5c3c
04-27 18:37:23.894  1760  2145 I DisplayDeviceRepository: Display device changed state: "Tela integrada", ON
04-27 18:37:23.894  1760  4917 W JobScheduler: Job didn't exist in JobStore: a65edf7 #u0a138/-1214890555 com.google.android.as.oss/com.google.android.gms.learning.internal.training.InAppJobService
04-27 18:37:23.895  1760  1760 I BrightnessSynchronizer: New Update: {[780] 0.19798127(f), mUpdatedTypes=0, mConfirmedTypes=0, mTimeUpdated=0, mState=2}
04-27 18:37:23.896  1760  1760 D PanelsService: updateDefaultDisplayState: mScreenState=ON
04-27 18:37:23.897  1760  2142 D TouchHwService: updateDefaultDisplayState: mScreenOn=true
04-27 18:37:23.897  1760  2146 I DisplayDevice: [0] Layerstack set to 0 for local:4630947043778501762
04-27 18:37:23.907  1760  4917 I Telecom : : registerPhoneAccount: account=[[ ] PhoneAccount: ComponentInfo{com.android.phone/com.android.services.telephony.TelephonyConnectionService}, 3, UserHandle{0} Capabilities: CallProvider MultiUser PlaceEmerg SimSub  Audio Routes: BESW Schemes: tel voicemail  Extras: Bundle[{android.telecom.extra.SUPPORTS_VIDEO_CALLING_FALLBACK=true, android.telecom.extra.SORT_ORDER=0}] GroupId: ***]: TSI.rPA(cap)@FAs
04-27 18:37:23.908  1760  4917 I Telecom : PhoneAccountRegistrar: Modify account: [ComponentInfo{com.android.phone/com.android.services.telephony.TelephonyConnectionService}, 3, UserHandle{0}]: TSI.rPA(cap)@FAs
04-27 18:37:23.909  1760  4917 I Telecom : MotoCallsManager: handlePhoneAccountChanged: phoneAccount=[[X] PhoneAccount: ComponentInfo{com.android.phone/com.android.services.telephony.TelephonyConnectionService}, 3, UserHandle{0} Capabilities: CallProvider MultiUser PlaceEmerg SimSub  Audio Routes: BESW Schemes: tel voicemail  Extras: Bundle[{android.telecom.extra.SUPPORTS_VIDEO_CALLING_FALLBACK=true, android.telecom.extra.SORT_ORDER=0}] GroupId: ***]: TSI.rPA(cap)@FAs
04-27 18:37:23.910  1760  3070 W JobScheduler: Job didn't exist in JobStore: cc6c201 #u0a138/-546068258 com.google.android.as.oss/com.google.android.gms.learning.internal.training.InAppJobService
04-27 18:37:23.913  1760  4917 I Telecom : PhoneAccountRegistrar: getSimCallManager: SimCallManager for subId 3 queried, returning: null: TSI.rPA(cap)@FAs
04-27 18:37:23.913  1760  4917 I Telecom : PhoneAccountRegistrar: Notifying telephony of voice service override change for 1 SIMs, hasService = false: TSI.rPA(cap)@FAs
04-27 18:37:23.942  1760  4917 D WindowManager: mKeyguardDelegate.ShowListener.onDrawn.
04-27 18:37:23.942  1760  2143 W WindowManager: Setting mKeyguardDrawComplete
04-27 18:37:23.944  1760  4917 I ActivityManager: Flag disabled. Ignoring finishAttachApplication from uid: 10138. pid: 13062
04-27 18:37:23.951  1760  3070 I Telecom : : registerPhoneAccount: account=[[ ] PhoneAccount: ComponentInfo{com.android.phone/com.android.services.telephony.TelephonyConnectionService}, 2, UserHandle{0} Capabilities: CallProvider MultiUser PlaceEmerg SimSub  Audio Routes: BESW Schemes: tel voicemail  Extras: Bundle[{android.telecom.extra.SUPPORTS_VIDEO_CALLING_FALLBACK=true, android.telecom.extra.SORT_ORDER=1}] GroupId: ***]: TSI.rPA(cap)@FAw
04-27 18:37:23.953  1760  3070 I Telecom : PhoneAccountRegistrar: Modify account: [ComponentInfo{com.android.phone/com.android.services.telephony.TelephonyConnectionService}, 2, UserHandle{0}]: TSI.rPA(cap)@FAw
04-27 18:37:23.956  1760  3070 I Telecom : MotoCallsManager: handlePhoneAccountChanged: phoneAccount=[[X] PhoneAccount: ComponentInfo{com.android.phone/com.android.services.telephony.TelephonyConnectionService}, 2, UserHandle{0} Capabilities: CallProvider MultiUser PlaceEmerg SimSub  Audio Routes: BESW Schemes: tel voicemail  Extras: Bundle[{android.telecom.extra.SUPPORTS_VIDEO_CALLING_FALLBACK=true, android.telecom.extra.SORT_ORDER=1}] GroupId: ***]: TSI.rPA(cap)@FAw
04-27 18:37:23.967  1760  3070 I Telecom : PhoneAccountRegistrar: getSimCallManager: SimCallManager for subId 2 queried, returning: null: TSI.rPA(cap)@FAw
04-27 18:37:23.967  1760  3070 I Telecom : PhoneAccountRegistrar: Notifying telephony of voice service override change for 1 SIMs, hasService = false: TSI.rPA(cap)@FAw
04-27 18:37:23.988  1760  2143 W WindowManager: All windows drawn on display -1
04-27 18:37:23.989  1760  2143 D WindowManager: finishScreenTurningOn..
04-27 18:37:23.989  1760  2143 D WindowManager: enableScreen mKeyguardDrawnOnce=true awake=false mBootMessageNeedsHiding=false
04-27 18:37:23.989  1760  2246 I DisplayPowerController2[0]: Unblocked screen on after 100 ms
