04-27 18:42:42.282  1760  4803 D CompatibilityChangeReporter: Compat change id reported: 135772972; UID 10315; state: DISABLED
04-27 18:42:42.282  1760  4803 D CompatibilityChangeReporter: Compat change id reported: 135754954; UID 10315; state: ENABLED
04-27 18:42:42.282  1760  1760 I StorageManagerService: Storage lifetime: 40
04-27 18:42:42.282  1760  2161 D CompatibilityChangeReporter: Compat change id reported: 143937733; UID 10315; state: ENABLED
04-27 18:42:42.284  1760  1760 I StorageManagerService: Set smart idle maintenance: latest write amount: 460, average write amount: 670, min segment threshold: 512, dirty reclaim rate: 0.5, segment reclaim weight: 2.0, period(min): 60, min gc sleep time(ms): 5000, target dirty ratio: 80
04-27 18:42:42.284  1760  1815 D CompatibilityChangeReporter: Compat change id reported: 168419799; UID 10180; state: DISABLED
04-27 18:42:42.284  1760  1815 D CompatibilityChangeReporter: Compat change id reported: 273564678; UID 10180; state: DISABLED
04-27 18:42:42.285   738  1021 I vold    : Enough free segments: 19759
04-27 18:42:42.285  1760  1760 I SmartStorageMaintIdler: Got smart storage maintenance service completion callback
04-27 18:42:42.288  1760  1760 D CompatibilityChangeReporter: Compat change id reported: 253665015; UID 1000; state: ENABLED
04-27 18:42:42.289  1760  1760 D CompatibilityChangeReporter: Compat change id reported: 194532703; UID 1000; state: ENABLED
04-27 18:42:42.290  1760  1760 W JobScheduler: Job didn't exist in JobStore: fef8b48 #1000/2808 android/com.android.server.SmartStorageMaintIdler
04-27 18:42:42.295  1760  2161 I ActivityManager: Start proc 13712:br.com.neon/u0a315 for service {br.com.neon/androidx.work.impl.background.systemjob.SystemJobService}
04-27 18:42:42.296  1760  4804 D CompatibilityChangeReporter: Compat change id reported: 168419799; UID 10434; state: DISABLED
04-27 18:42:42.297  1760  4804 D CompatibilityChangeReporter: Compat change id reported: 273564678; UID 10434; state: DISABLED
04-27 18:42:42.299  1760  2638 D ActivityManager: unfreezing ProcessRecord{daf057a 9624:com.facebook.appmanager/u0a226}, reason = oom_uncached, adj = 0, adjType = service, adjSource = ProcessRecord{5e5ab0b 1760:system/1000}
04-27 18:42:42.300  1760  2638 D ActivityManager: sync unfroze 9624 com.facebook.appmanager for 6
04-27 18:42:42.301  1760  2638 D CompatibilityChangeReporter: Compat change id reported: 265195908; UID 10434; state: ENABLED
04-27 18:42:42.302  1760  1815 W JobScheduler: Job didn't exist in JobStore: f5d82b3 #u0a262/0 com.motorola.bach.modemstats/.nrcheckin.NRCheckinJobService
04-27 18:42:42.325  1760  1815 D CompatibilityChangeReporter: Compat change id reported: 168419799; UID 10315; state: DISABLED
04-27 18:42:42.325  1760  1815 D CompatibilityChangeReporter: Compat change id reported: 273564678; UID 10315; state: DISABLED
04-27 18:42:42.328  1760  2638 D CompatibilityChangeReporter: Compat change id reported: 265195908; UID 10315; state: ENABLED
04-27 18:42:42.338  1760  2621 D CompatibilityChangeReporter: Compat change id reported: 253665015; UID 10188; state: ENABLED
04-27 18:42:42.338  1760  2621 D CompatibilityChangeReporter: Compat change id reported: 194532703; UID 10188; state: ENABLED
04-27 18:42:42.352  1760  2621 D CompatibilityChangeReporter: Compat change id reported: 170503758; UID 10315; state: ENABLED
04-27 18:42:42.353  1760  1815 D CompatibilityChangeReporter: Compat change id reported: 170503758; UID 10180; state: ENABLED
04-27 18:42:42.367  1760  1815 D CompatibilityChangeReporter: Compat change id reported: 170503758; UID 10434; state: ENABLED
04-27 18:42:42.497  1760  4804 I ActivityManager: Flag disabled. Ignoring finishAttachApplication from uid: 10180. pid: 13681
04-27 18:42:42.614  1760  4804 D CompatibilityChangeReporter: Compat change id reported: 161145287; UID 10180; state: DISABLED
04-27 18:42:42.724  1760  2621 D ActivityManager: unfreezing ProcessRecord{d206103 11019:com.google.process.gservices/u0a158}, reason = oom_uncached, adj = 100, adjType = provider, adjSource = null
04-27 18:42:42.725  1760  2621 D ActivityManager: sync unfroze 11019 com.google.process.gservices for 7
04-27 18:42:43.308  1760  4804 D CompatibilityChangeReporter: Compat change id reported: 161145287; UID 10315; state: ENABLED
04-27 18:42:43.331  1760  4804 D CompatibilityChangeReporter: Compat change id reported: 218533173; UID 10188; state: ENABLED
04-27 18:42:43.331  1760  4804 D CompatibilityChangeReporter: Compat change id reported: 262645982; UID 10188; state: ENABLED
04-27 18:42:43.332  1760  4804 D CompatibilityChangeReporter: Compat change id reported: 218533173; UID 10434; state: ENABLED
04-27 18:42:43.332  1760  4804 D CompatibilityChangeReporter: Compat change id reported: 262645982; UID 10434; state: ENABLED
04-27 18:42:43.332  1760  4804 D CompatibilityChangeReporter: Compat change id reported: 218533173; UID 10305; state: ENABLED
04-27 18:42:43.332  1760  4804 D CompatibilityChangeReporter: Compat change id reported: 262645982; UID 10305; state: ENABLED
04-27 18:42:43.332  1760  4804 D CompatibilityChangeReporter: Compat change id reported: 218533173; UID 10209; state: ENABLED
04-27 18:42:43.332  1760  4804 D CompatibilityChangeReporter: Compat change id reported: 218533173; UID 10280; state: ENABLED
04-27 18:42:43.332  1760  4804 D CompatibilityChangeReporter: Compat change id reported: 262645982; UID 10280; state: ENABLED
04-27 18:42:43.333  1760  4804 D CompatibilityChangeReporter: Compat change id reported: 218533173; UID 10195; state: ENABLED
04-27 18:42:43.333  1760  4804 D CompatibilityChangeReporter: Compat change id reported: 262645982; UID 10195; state: ENABLED
04-27 18:42:43.334  1760  4804 D CompatibilityChangeReporter: Compat change id reported: 218533173; UID 10219; state: ENABLED
04-27 18:42:43.334  1760  4804 D CompatibilityChangeReporter: Compat change id reported: 262645982; UID 10219; state: ENABLED
04-27 18:42:43.334  1760  4804 D CompatibilityChangeReporter: Compat change id reported: 218533173; UID 10308; state: ENABLED
04-27 18:42:43.334  1760  4804 D CompatibilityChangeReporter: Compat change id reported: 262645982; UID 10308; state: ENABLED
04-27 18:42:43.335  1760  4804 D CompatibilityChangeReporter: Compat change id reported: 218533173; UID 10315; state: ENABLED
04-27 18:42:43.335  1760  4804 D CompatibilityChangeReporter: Compat change id reported: 262645982; UID 10315; state: ENABLED
04-27 18:42:43.335  1760  4804 D CompatibilityChangeReporter: Compat change id reported: 218533173; UID 10331; state: ENABLED
04-27 18:42:43.335  1760  4804 D CompatibilityChangeReporter: Compat change id reported: 262645982; UID 10331; state: ENABLED
04-27 18:42:43.335  1760  4804 D CompatibilityChangeReporter: Compat change id reported: 218533173; UID 10224; state: ENABLED
04-27 18:42:43.335  1760  4804 D CompatibilityChangeReporter: Compat change id reported: 262645982; UID 10224; state: ENABLED
04-27 18:42:43.453  1760  4803 D CompatibilityChangeReporter: Compat change id reported: 261072174; UID 10315; state: ENABLED
04-27 18:42:43.629  1760  4803 D CompatibilityChangeReporter: Compat change id reported: 253665015; UID 10180; state: DISABLED
04-27 18:42:43.629  1760  4803 D CompatibilityChangeReporter: Compat change id reported: 194532703; UID 10180; state: ENABLED
04-27 18:42:43.632  1760  2638 D CompatibilityChangeReporter: Compat change id reported: 265195908; UID 10180; state: ENABLED
04-27 18:42:43.698  1760  4803 D CompatibilityChangeReporter: Compat change id reported: 161145287; UID 10434; state: ENABLED
04-27 18:42:43.817  1760  4803 D CompatibilityChangeReporter: Compat change id reported: 261072174; UID 10434; state: ENABLED
04-27 18:42:43.929  1760  4803 D CompatibilityChangeReporter: Compat change id reported: 261072174; UID 10180; state: DISABLED
04-27 18:42:43.929  1760  4803 D CompatibilityChangeReporter: Compat change id reported: 261072174; UID 10186; state: ENABLED
04-27 18:42:43.930  1760  4803 D CompatibilityChangeReporter: Compat change id reported: 261072174; UID 10257; state: ENABLED
04-27 18:42:43.998  1760  4803 D CompatibilityChangeReporter: Compat change id reported: 271850009; UID 10434; state: ENABLED
04-27 18:42:43.999  1760  4803 D CompatibilityChangeReporter: Compat change id reported: 253665015; UID 10434; state: ENABLED
04-27 18:42:43.999  1760  4803 D CompatibilityChangeReporter: Compat change id reported: 194532703; UID 10434; state: ENABLED
04-27 18:42:44.084  1760  4804 D ActivityManager: unfreezing ProcessRecord{c4d7e6c 18125:com.google.android.gms/u0a158}, reason = oom_uncached, adj = 100, adjType = service, adjSource = ProcessRecord{f66a315 13682:br.com.Inter.CDPro/u0a434}
04-27 18:42:44.086  1760  4804 D ActivityManager: sync unfroze 18125 com.google.android.gms for 4
04-27 18:42:44.355  1760  4804 D CompatibilityChangeReporter: Compat change id reported: 168936375; UID 10434; state: ENABLED
04-27 18:42:44.537  1760  4804 D BiometricService: Sensor ID(1008), oemStrength: 4095, updatedStrength: 4095, modality 8, state: 0, cookie: 0, sensorId 1008, hasEnrollments: false cannot participate in Keystore operations
04-27 18:42:45.037  1760  4942 D CompatibilityChangeReporter: Compat change id reported: 253665015; UID 10315; state: ENABLED
04-27 18:42:45.038  1760  4942 D CompatibilityChangeReporter: Compat change id reported: 194532703; UID 10315; state: ENABLED
04-27 18:42:45.112  1760  4942 D CompatibilityChangeReporter: Compat change id reported: 319212206; UID 10315; state: ENABLED
04-27 18:42:45.283  1760  4804 I ActivityManager: Flag disabled. Ignoring finishAttachApplication from uid: 10315. pid: 13712
04-27 18:42:45.290  1760  1760 W JobScheduler: Job didn't exist in JobStore: d196c7 {androidx.work.systemjobscheduler} #u0a315/48058 @androidx.work.systemjobscheduler@br.com.neon/androidx.work.impl.background.systemjob.SystemJobService
04-27 18:42:45.350  1760  4942 D CompatibilityChangeReporter: Compat change id reported: 271850009; UID 10315; state: ENABLED
04-27 18:42:45.520  1760  4942 I ActivityManager: Flag disabled. Ignoring finishAttachApplication from uid: 10434. pid: 13682
04-27 18:42:45.533  1760  1760 W JobScheduler: Job didn't exist in JobStore: f8a9312 {androidx.work.systemjobscheduler} #u0a434/13456 @androidx.work.systemjobscheduler@br.com.Inter.CDPro/androidx.work.impl.background.systemjob.SystemJobService
04-27 18:42:46.400   784   814 W keystore2: system/security/keystore2/src/remote_provisioning.rs:102 - Error occurred: system/security/keystore2/src/rkpd_client.rs:226: Trying to get to IRegistration service.
04-27 18:42:46.400   784   814 W keystore2: 
04-27 18:42:46.400   784   814 W keystore2: Caused by:
04-27 18:42:46.400   784   814 W keystore2:     0: system/security/keystore2/src/rkpd_client.rs:120: Trying to get IRPC name.
04-27 18:42:46.400   784   814 W keystore2:     1: system/security/keystore2/src/globals.rs:440
04-27 18:42:46.400   784   814 W keystore2:     2: Error::Km(r#HARDWARE_TYPE_UNAVAILABLE)
04-27 18:42:46.829  1760  4804 D CompatibilityChangeReporter: Compat change id reported: 319212206; UID 10188; state: ENABLED
04-27 18:42:46.928  1760  4804 D CompatibilityChangeReporter: Compat change id reported: 135634846; UID 99064; state: DISABLED
04-27 18:42:46.929  1760  4804 D CompatibilityChangeReporter: Compat change id reported: 177438394; UID 99064; state: DISABLED
04-27 18:42:46.929  1760  4804 D CompatibilityChangeReporter: Compat change id reported: 135772972; UID 99064; state: DISABLED
04-27 18:42:46.929  1760  4804 D CompatibilityChangeReporter: Compat change id reported: 135754954; UID 99064; state: ENABLED
04-27 18:42:46.929  1760  2161 D CompatibilityChangeReporter: Compat change id reported: 143937733; UID 10315; state: ENABLED
04-27 18:42:46.946  1760  2161 I ActivityManager: Start proc 14193:com.google.android.webview:sandboxed_process0:org.chromium.content.app.SandboxedProcessService0:0/u0i64 for  {br.com.neon/org.chromium.content.app.SandboxedProcessService0:0}
04-27 18:42:46.967  1760  4804 D CompatibilityChangeReporter: Compat change id reported: 168419799; UID 10315; state: DISABLED
04-27 18:42:46.967  1760  4804 D CompatibilityChangeReporter: Compat change id reported: 273564678; UID 10315; state: DISABLED
04-27 18:42:47.080  1760  2621 I ActivityManager: Flag disabled. Ignoring finishAttachApplication from uid: 99064. pid: 14193
04-27 18:42:48.274  1760  4804 D CompatibilityChangeReporter: Compat change id reported: 135634846; UID 99065; state: DISABLED
04-27 18:42:48.274  1760  4804 D CompatibilityChangeReporter: Compat change id reported: 177438394; UID 99065; state: DISABLED
04-27 18:42:48.274  1760  4804 D CompatibilityChangeReporter: Compat change id reported: 135772972; UID 99065; state: DISABLED
04-27 18:42:48.274  1760  4804 D CompatibilityChangeReporter: Compat change id reported: 135754954; UID 99065; state: ENABLED
04-27 18:42:48.275  1760  2161 D CompatibilityChangeReporter: Compat change id reported: 143937733; UID 10434; state: ENABLED
04-27 18:42:48.289  1760  2161 I ActivityManager: Start proc 14313:com.google.android.webview:sandboxed_process0:org.chromium.content.app.SandboxedProcessService0:0/u0i65 for  {br.com.Inter.CDPro/org.chromium.content.app.SandboxedProcessService0:0}
04-27 18:42:48.305  1760  4803 D CompatibilityChangeReporter: Compat change id reported: 168419799; UID 10434; state: DISABLED
04-27 18:42:48.305  1760  4803 D CompatibilityChangeReporter: Compat change id reported: 273564678; UID 10434; state: DISABLED
04-27 18:42:48.393  1760  4804 I ActivityManager: Flag disabled. Ignoring finishAttachApplication from uid: 99065. pid: 14313
04-27 18:42:48.604  1760  4803 D ActivityManager: unfreezing ProcessRecord{cc688e9 11151:android.process.acore/u0a93}, reason = oom_uncached, adj = 500, adjType = provider, adjSource = ProcessRecord{5e41257 14814:com.google.android.apps.messaging/u0a161}
04-27 18:42:48.604  1760  4803 D ActivityManager: sync unfroze 11151 android.process.acore for 7
04-27 18:42:48.820  3018  3894 D PowerUI : can't show warning due to - plugged: true status unknown: false
04-27 18:42:48.826  1760  1760 V UiModeManager: updateLocked: null action, mDockState=0, category=null
04-27 18:42:48.826  1760  1760 D UiModeManager: updateConfigurationLocked: mDockState=0; mCarMode=false; mNightMode=2; mNightModeCustomType=-1; uiMode=33
04-27 18:42:48.851  1760  2621 D CompatibilityChangeReporter: Compat change id reported: 319212206; UID 10434; state: ENABLED
04-27 18:42:49.099  1760  2621 W JobScheduler: Job didn't exist in JobStore: bd5fd88 {androidx.work.systemjobscheduler} #u0a434/13469 @androidx.work.systemjobscheduler@br.com.Inter.CDPro/androidx.work.impl.background.systemjob.SystemJobService
04-27 18:42:49.102  1760  2638 D CompatibilityChangeReporter: Compat change id reported: 265195908; UID 10434; state: ENABLED
04-27 18:42:49.103  1760  2621 I ActivityManager: Killing 11151:android.process.acore/u0a93 (adj 915, setSvc -10000): empty #31
04-27 18:42:49.105  1760  2621 I ActivityManager: Killing 10936:com.google.android.apps.photos/u0a219 (adj 945, setSvc -10000): empty #32
04-27 18:42:49.106  1760  2621 I ActivityManager: Killing 11044:com.motorola.camera3/u0a156 (adj 995, setSvc -10000): empty #33
04-27 18:42:49.248  1760  4803 I ActivityManager: appDiedLocked: app=ProcessRecord{cc688e9 11151:android.process.acore/u0a93} thread=android.os.BinderProxy@3aae0ce fromBinderDied=true isKilledByAm=true reason=null
04-27 18:42:49.251  1760  4803 D RestartModeController: markWaitRestartAppIsSuicided null processName=android.process.acore
04-27 18:42:49.252 14814 14814 I ActivityThread: Removing dead content provider:android.content.ContentProviderProxy@337a983
04-27 18:42:49.252 14814 14814 I ActivityThread: Removing dead content provider:android.content.ContentProviderProxy@337a983
04-27 18:42:49.253  1760  2143 D DisplayManagerService: Drop pending events for gone uid 10093
04-27 18:42:49.254  1760  4803 D ActivityTaskManager: handleAppDied: uid=10093,diedCount=1,lastDiedTime=27243933,forceStopUids=false
04-27 18:42:49.257  1760  1815 I ActivityManager: appDiedLocked: app=ProcessRecord{680050e 11044:com.motorola.camera3/u0a156} thread=android.os.BinderProxy@e8a36fc fromBinderDied=true isKilledByAm=true reason=null
04-27 18:42:49.258  1760  1815 D RestartModeController: markWaitRestartAppIsSuicided null processName=com.motorola.camera3
04-27 18:42:49.259  1760  1815 D ActivityTaskManager: handleAppDied: uid=10156,diedCount=1,lastDiedTime=26309469,forceStopUids=false
04-27 18:42:49.260  1760  2143 D DisplayManagerService: Drop pending events for gone uid 10156
04-27 18:42:49.377  1760  1815 I ActivityManager: appDiedLocked: app=ProcessRecord{1924dff 10936:com.google.android.apps.photos/u0a219} thread=android.os.BinderProxy@73aaf3a fromBinderDied=true isKilledByAm=true reason=null
04-27 18:42:49.380  1760  1815 D RestartModeController: markWaitRestartAppIsSuicided null processName=com.google.android.apps.photos
04-27 18:42:49.381  1760  2143 D DisplayManagerService: Drop pending events for gone uid 10219
04-27 18:42:49.381  1760  1815 D ActivityTaskManager: handleAppDied: uid=10219,diedCount=1,lastDiedTime=26657962,forceStopUids=false
04-27 18:42:49.492  1760  5399 D CompatibilityChangeReporter: Compat change id reported: 135634846; UID 10192; state: DISABLED
04-27 18:42:49.492  1760  5399 D CompatibilityChangeReporter: Compat change id reported: 177438394; UID 10192; state: DISABLED
04-27 18:42:49.492  1760  5399 D CompatibilityChangeReporter: Compat change id reported: 135772972; UID 10192; state: DISABLED
04-27 18:42:49.492  1760  5399 D CompatibilityChangeReporter: Compat change id reported: 135754954; UID 10192; state: ENABLED
04-27 18:42:49.493  1760  2161 D CompatibilityChangeReporter: Compat change id reported: 143937733; UID 10192; state: ENABLED
04-27 18:42:49.507  1760  2161 I ActivityManager: Start proc 14384:com.google.android.webview:webview_service/u0a192 for service {com.google.android.webview/org.chromium.android_webview.services.VariationsSeedServer}
04-27 18:42:49.534  1760  5399 D CompatibilityChangeReporter: Compat change id reported: 168419799; UID 10192; state: DISABLED
04-27 18:42:49.534  1760  5399 D CompatibilityChangeReporter: Compat change id reported: 273564678; UID 10192; state: DISABLED
04-27 18:42:49.535  1760  2638 D CompatibilityChangeReporter: Compat change id reported: 265195908; UID 10192; state: ENABLED
04-27 18:42:49.549  1760  5399 D CompatibilityChangeReporter: Compat change id reported: 170503758; UID 10192; state: ENABLED
04-27 18:42:49.727  1760  1815 D CompatibilityChangeReporter: Compat change id reported: 261072174; UID 10192; state: ENABLED
04-27 18:42:49.749  1760  1815 I ActivityManager: Flag disabled. Ignoring finishAttachApplication from uid: 10192. pid: 14384
04-27 18:42:49.801  1760  4942 I ActivityManager: Killing 11295:com.motorola.lifetimedata/u0a269 (adj 995, setSvc -10000): empty #31
04-27 18:42:49.868  1760  1815 I ActivityManager: appDiedLocked: app=ProcessRecord{dd719f6 11295:com.motorola.lifetimedata/u0a269} thread=android.os.BinderProxy@a9a780e fromBinderDied=true isKilledByAm=true reason=null
04-27 18:42:49.870  1760  1815 D RestartModeController: markWaitRestartAppIsSuicided null processName=com.motorola.lifetimedata
04-27 18:42:49.870  1760  1815 D ActivityTaskManager: handleAppDied: uid=10269,diedCount=1,lastDiedTime=24239551,forceStopUids=false
04-27 18:42:49.871  1760  2143 D DisplayManagerService: Drop pending events for gone uid 10269
04-27 18:42:50.539  1760  1815 D BiometricService: Sensor ID(1008), oemStrength: 4095, updatedStrength: 4095, modality 8, state: 0, cookie: 0, sensorId 1008, hasEnrollments: false cannot participate in Keystore operations
04-27 18:42:52.082  1760  3080 W ProcessStats: Tracking association SourceState{529e4d2 com.android.systemui/10263 BFgs #110275} whose proc state 4 is better than process ProcessState{1bb1b5f com.google.android.apps.chromecast.app/10296 pkg=com.google.android.apps.chromecast.app} proc state 5 (475 skipped)
04-27 18:42:52.915  1760  1760 V UiModeManager: updateLocked: null action, mDockState=0, category=null
04-27 18:42:52.915  1760  1760 D UiModeManager: updateConfigurationLocked: mDockState=0; mCarMode=false; mNightMode=2; mNightModeCustomType=-1; uiMode=33
04-27 18:42:52.919  3018  3905 D PowerUI : can't show warning due to - plugged: true status unknown: false
04-27 18:42:52.976  1760  2696 D ActivityManager: freezing 9624 com.facebook.appmanager, reason = oom_cached
04-27 18:42:53.636  1760  2696 D ActivityManager: freezing 13681 com.google.android.apps.turbo:aab, reason = oom_cached
04-27 18:42:55.358  1760  2696 D ActivityManager: freezing 13712 br.com.neon, reason = oom_cached
04-27 18:42:57.160  1760  2696 D ActivityManager: freezing 14193 com.google.android.webview:sandboxed_process0:org.chromium.content.app.SandboxedProcessService0:0, reason = oom_cached
04-27 18:42:59.103  1760  2696 D ActivityManager: freezing 13682 br.com.Inter.CDPro, reason = oom_cached
04-27 18:42:59.112  1760  2696 D ActivityManager: freezing 14313 com.google.android.webview:sandboxed_process0:org.chromium.content.app.SandboxedProcessService0:0, reason = oom_cached
04-27 18:42:59.385  1760  2696 D ActivityManager: freezing 18125 com.google.android.gms, reason = oom_cached
04-27 18:42:59.798  1760  2696 D ActivityManager: freezing 14384 com.google.android.webview:webview_service, reason = oom_cached
04-27 18:43:00.944  1760  2696 D ActivityManager: freezing 14814 com.google.android.apps.messaging, reason = oom_cached
04-27 18:43:01.733   784 13942 I keystore2: system/security/keystore2/src/watchdog.rs:319 - Watchdog thread idle -> terminating. Have a great day.
04-27 18:43:14.364  1760  2160 W ProcessStats: Tracking association SourceState{529e4d2 com.android.systemui/10263 BFgs #110292} whose proc state 4 is better than process ProcessState{1bb1b5f com.google.android.apps.chromecast.app/10296 pkg=com.google.android.apps.chromecast.app} proc state 5 (14 skipped)
04-27 18:43:20.810  1760  2630 D BatteryService: uevent={POWER_SUPPLY_POWER_AVG=34086294, POWER_SUPPLY_VOLTAGE_NOW=4496536, POWER_SUPPLY_POWER_NOW=55597022, POWER_SUPPLY_CHARGE_CONTROL_LIMIT_MAX=10, POWER_SUPPLY_TYPE=Battery, POWER_SUPPLY_HEALTH=Good, POWER_SUPPLY_TECHNOLOGY=Li-ion, POWER_SUPPLY_CHARGE_FULL_DESIGN=4089000, SEQNUM=13238, POWER_SUPPLY_CHARGE_CONTROL_LIMIT=0, POWER_SUPPLY_MODEL_NAME=5497416_LENOVO_DUBAI_4020MAH_AVERAGED_MASTERSLAVE_NOV25TH2021, POWER_SUPPLY_STATUS=Charging, POWER_SUPPLY_CYCLE_COUNT=1608, POWER_SUPPLY_CAPACITY=94, DEVPATH=/devices/platform/soc/soc:qcom,pmic_glink/soc:qcom,pmic_glink:qcom,battery_charger/power_supply/battery, POWER_SUPPLY_CHARGE_TYPE=Standard, POWER_SUPPLY_CURRENT_NOW=505988, POWER_SUPPLY_TIME_TO_FULL_AVG=2185, POWER_SUPPLY_PRESENT=1, POWER_SUPPLY_CHARGE_FULL=3044000, POWER_SUPPLY_TIME_TO_FULL_NOW=2185, SUBSYSTEM=power_supply, POWER_SUPPLY_VOLTAGE_OCV=4352011, POWER_SUPPLY_TEMP=280, ACTION=change, POWER_SUPPLY_NAME=battery, POWER_SUPPLY_VOLTAGE_MAX=4480000, POWER_SUPPLY_CHARGE_COUNTER=2849792, POWER_SUPPLY_TIME_TO_EMPTY_AVG=-1}
04-27 18:43:20.810  1760  2630 D BatteryService: uevent={POWER_SUPPLY_POWER_AVG=34086294, POWER_SUPPLY_VOLTAGE_NOW=4496536, POWER_SUPPLY_POWER_NOW=55597022, POWER_SUPPLY_CHARGE_CONTROL_LIMIT_MAX=10, POWER_SUPPLY_TYPE=Battery, POWER_SUPPLY_HEALTH=Good, POWER_SUPPLY_TECHNOLOGY=Li-ion, POWER_SUPPLY_CHARGE_FULL_DESIGN=4089000, SEQNUM=13238, POWER_SUPPLY_CHARGE_CONTROL_LIMIT=0, POWER_SUPPLY_MODEL_NAME=5497416_LENOVO_DUBAI_4020MAH_AVERAGED_MASTERSLAVE_NOV25TH2021, POWER_SUPPLY_STATUS=Charging, POWER_SUPPLY_CYCLE_COUNT=1608, POWER_SUPPLY_CAPACITY=94, DEVPATH=/devices/platform/soc/soc:qcom,pmic_glink/soc:qcom,pmic_glink:qcom,battery_charger/power_supply/battery, POWER_SUPPLY_CHARGE_TYPE=Standard, POWER_SUPPLY_CURRENT_NOW=505988, POWER_SUPPLY_TIME_TO_FULL_AVG=2185, POWER_SUPPLY_PRESENT=1, POWER_SUPPLY_CHARGE_FULL=3044000, POWER_SUPPLY_TIME_TO_FULL_NOW=2185, SUBSYSTEM=power_supply, POWER_SUPPLY_VOLTAGE_OCV=4352011, POWER_SUPPLY_TEMP=280, ACTION=change, POWER_SUPPLY_NAME=battery, POWER_SUPPLY_VOLTAGE_MAX=4480000, POWER_SUPPLY_CHARGE_COUNTER=2849792, POWER_SUPPLY_TIME_TO_EMPTY_AVG=-1}
04-27 18:43:20.817  1760  1760 V UiModeManager: updateLocked: null action, mDockState=0, category=null
04-27 18:43:20.817  1760  1760 D UiModeManager: updateConfigurationLocked: mDockState=0; mCarMode=false; mNightMode=2; mNightModeCustomType=-1; uiMode=33
04-27 18:43:20.818  3018  3909 D PowerUI : can't show warning due to - plugged: true status unknown: false
04-27 18:43:20.831  1760  1760 V UiModeManager: updateLocked: null action, mDockState=0, category=null
04-27 18:43:20.831  1760  2160 D ActivityManager: unfreezing ProcessRecord{6c145a9 6811:com.android.settings/1000}, reason = unfreezeTemporarily, adj = 945, adjType = cch-empty, adjSource = null
04-27 18:43:20.831  1760  1760 D UiModeManager: updateConfigurationLocked: mDockState=0; mCarMode=false; mNightMode=2; mNightModeCustomType=-1; uiMode=33
04-27 18:43:20.832  1760  2160 D ActivityManager: sync unfroze 6811 com.android.settings for 3
04-27 18:43:20.834  1760  2160 D ActivityManager: unfreezing ProcessRecord{5321843 7527:com.google.android.apps.turbo/u0a180}, reason = unfreezeTemporarily, adj = 925, adjType = cch-empty, adjSource = null
04-27 18:43:20.834  1760  2160 D ActivityManager: sync unfroze 7527 com.google.android.apps.turbo for 3
04-27 18:43:20.859  3018  3898 D PowerUI : can't show warning due to - plugged: true status unknown: false
04-27 18:43:24.877  1760  3080 W ProcessStats: Tracking association SourceState{529e4d2 com.android.systemui/10263 BFgs #110383} whose proc state 4 is better than process ProcessState{1bb1b5f com.google.android.apps.chromecast.app/10296 pkg=com.google.android.apps.chromecast.app} proc state 5 (84 skipped)
04-27 18:43:30.894  1760  2696 D ActivityManager: freezing 7527 com.google.android.apps.turbo, reason = oom_cached
04-27 18:43:30.895  1760  2696 D ActivityManager: freezing 6811 com.android.settings, reason = oom_cached
04-27 18:43:35.298  1760  5399 W ProcessStats: Tracking association SourceState{529e4d2 com.android.systemui/10263 BFgs #110407} whose proc state 4 is better than process ProcessState{1bb1b5f com.google.android.apps.chromecast.app/10296 pkg=com.google.android.apps.chromecast.app} proc state 5 (23 skipped)
04-27 18:43:46.303  1760  5399 W ProcessStats: Tracking association SourceState{529e4d2 com.android.systemui/10263 BFgs #110420} whose proc state 4 is better than process ProcessState{1bb1b5f com.google.android.apps.chromecast.app/10296 pkg=com.google.android.apps.chromecast.app} proc state 5 (15 skipped)
04-27 18:43:46.922  1760  3080 I ActivityManager: Killing 691:com.instagram.android/u0a305 (adj 995, setSvc -10000): empty #31
04-27 18:43:47.089  1760  4942 I ActivityManager: appDiedLocked: app=ProcessRecord{d0b4723 691:com.instagram.android/u0a305} thread=android.os.BinderProxy@8560dae fromBinderDied=true isKilledByAm=true reason=null
04-27 18:43:47.092  1760  4942 D RestartModeController: markWaitRestartAppIsSuicided null processName=com.instagram.android
04-27 18:43:47.092  1760  4942 D ActivityTaskManager: handleAppDied: uid=10305,diedCount=1,lastDiedTime=26574147,forceStopUids=false
04-27 18:43:47.093  1760  2143 D DisplayManagerService: Drop pending events for gone uid 10305
04-27 18:43:48.826  1760  1760 V UiModeManager: updateLocked: null action, mDockState=0, category=null
04-27 18:43:48.826  1760  1760 D UiModeManager: updateConfigurationLocked: mDockState=0; mCarMode=false; mNightMode=2; mNightModeCustomType=-1; uiMode=33
04-27 18:43:48.829  3018  3900 D PowerUI : can't show warning due to - plugged: true status unknown: false
04-27 18:43:56.935  1760  2696 D ActivityManager: freezing 8056 com.google.android.googlequicksearchbox:search, reason = oom_cached
04-27 18:43:57.450  1760  4942 W ProcessStats: Tracking association SourceState{529e4d2 com.android.systemui/10263 BFgs #110434} whose proc state 4 is better than process ProcessState{1bb1b5f com.google.android.apps.chromecast.app/10296 pkg=com.google.android.apps.chromecast.app} proc state 5 (19 skipped)
04-27 18:43:59.018  1760  2142 D time_detector: Telephony time suggestion received newSuggestion=TelephonyTimeSuggestion{mSlotIndex='1', mUnixEpochTime=null, mDebugInfo=[Clearing time suggestion reason=handleNetworkAvailable, mLatestNitzSignal restored from mLastNitzSignalCleared=null]}
04-27 18:43:59.037  1760  3080 W ContextImpl: Calling a method in the system process without a qualified user: android.app.ContextImpl.sendBroadcastMultiplePermissions:1281 android.content.Context.sendBroadcastMultiplePermissions:2476 com.android.server.TelephonyRegistry.broadcastServiceStateChanged:3597 com.android.server.TelephonyRegistry.notifyServiceStateForPhoneId:1734 com.android.internal.telephony.ITelephonyRegistry$Stub.onTransact:550 
04-27 18:43:59.038  1760  3080 W ContextImpl: Calling a method in the system process without a qualified user: android.app.ContextImpl.sendBroadcastMultiplePermissions:1314 com.android.server.TelephonyRegistry.broadcastServiceStateChanged:3602 com.android.server.TelephonyRegistry.notifyServiceStateForPhoneId:1734 com.android.internal.telephony.ITelephonyRegistry$Stub.onTransact:550 android.os.Binder.execTransactInternal:1385 
04-27 18:43:59.039  1760  3080 W ContextImpl: Calling a method in the system process without a qualified user: android.app.ContextImpl.sendBroadcastMultiplePermissions:1314 com.android.server.TelephonyRegistry.broadcastServiceStateChanged:3611 com.android.server.TelephonyRegistry.notifyServiceStateForPhoneId:1734 com.android.internal.telephony.ITelephonyRegistry$Stub.onTransact:550 android.os.Binder.execTransactInternal:1385 
04-27 18:43:59.040  1760  3080 W ContextImpl: Calling a method in the system process without a qualified user: android.app.ContextImpl.sendBroadcastMultiplePermissions:1314 com.android.server.TelephonyRegistry.broadcastServiceStateChanged:3617 com.android.server.TelephonyRegistry.notifyServiceStateForPhoneId:1734 com.android.internal.telephony.ITelephonyRegistry$Stub.onTransact:550 android.os.Binder.execTransactInternal:1385 
04-27 18:43:59.040  1760  2160 D ActivityManager: unfreezing ProcessRecord{57291eb 6260:com.google.android.cellbroadcastreceiver/u0a281}, reason = unfreezeTemporarily, adj = 955, adjType = cch-empty, adjSource = null
04-27 18:43:59.041  1760  2160 D ActivityManager: sync unfroze 6260 com.google.android.cellbroadcastreceiver for 3
04-27 18:43:59.072  1760  2859 E AppOps  : attributionTag VCN not declared in manifest of android
04-27 18:43:59.075  1760  2859 E AppOps  : attributionTag VCN not declared in manifest of android
04-27 18:43:59.077  1760  2859 E AppOps  : attributionTag VCN not declared in manifest of android
04-27 18:43:59.121  1760  4942 I Telecom : : registerPhoneAccount: account=[[ ] PhoneAccount: ComponentInfo{com.android.phone/com.android.services.telephony.TelephonyConnectionService}, 3, UserHandle{0} Capabilities: CallProvider MultiUser PlaceEmerg SimSub  Audio Routes: BESW Schemes: tel voicemail  Extras: Bundle[{android.telecom.extra.SUPPORTS_VIDEO_CALLING_FALLBACK=true, android.telecom.extra.SORT_ORDER=0}] GroupId: ***]: TSI.rPA(cap)@FHQ
04-27 18:43:59.122  1760  4942 I Telecom : PhoneAccountRegistrar: Modify account: [ComponentInfo{com.android.phone/com.android.services.telephony.TelephonyConnectionService}, 3, UserHandle{0}]: TSI.rPA(cap)@FHQ
04-27 18:43:59.124  1760  4942 I Telecom : MotoCallsManager: handlePhoneAccountChanged: phoneAccount=[[X] PhoneAccount: ComponentInfo{com.android.phone/com.android.services.telephony.TelephonyConnectionService}, 3, UserHandle{0} Capabilities: CallProvider MultiUser PlaceEmerg SimSub  Audio Routes: BESW Schemes: tel voicemail  Extras: Bundle[{android.telecom.extra.SUPPORTS_VIDEO_CALLING_FALLBACK=true, android.telecom.extra.SORT_ORDER=0}] GroupId: ***]: TSI.rPA(cap)@FHQ
04-27 18:43:59.129  1760  4942 I Telecom : PhoneAccountRegistrar: getSimCallManager: SimCallManager for subId 3 queried, returning: null: TSI.rPA(cap)@FHQ
04-27 18:43:59.129  1760  4942 I Telecom : PhoneAccountRegistrar: Notifying telephony of voice service override change for 1 SIMs, hasService = false: TSI.rPA(cap)@FHQ
04-27 18:43:59.182  1760  4942 I Telecom : : registerPhoneAccount: account=[[ ] PhoneAccount: ComponentInfo{com.android.phone/com.android.services.telephony.TelephonyConnectionService}, 2, UserHandle{0} Capabilities: CallProvider MultiUser PlaceEmerg SimSub  Audio Routes: BESW Schemes: tel voicemail  Extras: Bundle[{android.telecom.extra.SUPPORTS_VIDEO_CALLING_FALLBACK=true, android.telecom.extra.SORT_ORDER=1}] GroupId: ***]: TSI.rPA(cap)@FHU
04-27 18:43:59.185  1760  4942 I Telecom : PhoneAccountRegistrar: Modify account: [ComponentInfo{com.android.phone/com.android.services.telephony.TelephonyConnectionService}, 2, UserHandle{0}]: TSI.rPA(cap)@FHU
04-27 18:43:59.189  1760  4942 I Telecom : MotoCallsManager: handlePhoneAccountChanged: phoneAccount=[[X] PhoneAccount: ComponentInfo{com.android.phone/com.android.services.telephony.TelephonyConnectionService}, 2, UserHandle{0} Capabilities: CallProvider MultiUser PlaceEmerg SimSub  Audio Routes: BESW Schemes: tel voicemail  Extras: Bundle[{android.telecom.extra.SUPPORTS_VIDEO_CALLING_FALLBACK=true, android.telecom.extra.SORT_ORDER=1}] GroupId: ***]: TSI.rPA(cap)@FHU
04-27 18:43:59.197  1760  4942 I Telecom : PhoneAccountRegistrar: getSimCallManager: SimCallManager for subId 2 queried, returning: null: TSI.rPA(cap)@FHU
04-27 18:43:59.197  1760  4942 I Telecom : PhoneAccountRegistrar: Notifying telephony of voice service override change for 1 SIMs, hasService = false: TSI.rPA(cap)@FHU
04-27 18:43:59.267  1760  2160 D ActivityManager: unfreezing ProcessRecord{4459a2c 12029:com.google.android.dialer/u0a185}, reason = unfreezeTemporarily, adj = 925, adjType = cch-empty, adjSource = null
04-27 18:43:59.269  1760  2160 D ActivityManager: sync unfroze 12029 com.google.android.dialer for 3
04-27 18:43:59.432  1760  4942 I Telecom : : registerPhoneAccount: account=[[ ] PhoneAccount: ComponentInfo{com.android.phone/com.android.services.telephony.TelephonyConnectionService}, 3, UserHandle{0} Capabilities: CallProvider MultiUser PlaceEmerg SimSub  Audio Routes: BESW Schemes: tel voicemail  Extras: Bundle[{android.telecom.extra.SUPPORTS_VIDEO_CALLING_FALLBACK=true, android.telecom.extra.SORT_ORDER=0}] GroupId: ***]: TSI.rPA(cap)@FH8
04-27 18:43:59.435  1760  4942 I Telecom : PhoneAccountRegistrar: Modify account: [ComponentInfo{com.android.phone/com.android.services.telephony.TelephonyConnectionService}, 3, UserHandle{0}]: TSI.rPA(cap)@FH8
04-27 18:43:59.438  1760  4942 I Telecom : MotoCallsManager: handlePhoneAccountChanged: phoneAccount=[[X] PhoneAccount: ComponentInfo{com.android.phone/com.android.services.telephony.TelephonyConnectionService}, 3, UserHandle{0} Capabilities: CallProvider MultiUser PlaceEmerg SimSub  Audio Routes: BESW Schemes: tel voicemail  Extras: Bundle[{android.telecom.extra.SUPPORTS_VIDEO_CALLING_FALLBACK=true, android.telecom.extra.SORT_ORDER=0}] GroupId: ***]: TSI.rPA(cap)@FH8
04-27 18:43:59.445  1760  4942 I Telecom : PhoneAccountRegistrar: getSimCallManager: SimCallManager for subId 3 queried, returning: null: TSI.rPA(cap)@FH8
04-27 18:43:59.445  1760  4942 I Telecom : PhoneAccountRegistrar: Notifying telephony of voice service override change for 1 SIMs, hasService = false: TSI.rPA(cap)@FH8
04-27 18:43:59.504  1760  3080 I Telecom : : registerPhoneAccount: account=[[ ] PhoneAccount: ComponentInfo{com.android.phone/com.android.services.telephony.TelephonyConnectionService}, 2, UserHandle{0} Capabilities: CallProvider MultiUser PlaceEmerg SimSub  Audio Routes: BESW Schemes: tel voicemail  Extras: Bundle[{android.telecom.extra.SUPPORTS_VIDEO_CALLING_FALLBACK=true, android.telecom.extra.SORT_ORDER=1}] GroupId: ***]: TSI.rPA(cap)@FIA
04-27 18:43:59.506  1760  3080 I Telecom : PhoneAccountRegistrar: Modify account: [ComponentInfo{com.android.phone/com.android.services.telephony.TelephonyConnectionService}, 2, UserHandle{0}]: TSI.rPA(cap)@FIA
04-27 18:43:59.510  1760  3080 I Telecom : MotoCallsManager: handlePhoneAccountChanged: phoneAccount=[[X] PhoneAccount: ComponentInfo{com.android.phone/com.android.services.telephony.TelephonyConnectionService}, 2, UserHandle{0} Capabilities: CallProvider MultiUser PlaceEmerg SimSub  Audio Routes: BESW Schemes: tel voicemail  Extras: Bundle[{android.telecom.extra.SUPPORTS_VIDEO_CALLING_FALLBACK=true, android.telecom.extra.SORT_ORDER=1}] GroupId: ***]: TSI.rPA(cap)@FIA
04-27 18:43:59.516  1760  3080 I Telecom : PhoneAccountRegistrar: getSimCallManager: SimCallManager for subId 2 queried, returning: null: TSI.rPA(cap)@FIA
04-27 18:43:59.517  1760  3080 I Telecom : PhoneAccountRegistrar: Notifying telephony of voice service override change for 1 SIMs, hasService = false: TSI.rPA(cap)@FIA
04-27 18:44:09.088  1760  2696 D ActivityManager: freezing 6260 com.google.android.cellbroadcastreceiver, reason = oom_cached
04-27 18:44:09.319  1760  2638 W ProcessStats: Tracking association SourceState{643d647 com.android.systemui/10263 BFgs #110456} whose proc state 4 is better than process ProcessState{d5bd034 com.motorola.dynamicvolume/10168 pkg=com.motorola.dynamicvolume} proc state 5 (10 skipped)
04-27 18:44:19.320  1760  2696 D ActivityManager: freezing 12029 com.google.android.dialer, reason = oom_cached
04-27 18:44:20.977  1760  2160 W ProcessStats: Tracking association SourceState{529e4d2 com.android.systemui/10263 BFgs #110458} whose proc state 4 is better than process ProcessState{1bb1b5f com.google.android.apps.chromecast.app/10296 pkg=com.google.android.apps.chromecast.app} proc state 5 (2 skipped)
04-27 18:44:20.977  1760  1760 V UiModeManager: updateLocked: null action, mDockState=0, category=null
04-27 18:44:20.978  1760  1760 D UiModeManager: updateConfigurationLocked: mDockState=0; mCarMode=false; mNightMode=2; mNightModeCustomType=-1; uiMode=33
04-27 18:44:20.979  3018  3873 D PowerUI : can't show warning due to - plugged: true status unknown: false
04-27 18:44:42.967  1760  2160 D ActivityManager: unfreezing ProcessRecord{daf057a 9624:com.facebook.appmanager/u0a226}, reason = unfreezeTemporarily, adj = 955, adjType = cch-empty, adjSource = null
04-27 18:44:42.968  1760  2160 D ActivityManager: sync unfroze 9624 com.facebook.appmanager for 3
04-27 18:44:48.826  1760  1760 V UiModeManager: updateLocked: null action, mDockState=0, category=null
04-27 18:44:48.828  1760  1760 D UiModeManager: updateConfigurationLocked: mDockState=0; mCarMode=false; mNightMode=2; mNightModeCustomType=-1; uiMode=33
04-27 18:44:48.828  1760  2160 W ProcessStats: Tracking association SourceState{529e4d2 com.android.systemui/10263 BFgs #110463} whose proc state 4 is better than process ProcessState{1bb1b5f com.google.android.apps.chromecast.app/10296 pkg=com.google.android.apps.chromecast.app} proc state 5 (0 skipped)
04-27 18:44:48.831  3018  3908 D PowerUI : can't show warning due to - plugged: true status unknown: false
04-27 18:44:50.147  1760  2630 D BatteryService: uevent={POWER_SUPPLY_POWER_AVG=33928315, POWER_SUPPLY_VOLTAGE_NOW=4496536, POWER_SUPPLY_POWER_NOW=55661761, POWER_SUPPLY_CHARGE_CONTROL_LIMIT_MAX=10, POWER_SUPPLY_TYPE=Battery, POWER_SUPPLY_HEALTH=Good, POWER_SUPPLY_TECHNOLOGY=Li-ion, POWER_SUPPLY_CHARGE_FULL_DESIGN=4089000, SEQNUM=13242, POWER_SUPPLY_CHARGE_CONTROL_LIMIT=0, POWER_SUPPLY_MODEL_NAME=5497416_LENOVO_DUBAI_4020MAH_AVERAGED_MASTERSLAVE_NOV25TH2021, POWER_SUPPLY_STATUS=Charging, POWER_SUPPLY_CYCLE_COUNT=1608, POWER_SUPPLY_CAPACITY=95, DEVPATH=/devices/platform/soc/soc:qcom,pmic_glink/soc:qcom,pmic_glink:qcom,battery_charger/power_supply/battery, POWER_SUPPLY_CHARGE_TYPE=Standard, POWER_SUPPLY_CURRENT_NOW=488898, POWER_SUPPLY_TIME_TO_FULL_AVG=2136, POWER_SUPPLY_PRESENT=1, POWER_SUPPLY_CHARGE_FULL=3044000, POWER_SUPPLY_TIME_TO_FULL_NOW=2136, SUBSYSTEM=power_supply, POWER_SUPPLY_VOLTAGE_OCV=4356583, POWER_SUPPLY_TEMP=280, ACTION=change, POWER_SUPPLY_NAME=battery, POWER_SUPPLY_VOLTAGE_MAX=4480000, POWER_SUPPLY_CHARGE_COUNTER=2877188, POWER_SUPPLY_TIME_TO_EMPTY_AVG=-1}
04-27 18:44:50.147  1760  2630 D BatteryService: uevent={POWER_SUPPLY_POWER_AVG=33928315, POWER_SUPPLY_VOLTAGE_NOW=4496536, POWER_SUPPLY_POWER_NOW=55661761, POWER_SUPPLY_CHARGE_CONTROL_LIMIT_MAX=10, POWER_SUPPLY_TYPE=Battery, POWER_SUPPLY_HEALTH=Good, POWER_SUPPLY_TECHNOLOGY=Li-ion, POWER_SUPPLY_CHARGE_FULL_DESIGN=4089000, SEQNUM=13242, POWER_SUPPLY_CHARGE_CONTROL_LIMIT=0, POWER_SUPPLY_MODEL_NAME=5497416_LENOVO_DUBAI_4020MAH_AVERAGED_MASTERSLAVE_NOV25TH2021, POWER_SUPPLY_STATUS=Charging, POWER_SUPPLY_CYCLE_COUNT=1608, POWER_SUPPLY_CAPACITY=95, DEVPATH=/devices/platform/soc/soc:qcom,pmic_glink/soc:qcom,pmic_glink:qcom,battery_charger/power_supply/battery, POWER_SUPPLY_CHARGE_TYPE=Standard, POWER_SUPPLY_CURRENT_NOW=488898, POWER_SUPPLY_TIME_TO_FULL_AVG=2136, POWER_SUPPLY_PRESENT=1, POWER_SUPPLY_CHARGE_FULL=3044000, POWER_SUPPLY_TIME_TO_FULL_NOW=2136, SUBSYSTEM=power_supply, POWER_SUPPLY_VOLTAGE_OCV=4356583, POWER_SUPPLY_TEMP=280, ACTION=change, POWER_SUPPLY_NAME=battery, POWER_SUPPLY_VOLTAGE_MAX=4480000, POWER_SUPPLY_CHARGE_COUNTER=2877188, POWER_SUPPLY_TIME_TO_EMPTY_AVG=-1}
04-27 18:44:50.152  1760  1760 V UiModeManager: updateLocked: null action, mDockState=0, category=null
04-27 18:44:50.152  1760  1760 D UiModeManager: updateConfigurationLocked: mDockState=0; mCarMode=false; mNightMode=2; mNightModeCustomType=-1; uiMode=33
04-27 18:44:50.156  3018  3540 D PowerUI : can't show warning due to - plugged: true status unknown: false
04-27 18:44:50.164  1760  2160 D ActivityManager: unfreezing ProcessRecord{6c145a9 6811:com.android.settings/1000}, reason = unfreezeTemporarily, adj = 925, adjType = cch-empty, adjSource = null
04-27 18:44:50.164  1760  1760 V UiModeManager: updateLocked: null action, mDockState=0, category=null
04-27 18:44:50.165  1760  1760 D UiModeManager: updateConfigurationLocked: mDockState=0; mCarMode=false; mNightMode=2; mNightModeCustomType=-1; uiMode=33
04-27 18:44:50.165  1760  2160 D ActivityManager: sync unfroze 6811 com.android.settings for 3
04-27 18:44:50.167  3018  3894 D PowerUI : can't show warning due to - plugged: true status unknown: false
04-27 18:44:50.167  1760  2160 D ActivityManager: unfreezing ProcessRecord{5321843 7527:com.google.android.apps.turbo/u0a180}, reason = unfreezeTemporarily, adj = 925, adjType = cch-empty, adjSource = null
04-27 18:44:50.168  1760  2160 D ActivityManager: sync unfroze 7527 com.google.android.apps.turbo for 3
04-27 18:44:52.970  1760  2696 D ActivityManager: freezing 9624 com.facebook.appmanager, reason = unfreezeTemporarily
04-27 18:45:00.192  1760  2696 D ActivityManager: freezing 7527 com.google.android.apps.turbo, reason = oom_cached
04-27 18:45:00.194  1760  2696 D ActivityManager: freezing 6811 com.android.settings, reason = oom_cached
04-27 18:45:22.204  1760  2232 W BatteryExternalStatsWorker: error reading Bluetooth stats: 9
04-27 18:45:22.275  1760  2232 D KernelCpuUidUserSysTimeReader: Removing uids 99060-99060
04-27 18:45:29.126  1760  5398 W ProcessStats: Tracking association SourceState{529e4d2 com.android.systemui/10263 BFgs #110471} whose proc state 4 is better than process ProcessState{1bb1b5f com.google.android.apps.chromecast.app/10296 pkg=com.google.android.apps.chromecast.app} proc state 5 (1 skipped)
04-27 18:45:42.327  1760  2638 I JobServiceContext: Letting 41b78fc {androidx.work.systemjobscheduler} #u0a303/403045 @androidx.work.systemjobscheduler@com.whatsapp/androidx.work.impl.background.systemjob.SystemJobService continue to run past min execution time
04-27 18:45:44.144  1760  5402 W ProcessStats: Tracking association SourceState{529e4d2 com.android.systemui/10263 BFgs #110472} whose proc state 4 is better than process ProcessState{1bb1b5f com.google.android.apps.chromecast.app/10296 pkg=com.google.android.apps.chromecast.app} proc state 5 (0 skipped)
04-27 18:45:48.824  1760  1760 V UiModeManager: updateLocked: null action, mDockState=0, category=null
04-27 18:45:48.824  1760  1760 D UiModeManager: updateConfigurationLocked: mDockState=0; mCarMode=false; mNightMode=2; mNightModeCustomType=-1; uiMode=33
04-27 18:45:48.826  3018  3905 D PowerUI : can't show warning due to - plugged: true status unknown: false
04-27 18:46:22.086  1760  1760 D WakeGestureListener: Zero tap up udfps triggered.
04-27 18:46:22.086  1760  1760 D WakeGestureListener: Zero tap up udfps triggered.
04-27 18:46:22.087  1760  2143 D WindowManager: onTapUpGesture.
04-27 18:46:22.087  1760  2143 D WindowManager: handleTapOverUdfpsBoostTimeout authState=STATE_STARTED_PAUSED
04-27 18:46:22.087  1760  2143 D WindowManager: onTapUpGesture.
04-27 18:46:22.088  1760  2143 D WindowManager: handleTapOverUdfpsBoostTimeout authState=STATE_STARTED_PAUSED
04-27 18:46:22.106  1760  4942 I DreamManagerService: startDozing by com.android.systemui callingUid=10263 callingPid=3018
04-27 18:46:22.106  1760  4942 D DreamManagerService: Dream requested to start dozing: android.os.Binder@5010a58, screenState=2, screenBrightness=-1
04-27 18:46:22.110  1760  2246 I DisplayPowerController2[0]: Blocking screen on until initial contents have been drawn.
04-27 18:46:22.110  1760  2246 I WindowManager: Display 0 turning on...
04-27 18:46:22.111  1760  2246 D WindowManager: isKeyguardAuthState = YES.
04-27 18:46:22.111  1760  2246 I DisplayBrightnessStrategySelector: Changing the DisplayBrightnessStrategy from ScreenOffBrightnessStrategy toInvalidBrightnessStrategy for display 0
04-27 18:46:22.112  1760  4942 D PowerManagerService: nativeSetAutoSuspend enable:false duration ms: 6
04-27 18:46:22.113  1760  2246 V DisplayPowerController2[0]: Brightness [0.19798127] reason changing to: 'manual', previous reason: 'screen_off'.
04-27 18:46:22.113  1760  2246 I DisplayPowerController2[0]: 2026-04-27 21:46:22 - BrightnessEvent: disp=0, physDisp=local:4630947043778501762, brt=0.19798127, initBrt=0.0, rcmdBrt=NaN, preBrt=NaN, lux=0.0, preLux=0.0, brtNits=102.27551, hdrNits=NaN, initNits=3.6666667, preNits=NaN, rcmdNits=NaN, hdrBrightness=NaN, brt(%)=20%, brtInt=51, hbmMax=0.9999, hbmMode=off, rbcStrength=50, thrmMax=1.0, powerFactor=1.0, wasShortTermModelActive=false, flags=, reason=manual, autoBrightness=false, strategy=InvalidBrightnessStrategy
04-27 18:46:22.118  1760  4942 D PowerManagerService: nativeAcquireSuspendBlocker name:PowerManagerService.Display duration ms: 6
04-27 18:46:22.119  1760  2920 D PowerManagerService: nativeSetPowerMode ret:false mode:9 enabled:false duration ms: 0
04-27 18:46:22.120  1760  2920 D LocalDisplayAdapter: setDisplayPowerMode mode=2 for display=android.os.BinderProxy@4c5c3c
04-27 18:46:22.120  1760  2145 I DisplayDeviceRepository: Display device changed state: "Tela integrada", ON
04-27 18:46:22.122  1760  1760 I BrightnessSynchronizer: New Update: {[784] 0.19798127(f), mUpdatedTypes=0, mConfirmedTypes=0, mTimeUpdated=0, mState=2}
04-27 18:46:22.127  1760  2146 I DisplayDevice: [0] Layerstack set to 0 for local:4630947043778501762
04-27 18:46:22.129  1760  2142 D TouchHwService: updateDefaultDisplayState: mScreenOn=true
04-27 18:46:22.131  1760  1760 D PanelsService: updateDefaultDisplayState: mScreenState=ON
04-27 18:46:22.142  1760  3080 D WindowManager: mKeyguardDelegate.ShowListener.onDrawn.
04-27 18:46:22.142  1760  2143 W WindowManager: Setting mKeyguardDrawComplete
04-27 18:46:22.199  1760  2143 W WindowManager: All windows drawn on display -1
04-27 18:46:22.200  1760  2143 D WindowManager: finishScreenTurningOn..
04-27 18:46:22.200  1760  2143 D WindowManager: enableScreen mKeyguardDrawnOnce=true awake=false mBootMessageNeedsHiding=false
04-27 18:46:22.200  1760  2246 I DisplayPowerController2[0]: Unblocked screen on after 91 ms
04-27 18:46:22.298  1760  1760 W Looper  : Slow dispatch took 166ms main h=com.motorola.server.display.PanelsService$PanelHandler c=null m=1
04-27 18:46:22.298  1760  1760 D WakeGestureListener: Zero tap up udfps triggered.
04-27 18:46:22.298  1760  2143 D WindowManager: onTapUpGesture.
04-27 18:46:22.298  1760  2143 D WindowManager: handleTapOverUdfpsBoostTimeout authState=STATE_STARTED_PAUSED
04-27 18:46:22.298  1760  1760 D WakeGestureListener: Zero tap up udfps triggered.
04-27 18:46:22.299  1760  2143 D WindowManager: onTapUpGesture.
04-27 18:46:22.299  1760  2143 D WindowManager: handleTapOverUdfpsBoostTimeout authState=STATE_STARTED_PAUSED
04-27 18:46:22.299  1760  1760 I BrightnessSynchronizer: New Update: {[785] 0.19798127(f), mUpdatedTypes=0, mConfirmedTypes=0, mTimeUpdated=0, mState=2}
04-27 18:46:22.303  1760  2145 I DisplayDeviceRepository: Display device changed state: "Tela integrada", ON
04-27 18:46:22.305  1760  2246 I WindowManager: Display 0 turned on...
04-27 18:46:22.680  3018  3018 V PowerManager: userActivity when=28499822 event=0 flags=0 displayId=0 by (com.android.systemui) callers=android.os.PowerManager.userActivity:1464 com.android.systemui.keyguard.KeyguardViewMediator.userActivity:20 com.android.systemui.statusbar.phone.CentralSurfacesImpl.userActivity:12 
04-27 18:46:22.694  1760  4917 D Biometrics/FingerprintAuthClient: onPointerPreDown
04-27 18:46:22.694  1760  4917 D BiometricStateCallback: onClientStateChanged client={[98] com.android.server.biometrics.sensors.fingerprint.hidl.FingerprintAuthenticationClient, proto=3, owner=com.android.systemui, cookie=0, requestId=44, userId=0} newState=10
04-27 18:46:22.694  1760  4917 D BiometricScheduler/Fingerprint21: [StateChanged] {[98] com.android.server.biometrics.sensors.fingerprint.hidl.FingerprintAuthenticationClient, proto=3, owner=com.android.systemui, cookie=0, requestId=44, userId=0}, state: 10
04-27 18:46:22.695  1760  4917 D BiometricUtils: notifyPerfHint durationMs=2000
